[STAMP] EXEC FILE = C:\Users\nohab\Desktop\AI GP\AI-GrandPrix-\tools\schedule_flier.py
[STAMP] schedule_flier.py sha=46315e331e mtime=2026-08-03T00:48:16 git=e5dfbfc
[STAMP] mode=coast-tube cruise=8.0 level_thrust=0.275 sink_slope=17.6 banks=[0..5] pulse_s=0.5 thrust_bias=0.0 flip=False
[STAMP]   seg0 SPAWN->START thr=0.275 bank=+5.0 slope=-1.3
[STAMP]   seg1 START->g1 thr=0.178 bank=+10.8 slope=+12.1
[STAMP]   seg2 g1->g2 thr=0.135 bank=-13.0 slope=+17.1
[STAMP]   seg3 g2->g3 thr=0.143 bank=+12.4 slope=+16.2
[STAMP]   seg4 g3->g4 thr=0.260 bank=-21.0 slope=+1.9
[STAMP]   seg5 g4->FINIS thr=0.263 bank=+18.4 slope=+1.5
[sched] tune overrides: {'cruise_pitch_deg': -24.0, 'ol_kp_att': 3.0}
[tube] *** --gate-vert-coast-bias -0.030 FORCED to 0.000: the altitude ladder owns the between-gate descent and a leg-independent bias on top of it double-counts. ***
[tube] cruise 8.0 m/s bias +0.000 | PITCH=PURE COAST (hold removed), THRUST=CONST 0.275 (sink-map schedule OVERRIDDEN) | LEVEL-LOCK off (--gate-vert-level-band 0) | ALTITUDE LADDER per-leg [-0.005, 0.039, 0.024, 0.033, 0.004, 0.003] anchor 0.035 @ leg2 (+17.1deg) scale 1.00 overrides {0: -0.005, 1: 0.039, 2: 0.024} (leg index = ACTIVE_GATE) | slew up 0.60/s down 0.60/s + GATE-VERT trim PER-LEG by active_gate ag0[-0.045,+0.060] ag1[-0.015,+0.100] ag2[-0.015,+0.100] ag3[-0.015,+0.100] ag4[-0.015,+0.100] ag5[-0.015,+0.100] (last entry fills any higher ag) kv=0.16 kdv=0.1 size>=0.05 dead-decay=1.5s -> bias +0.000 (= HOLD the leg baseline) + VERT COMMIT sz_f>=0.18 on ag<=0 ONLY: freeze the PD, ease the held trim to the leg baseline over tau=0.20s (reversible, not a latch). ag>0 keeps the LIVE PD so the arrest can fire (flt40 plunged at gate 2 with the commit applied everywhere), LATERAL=GATE-CENTRING(closed) k=1.0 clamp 11deg size>=0.10 -- the ONLY steering law (no rail lateral flag passed). RAIL DETECTOR ON EVERY leg (--log-tube), HALF res ~3.4 ms/frame (reuses the gate detector array; agrees with full res to 0.0002 in offset) + CLOSE-RANGE COMMIT, ag>=2 ONLY: sz_f>=0.16 slews des_roll -> 0 over tau=0.20s (reversible, not a latch). ag<2 UNTOUCHED: commit_k forced to exactly 1.0 = bit-for-bit the --gate-commit-size 0 law (flt9's; NOT flt11's, which ran the commit unscoped on ag 0-1), NO backbone flip=False | POST-GATE HOLD: hold gate-1 exit cmd for 1.5s, decay tau 0.5s, resume at size>=0.20, live-corr 30%. | LEG1 BANK +5.0deg LEFT (on ag==1, summed with centring then clamped) | LEG2 (ag==2) PRE-TURN -4.5deg RIGHT, vision clamp 9deg (TIGHTER than the global 11 -- feed-forward leads) | GATE FILTER tau=0.20s hold=0.40s fade=0.50s (shared by BOTH loops) | TUBE FILTER shares those constants (log-only) | kp_att=3.0 kd_att=0.05
[tube]   seg0 SPAWN->START slope  -1.3 d+0.0050 OVERRIDE thr 0.280       | bank    -- (backbone off)
[tube]   seg1 START->g1    slope +12.1 d-0.0390 OVERRIDE thr 0.236       | bank    -- (backbone off)
[tube]   seg2    g1->g2    slope +17.1 d-0.0240 OVERRIDE thr 0.251       | bank    -- (backbone off)
[tube]   seg3    g2->g3    slope +16.2 d-0.0332 thr 0.242       | bank    -- (backbone off)
[tube]   seg4    g3->g4    slope  +1.9 d-0.0039 thr 0.271       | bank    -- (backbone off)
[tube]   seg5    g4->FINIS slope  +1.5 d-0.0031 thr 0.272       | bank    -- (backbone off)
[sched] waiting for heartbeat ...
[sched] heartbeat sys 1
[sched] ARM sent; waiting for GO ...
[sched] GO.
[tube] per-tick log -> C:\Users\nohab\Desktop\AI GP\AI-GrandPrix-\filt_auto_508.csv
[tube] seg0 ag=0 thr=0.281 LADDER leg0 --0.0050 VERT trim=+0.0011 | [steer ] RAIL[lock-REJ] found=1 rms=3.72px rows=63 sep=0.386 u=+0.022 vconv=-0.349 | GATE u=+0.018 v=-0.007 sz=0.079 -> +0.0deg x1.00 | uLat=+0.000 desR=+0.0(ff+0.0+0.0) estR=+0.0 estP=-17.8 |a|=1.00g dimu=228 loop=0Hz det=0Hz
[tube] seg0 ag=0 thr=0.277 LADDER leg0 --0.0050 VERT trim=-0.0035 | [steer ] RAIL[lock] found=1 rms=0.44px rows=84 sep=0.462 u=+0.009 vconv=-0.359 | GATE u=+0.022 v=+0.005 sz=0.076 -> +0.0deg x1.00 | uLat=+0.000 desR=+0.0(ff+0.0+0.0) estR=+0.0 estP=-12.2 |a|=1.06g dimu=257 loop=0Hz det=0Hz
[tube] seg0 ag=0 thr=0.279 LADDER leg0 --0.0050 VERT trim=-0.0006 | [steer ] RAIL[lock] found=1 rms=0.33px rows=50 sep=0.577 u=+0.005 vconv=-0.353 | GATE u=+0.022 v=-0.001 sz=0.078 -> +0.0deg x1.00 | uLat=+0.000 desR=+0.0(ff+0.0+0.0) estR=+0.0 estP=-6.9 |a|=1.03g dimu=287 loop=0Hz det=0Hz
[tube] seg0 ag=0 thr=0.282 LADDER leg0 --0.0050 VERT trim=+0.0020 | [steer ] RAIL[NO-LOCK] found=0 rms=0.00px rows=9 sep=0.000 u=+0.003 vconv=+0.000 | GATE u=+0.022 v=-0.007 sz=0.081 -> +0.0deg x1.00 | uLat=+0.000 desR=+0.0(ff+0.0+0.0) estR=+0.0 estP=-4.4 |a|=1.07g dimu=316 loop=0Hz det=0Hz
[tube] seg0 ag=0 thr=0.284 LADDER leg0 --0.0050 VERT trim=+0.0039 | [steer ] RAIL[NO-LOCK] found=0 rms=0.00px rows=7 sep=0.000 u=+0.003 vconv=+0.000 | GATE u=+0.016 v=-0.015 sz=0.085 -> +0.0deg x1.00 | uLat=+0.000 desR=+0.0(ff+0.0+0.0) estR=+0.0 estP=-3.4 |a|=1.08g dimu=346 loop=66Hz det=65Hz
[tube] seg0 ag=0 thr=0.282 LADDER leg0 --0.0050 VERT trim=+0.0017 | [steer ] RAIL[NO-LOCK] found=0 rms=0.00px rows=10 sep=0.000 u=+0.002 vconv=+0.000 | GATE u=+0.019 v=+0.003 sz=0.086 -> +0.0deg x1.00 | uLat=+0.000 desR=+0.0(ff+0.0+0.0) estR=+0.0 estP=-3.2 |a|=1.05g dimu=376 loop=66Hz det=65Hz
[tube] seg0 ag=0 thr=0.280 LADDER leg0 --0.0050 VERT trim=-0.0003 | [steer ] RAIL[NO-LOCK] found=0 rms=0.00px rows=10 sep=0.000 u=+0.001 vconv=+0.000 | GATE u=+0.020 v=-0.014 sz=0.092 -> +0.0deg x1.00 | uLat=+0.000 desR=+0.0(ff+0.0+0.0) estR=+0.0 estP=-3.7 |a|=1.04g dimu=406 loop=66Hz det=65Hz
[tube] seg0 ag=0 thr=0.285 LADDER leg0 --0.0050 VERT trim=+0.0046 | [steer ] RAIL[NO-LOCK] found=0 rms=12.19px rows=18 sep=1.093 u=+0.001 vconv=-0.400 | GATE u=+0.018 v=-0.019 sz=0.104 -> +0.0deg x1.00 | uLat=+0.000 desR=+0.0(ff+0.0+0.0) estR=+0.0 estP=-4.6 |a|=1.08g dimu=437 loop=66Hz det=65Hz
[tube] seg0 ag=0 thr=0.282 LADDER leg0 --0.0050 VERT trim=+0.0021 | [steer ] RAIL[NO-LOCK] found=0 rms=0.00px rows=10 sep=0.000 u=+0.000 vconv=+0.000 | GATE u=+0.019 v=-0.010 sz=0.110 -> -1.2deg x1.00 | uLat=-0.021 desR=-1.2(ff+0.0-1.2) estR=-0.3 estP=-5.6 |a|=1.06g dimu=467 loop=73Hz det=73Hz
[tube] seg0 ag=0 thr=0.271 LADDER leg0 --0.0050 VERT trim=-0.0095 | [steer ] RAIL[NO-LOCK] found=0 rms=3.35px rows=23 sep=-0.119 u=+0.020 vconv=+0.129 | GATE u=+0.016 v=+0.053 sz=0.099 -> -1.1deg x1.00 | uLat=-0.019 desR=-1.1(ff+0.0-1.1) estR=-0.5 estP=-6.7 |a|=0.99g dimu=497 loop=73Hz det=73Hz
[tube] seg0 ag=0 thr=0.258 LADDER leg0 --0.0050 VERT trim=-0.0216 | [steer ] RAIL[NO-LOCK] found=0 rms=0.00px rows=9 sep=0.000 u=-0.038 vconv=+0.000 | GATE u=+0.022 v=+0.081 sz=0.140 -> -1.1deg x1.00 | uLat=-0.018 desR=-1.1(ff+0.0-1.1) estR=-0.6 estP=-8.3 |a|=0.90g dimu=527 loop=73Hz det=73Hz
[tube] seg0 ag=0 thr=0.266 LADDER leg0 --0.0050 VERT trim=-0.0143 | [steer ] RAIL[NO-LOCK] found=0 rms=0.00px rows=1 sep=0.000 u=-0.035 vconv=+0.000 | GATE u=+0.021 v=+0.056 sz=0.166 -> -1.2deg x1.00 | uLat=-0.020 desR=-1.2(ff+0.0-1.2) estR=-0.6 estP=-9.6 |a|=0.97g dimu=556 loop=73Hz det=73Hz
[tube] seg0 ag=0 thr=0.272 LADDER leg0 --0.0050 VERT trim=-0.0083 | [steer ] RAIL[NO-LOCK] found=0 rms=0.00px rows=0 sep=0.000 u=-0.021 vconv=+0.000 | GATE u=+0.019 v=+0.051 sz=0.190 -> -1.1deg x1.00 | uLat=-0.020 desR=-1.1(ff+0.0-1.1) estR=-0.6 estP=-10.6 |a|=1.02g dimu=586 loop=65Hz det=65Hz
[tube] seg0 ag=0 thr=0.277 LADDER leg0 --0.0050 [VCOMMIT] VERT trim=-0.0026 | [steer ] RAIL[NO-LOCK] found=0 rms=0.00px rows=0 sep=0.000 u=-0.012 vconv=+0.000 | GATE u=+0.013 v=+0.030 sz=0.218 -> -1.0deg x1.00 | uLat=-0.017 desR=-1.0(ff+0.0-1.0) estR=-0.5 estP=-11.4 |a|=1.05g dimu=617 loop=65Hz det=65Hz
[tube] seg0 ag=0 thr=0.279 LADDER leg0 --0.0050 [VCOMMIT] VERT trim=-0.0007 | [steer ] RAIL[NO-LOCK] found=0 rms=0.00px rows=5 sep=0.000 u=+0.031 vconv=+0.000 | GATE u=+0.004 v=+0.021 sz=0.265 -> -0.6deg x1.00 | uLat=-0.011 desR=-0.6(ff+0.0-0.6) estR=-0.4 estP=-12.1 |a|=1.07g dimu=647 loop=65Hz det=65Hz
[tube] seg0 ag=0 thr=0.280 LADDER leg0 --0.0050 [VCOMMIT] VERT trim=-0.0002 | [steer ] RAIL[NO-LOCK] found=0 rms=0.00px rows=1 sep=0.000 u=+0.031 vconv=+0.000 | GATE u=-0.016 v=+0.017 sz=0.347 -> +0.1deg x1.00 | uLat=+0.001 desR=+0.1(ff+0.0+0.1) estR=-0.2 estP=-12.7 |a|=1.06g dimu=678 loop=65Hz det=65Hz
[tube] >>> seg -> 1 (TIME fallback) t=4.1s
[tube] seg1/bank0 ag=0 thr=0.280 LADDER leg0 --0.0050 [VCOMMIT] VERT trim=-0.0001 | [steer ] RAIL[NO-LOCK] found=0 rms=0.00px rows=6 sep=0.000 u=+0.019 vconv=+0.000 | GATE u=-0.052 v=+0.047 sz=0.503 -> +1.5deg x1.00 | uLat=+0.026 desR=+1.5(ff+0.0+1.5) estR=+0.2 estP=-13.3 |a|=1.06g dimu=708 loop=45Hz det=45Hz
[tube] seg1/bank0 ag=0 thr=0.280 LADDER leg0 --0.0050 [VCOMMIT] VERT trim=-0.0000 | [steer ] RAIL[NO-LOCK] found=0 rms=4.02px rows=19 sep=0.203 u=+0.011 vconv=+0.372 | GATE -- | uLat=+0.042 desR=+2.4(ff+0.0+2.4) estR=+0.9 estP=-13.9 |a|=1.06g dimu=737 loop=45Hz det=45Hz
[tube] seg1/bank0 ag=0 thr=0.280 LADDER leg0 --0.0050 [VCOMMIT] VERT trim=-0.0000 | [steer ] RAIL[NO-LOCK] found=0 rms=0.00px rows=15 sep=0.000 u=-0.130 vconv=+0.000 | GATE u=+0.047 v=+0.493 sz=0.099 -> -6.8deg x1.00 | uLat=-0.119 desR=-6.8(ff+0.0-6.8) estR=+1.1 estP=-14.3 |a|=1.05g dimu=765 loop=45Hz det=45Hz
[tube] seg1 ag=1 thr=0.221 LADDER leg1 -0.0390 VERT trim=-0.0150 | [steer ] RAIL[NO-LOCK] found=0 rms=0.00px rows=4 sep=0.000 u=-0.130 vconv=+0.000 | GATE u=+0.044 v=+0.533 sz=0.104 -> -0.3deg x1.00 | uLat=-0.066 desR=+4.7(ff+5.0-0.3) estR=+1.0 estP=-14.7 |a|=0.60g dimu=794 loop=45Hz det=45Hz
[tube] seg1 ag=1 thr=0.221 LADDER leg1 -0.0390 VERT trim=-0.0150 | [steer ] RAIL[NO-LOCK] found=0 rms=0.00px rows=1 sep=0.000 u=-0.097 vconv=+0.000 | GATE u=+0.045 v=+0.587 sz=0.116 -> -0.5deg x1.00 | uLat=-0.051 desR=+4.5(ff+5.0-0.5) estR=+2.9 estP=-14.8 |a|=0.79g dimu=824 loop=58Hz det=58Hz
[tube] seg1 ag=1 thr=0.221 LADDER leg1 -0.0390 VERT trim=-0.0150 | [steer ] RAIL[NO-LOCK] found=0 rms=0.00px rows=1 sep=0.000 u=-0.058 vconv=+0.000 | GATE u=+0.041 v=+0.642 sz=0.131 -> -0.6deg x1.00 | uLat=-0.045 desR=+4.4(ff+5.0-0.6) estR=+3.7 estP=-14.9 |a|=0.82g dimu=854 loop=58Hz det=58Hz
[tube] seg1 ag=1 thr=0.221 LADDER leg1 -0.0390 VERT trim=-0.0150 | [steer ] RAIL[NO-LOCK] found=0 rms=0.00px rows=1 sep=0.000 u=-0.035 vconv=+0.000 | GATE u=+0.034 v=+0.678 sz=0.145 -> -0.6deg x1.00 | uLat=-0.039 desR=+4.4(ff+5.0-0.6) estR=+4.0 estP=-15.0 |a|=0.82g dimu=883 loop=58Hz det=58Hz
[tube] seg1 ag=1 thr=0.221 LADDER leg1 -0.0390 VERT trim=-0.0150 | [steer ] RAIL[NO-LOCK] found=0 rms=0.00px rows=6 sep=0.000 u=-0.021 vconv=+0.000 | GATE u=+0.033 v=+0.714 sz=0.153 -> -0.5deg x1.00 | uLat=-0.035 desR=+4.5(ff+5.0-0.5) estR=+4.1 estP=-15.3 |a|=0.83g dimu=914 loop=58Hz det=58Hz
[tube] seg1 ag=1 thr=0.221 LADDER leg1 -0.0390 VERT trim=-0.0150 | [steer ] RAIL[NO-LOCK] found=0 rms=0.00px rows=2 sep=0.000 u=-0.012 vconv=+0.000 | GATE u=+0.026 v=+0.769 sz=0.183 -> -0.5deg x1.00 | uLat=-0.031 desR=+4.5(ff+5.0-0.5) estR=+3.8 estP=-15.9 |a|=0.83g dimu=944 loop=71Hz det=71Hz
[tube] seg1 ag=1 thr=0.221 LADDER leg1 -0.0390 VERT trim=-0.0150 | [steer ] RAIL[NO-LOCK] found=0 rms=0.00px rows=0 sep=0.000 u=-0.007 vconv=+0.000 | GATE u=+0.021 v=+0.751 sz=0.193 -> -1.4deg x1.00 | uLat=-0.025 desR=+3.6(ff+5.0-1.4) estR=+3.2 estP=-16.4 |a|=0.87g dimu=974 loop=71Hz det=71Hz
[tube] seg1 ag=1 thr=0.221 LADDER leg1 -0.0390 VERT trim=-0.0150 | [steer ] RAIL[NO-LOCK] found=0 rms=0.00px rows=0 sep=0.000 u=-0.004 vconv=+0.000 | GATE u=+0.022 v=+0.715 sz=0.207 -> -1.3deg x1.00 | uLat=-0.023 desR=+3.7(ff+5.0-1.3) estR=+2.4 estP=-17.7 |a|=0.87g dimu=1005 loop=71Hz det=71Hz
[tube] seg1 ag=1 thr=0.221 LADDER leg1 -0.0390 VERT trim=-0.0150 | [steer ] RAIL[NO-LOCK] found=0 rms=0.00px rows=4 sep=0.000 u=-0.003 vconv=+0.000 | GATE u=+0.019 v=+0.665 sz=0.258 -> -1.2deg x1.00 | uLat=-0.020 desR=+3.8(ff+5.0-1.2) estR=+2.1 estP=-18.6 |a|=0.88g dimu=1035 loop=71Hz det=71Hz
[tube] seg1 ag=1 thr=0.221 LADDER leg1 -0.0390 VERT trim=-0.0150 | [steer ] RAIL[lock-REJ] found=1 rms=3.54px rows=25 sep=0.060 u=-0.013 vconv=+0.410 | GATE u=+0.028 v=+0.555 sz=0.358 -> -1.3deg x1.00 | uLat=-0.022 desR=+3.7(ff+5.0-1.3) estR=+2.1 estP=-19.2 |a|=0.89g dimu=1067 loop=59Hz det=59Hz
[tube] seg1 ag=1 thr=0.221 LADDER leg1 -0.0390 VERT trim=-0.0150 | [steer ] RAIL[NO-LOCK] found=0 rms=6.40px rows=25 sep=0.059 u=-0.032 vconv=+0.177 | GATE u=+0.089 v=+0.275 sz=0.582 -> -3.1deg x1.00 | uLat=-0.053 desR=+0.5(ff+5.0-3.1) estR=+1.6 estP=-19.4 |a|=0.90g dimu=1104 loop=59Hz det=59Hz
[tube] seg1 ag=1 thr=0.229 LADDER leg1 -0.0390 VERT trim=-0.0080 | [steer ] RAIL[NO-LOCK] found=0 rms=0.00px rows=7 sep=0.000 u=-0.001 vconv=+0.000 | GATE u=-0.120 v=+0.567 sz=0.068 -> +9.4deg x1.00 | uLat=+0.164 desR=+0.3(ff+5.0+9.4) estR=+0.3 estP=-19.4 |a|=0.95g dimu=1132 loop=59Hz det=59Hz
[tube] >>> seg -> 2 (active_gate) t=8.0s
[tube] seg2 ag=2 thr=0.270 LADDER leg2 -0.0240 VERT trim=-0.0150 | [steer ] RAIL[NO-LOCK] found=0 rms=0.37px rows=65 sep=-0.022 u=-0.001 vconv=+0.713 | GATE u=-0.119 v=+0.530 sz=0.074 -> -0.5deg x1.00 | uLat=+0.132 desR=-5.0(ff-4.5-0.5) estR=-0.5 estP=-19.4 |a|=1.01g dimu=1162 loop=59Hz det=59Hz
[tube] seg2 ag=2 thr=0.332 LADDER leg2 -0.0240 VERT trim=-0.0150 | [steer ] RAIL[NO-LOCK] found=0 rms=1.67px rows=63 sep=0.046 u=-0.001 vconv=-0.400 | GATE u=-0.122 v=+0.520 sz=0.066 -> -0.3deg x1.00 | uLat=+0.124 desR=-4.8(ff-4.5-0.3) estR=-2.8 estP=-19.0 |a|=1.48g dimu=1192 loop=39Hz det=39Hz
[tube] seg2 ag=2 thr=0.312 LADDER leg2 -0.0240 VERT trim=-0.0150 | [steer ] RAIL[NO-LOCK] found=0 rms=0.00px rows=9 sep=0.000 u=-0.000 vconv=+0.000 | GATE u=-0.112 v=+0.467 sz=0.080 -> -0.2deg x1.00 | uLat=+0.115 desR=-4.7(ff-4.5-0.2) estR=-3.9 estP=-19.0 |a|=1.33g dimu=1222 loop=39Hz det=39Hz
[tube] seg2 ag=2 thr=0.292 LADDER leg2 -0.0240 VERT trim=-0.0150 | [steer ] RAIL[NO-LOCK] found=0 rms=0.00px rows=13 sep=0.000 u=-0.000 vconv=+0.000 | GATE u=-0.108 v=+0.461 sz=0.089 -> -0.1deg x1.00 | uLat=+0.106 desR=-4.6(ff-4.5-0.1) estR=-4.0 estP=-18.7 |a|=1.17g dimu=1252 loop=39Hz det=39Hz
[tube] seg2 ag=2 thr=0.273 LADDER leg2 -0.0240 VERT trim=-0.0150 | [steer ] RAIL[NO-LOCK] found=0 rms=1.23px rows=31 sep=-0.078 u=-0.000 vconv=+0.666 | GATE u=-0.092 v=+0.470 sz=0.109 -> -0.1deg x1.00 | uLat=+0.099 desR=-4.6(ff-4.5-0.1) estR=-3.1 estP=-17.7 |a|=1.07g dimu=1282 loop=39Hz det=39Hz
[tube] seg2 ag=2 thr=0.254 LADDER leg2 -0.0240 VERT trim=-0.0150 | [steer ] RAIL[lock-REJ] found=1 rms=3.62px rows=92 sep=0.112 u=+0.003 vconv=-0.400 | GATE u=-0.037 v=+0.536 sz=0.065 -> -0.0deg x1.00 | uLat=+0.082 desR=-4.5(ff-4.5-0.0) estR=-2.8 estP=-17.6 |a|=0.97g dimu=1311 loop=69Hz det=69Hz
[tube] seg2 ag=2 thr=0.236 LADDER leg2 -0.0240 VERT trim=-0.0150 | [steer ] RAIL[NO-LOCK] found=0 rms=0.00px rows=11 sep=0.000 u=+0.009 vconv=+0.000 | GATE u=-0.092 v=+0.506 sz=0.142 -> +0.0deg x1.00 | uLat=+0.094 desR=-4.5(ff-4.5+0.0) estR=-2.8 estP=-18.3 |a|=0.87g dimu=1340 loop=69Hz det=69Hz
[tube] seg2 ag=2 thr=0.236 LADDER leg2 -0.0240 VERT trim=-0.0150 | [steer ] RAIL[NO-LOCK] found=0 rms=0.00px rows=8 sep=0.000 u=+0.008 vconv=+0.000 | GATE u=-0.082 v=+0.500 sz=0.154 -> +0.0deg x1.00 | uLat=+0.088 desR=-4.5(ff-4.5+0.0) estR=-2.7 estP=-18.9 |a|=0.91g dimu=1370 loop=69Hz det=69Hz
[tube] seg2 ag=2 thr=0.236 LADDER leg2 -0.0240 VERT trim=-0.0150 | [steer ] RAIL[NO-LOCK] found=0 rms=0.00px rows=4 sep=0.000 u=+0.005 vconv=+0.000 | GATE u=-0.063 v=+0.517 sz=0.189 -> +0.0deg x1.00 | uLat=+0.079 desR=-4.5(ff-4.5+0.0) estR=-2.6 estP=-19.1 |a|=0.91g dimu=1399 loop=69Hz det=69Hz
[tube] seg2 ag=2 thr=0.236 LADDER leg2 -0.0240 VERT trim=-0.0150 | [COMMIT] RAIL[NO-LOCK] found=0 rms=0.00px rows=15 sep=0.000 u=+0.003 vconv=+0.000 | GATE u=-0.054 v=+0.511 sz=0.223 -> +0.0deg x0.55 | uLat=+0.063 desR=-2.5(ff-4.5+0.0) estR=-2.4 estP=-19.2 |a|=0.92g dimu=1429 loop=65Hz det=65Hz
[tube] seg2 ag=2 thr=0.236 LADDER leg2 -0.0240 VERT trim=-0.0150 | [COMMIT] RAIL[NO-LOCK] found=0 rms=0.00px rows=8 sep=0.000 u=+0.002 vconv=+0.000 | GATE u=-0.041 v=+0.478 sz=0.278 -> +0.0deg x0.16 | uLat=+0.050 desR=-0.7(ff-4.5+0.0) estR=-1.3 estP=-19.2 |a|=0.93g dimu=1460 loop=65Hz det=65Hz
[tube] seg2 ag=2 thr=0.221 LADDER leg2 -0.0240 VERT trim=-0.0150 | [COMMIT] RAIL[lock-REJ] found=1 rms=0.72px rows=22 sep=0.083 u=+0.000 vconv=+0.422 | GATE u=-0.024 v=+0.356 sz=0.352 -> +0.0deg x0.05 | uLat=+0.037 desR=-0.2(ff-4.5+0.0) estR=-0.6 estP=-19.4 |a|=0.87g dimu=1491 loop=65Hz det=65Hz
[tube] seg2 ag=2 thr=0.231 LADDER leg2 -0.0240 VERT trim=-0.0054 | [COMMIT] RAIL[lock-REJ] found=1 rms=3.11px rows=23 sep=0.140 u=+0.017 vconv=+0.311 | GATE u=+0.010 v=+0.158 sz=0.587 -> +0.0deg x0.01 | uLat=+0.012 desR=-0.1(ff-4.5+0.0) estR=-0.2 estP=-19.8 |a|=0.88g dimu=1525 loop=42Hz det=42Hz
[tube] seg2 ag=2 thr=0.231 LADDER leg2 -0.0240 VERT trim=-0.0054 | [COMMIT] RAIL[NO-LOCK] found=0 rms=0.00px rows=14 sep=0.000 u=+0.030 vconv=+0.000 | GATE -- | uLat=+0.012 desR=-0.0(ff-4.5+0.0) estR=-0.0 estP=-19.7 |a|=0.93g dimu=1553 loop=42Hz det=42Hz
[coast] !!! COLLISION GATE at t=11.6s (ag=2)
[coast] !!! COLLISION GATE at t=11.6s (ag=2)
[tube] seg2 ag=2 thr=0.247 LADDER leg2 -0.0240 VERT trim=-0.0042 | [COMMIT] RAIL[lock-REJ] found=1 rms=0.33px rows=35 sep=0.093 u=+0.071 vconv=-0.033 | GATE -- | uLat=+0.009 desR=-0.0(ff-3.3+0.0) estR=+0.4 estP=-35.9 |a|=0.49g dimu=1584 loop=42Hz det=42Hz
[tube] seg2 ag=2 thr=0.294 LADDER leg2 -0.0240 VERT trim=+0.1000 | [COMMIT] RAIL[lock-REJ] found=1 rms=2.38px rows=88 sep=0.055 u=+0.117 vconv=-0.400 | GATE u=+0.067 v=-0.795 sz=0.534 -> -0.7deg x0.00 | uLat=-0.012 desR=-0.0(ff-2.3-0.0) estR=+0.2 estP=-23.6 |a|=0.94g dimu=1621 loop=42Hz det=42Hz
[tube] seg2 ag=2 thr=0.340 LADDER leg2 -0.0240 VERT trim=+0.1000 | [COMMIT] RAIL[NO-LOCK] found=0 rms=0.29px rows=23 sep=0.039 u=+0.117 vconv=-0.400 | GATE u=+0.046 v=-0.841 sz=0.396 -> -2.9deg x0.00 | uLat=-0.050 desR=-0.0(ff-3.3-0.0) estR=+0.1 estP=-17.3 |a|=1.47g dimu=1651 loop=45Hz det=45Hz
[tube] seg2 ag=2 thr=0.340 LADDER leg2 -0.0240 VERT trim=+0.1000 | [COMMIT] RAIL[NO-LOCK] found=0 rms=0.00px rows=8 sep=0.000 u=+0.115 vconv=+0.000 | GATE u=+0.020 v=-0.766 sz=0.360 -> -2.1deg x0.00 | uLat=-0.036 desR=-0.0(ff-3.9-0.0) estR=+0.0 estP=-17.3 |a|=1.45g dimu=1681 loop=45Hz det=45Hz
[tube] seg2 ag=2 thr=0.340 LADDER leg2 -0.0240 VERT trim=+0.1000 | [COMMIT] RAIL[NO-LOCK] found=0 rms=0.00px rows=18 sep=0.000 u=+0.111 vconv=+0.000 | GATE u=+0.005 v=-0.623 sz=0.346 -> -1.0deg x0.00 | uLat=-0.018 desR=-0.0(ff-4.2-0.0) estR=+0.0 estP=-17.3 |a|=1.47g dimu=1713 loop=45Hz det=45Hz
[tube] seg2 ag=2 thr=0.308 LADDER leg2 -0.0240 VERT trim=+0.0571 | [COMMIT] RAIL[NO-LOCK] found=0 rms=0.00px rows=8 sep=0.000 u=+0.110 vconv=+0.000 | GATE u=+0.001 v=-0.436 sz=0.344 -> -0.4deg x0.00 | uLat=-0.007 desR=-0.0(ff-4.3-0.0) estR=+0.0 estP=-17.3 |a|=1.14g dimu=1744 loop=45Hz det=45Hz
[tube] >>> seg -> 3 (TIME fallback) t=13.2s
[tube] seg3/bank2 ag=2 thr=0.237 LADDER leg2 -0.0240 VERT trim=-0.0140 | [COMMIT] RAIL[NO-LOCK] found=0 rms=0.27px rows=24 sep=-0.053 u=+0.091 vconv=+0.322 | GATE u=-0.007 v=-0.168 sz=0.314 -> +0.0deg x0.00 | uLat=+0.001 desR=-0.0(ff-4.4+0.0) estR=-0.0 estP=-10.8 |a|=0.76g dimu=1774 loop=30Hz det=30Hz
[tube] seg3/bank2 ag=2 thr=0.236 LADDER leg2 -0.0240 VERT trim=-0.0150 | [COMMIT] RAIL[NO-LOCK] found=0 rms=0.00px rows=18 sep=0.000 u=+0.053 vconv=+0.000 | GATE u=-0.011 v=+0.021 sz=0.284 -> +0.0deg x0.00 | uLat=+0.008 desR=-0.0(ff-4.5+0.0) estR=-0.0 estP=-10.5 |a|=0.83g dimu=1804 loop=30Hz det=30Hz
[tube] seg3/bank2 ag=2 thr=0.236 LADDER leg2 -0.0240 VERT trim=-0.0150 | [COMMIT] RAIL[NO-LOCK] found=0 rms=0.30px rows=31 sep=0.034 u=+0.032 vconv=-0.400 | GATE u=-0.014 v=+0.156 sz=0.248 -> +0.0deg x0.00 | uLat=+0.011 desR=-0.0(ff-4.5+0.0) estR=-0.0 estP=-9.2 |a|=0.84g dimu=1834 loop=30Hz det=30Hz
[tube] seg3/bank2 ag=2 thr=0.236 LADDER leg2 -0.0240 VERT trim=-0.0150 | [COMMIT] RAIL[NO-LOCK] found=0 rms=0.44px rows=34 sep=-0.041 u=+0.019 vconv=+0.512 | GATE u=-0.015 v=+0.211 sz=0.228 -> +0.0deg x0.00 | uLat=+0.014 desR=-0.0(ff-4.5+0.0) estR=-0.0 estP=-6.5 |a|=0.86g dimu=1864 loop=30Hz det=30Hz
[tube] seg3/bank2 ag=2 thr=0.236 LADDER leg2 -0.0240 VERT trim=-0.0150 | [COMMIT] RAIL[NO-LOCK] found=0 rms=0.30px rows=33 sep=-0.022 u=+0.013 vconv=+0.760 | GATE u=-0.014 v=+0.250 sz=0.206 -> +0.0deg x0.00 | uLat=+0.015 desR=-0.0(ff-4.5+0.0) estR=-0.0 estP=-2.6 |a|=0.86g dimu=1892 loop=42Hz det=42Hz
[tube] seg3/bank2 ag=2 thr=0.236 LADDER leg2 -0.0240 VERT trim=-0.0150 | [COMMIT] RAIL[lock-REJ] found=1 rms=0.28px rows=29 sep=0.065 u=+0.004 vconv=-0.400 | GATE u=-0.017 v=+0.271 sz=0.190 -> +0.0deg x0.00 | uLat=+0.016 desR=-0.0(ff-4.5+0.0) estR=-0.0 estP=+0.1 |a|=0.86g dimu=1923 loop=42Hz det=42Hz
[tube] seg3/bank2 ag=2 thr=0.236 LADDER leg2 -0.0240 VERT trim=-0.0150 | [COMMIT] RAIL[NO-LOCK] found=0 rms=0.00px rows=9 sep=0.000 u=-0.016 vconv=+0.000 | GATE u=-0.017 v=+0.273 sz=0.166 -> +0.0deg x0.00 | uLat=+0.016 desR=-0.0(ff-4.5+0.0) estR=-0.0 estP=+2.3 |a|=0.86g dimu=1953 loop=42Hz det=42Hz
[tube] seg3/bank2 ag=2 thr=0.236 LADDER leg2 -0.0240 VERT trim=-0.0150 | [COMMIT] RAIL[NO-LOCK] found=0 rms=0.00px rows=0 sep=0.000 u=-0.016 vconv=+0.000 | GATE u=-0.016 v=+0.257 sz=0.152 -> +0.0deg x0.00 | uLat=+0.016 desR=-0.0(ff-4.5+0.0) estR=-0.0 estP=+3.7 |a|=0.86g dimu=1981 loop=42Hz det=42Hz
[tube] seg3/bank2 ag=2 thr=0.236 LADDER leg2 -0.0240 VERT trim=-0.0150 | [COMMIT] RAIL[NO-LOCK] found=0 rms=0.00px rows=0 sep=0.000 u=-0.010 vconv=+0.000 | GATE u=-0.014 v=+0.234 sz=0.144 -> +0.0deg x0.00 | uLat=+0.016 desR=-0.0(ff-4.5+0.0) estR=-0.0 estP=+4.6 |a|=0.87g dimu=2011 loop=59Hz det=59Hz
[tube] seg3/bank2 ag=2 thr=0.236 LADDER leg2 -0.0240 VERT trim=-0.0150 | [COMMIT] RAIL[NO-LOCK] found=0 rms=0.00px rows=0 sep=0.000 u=-0.006 vconv=+0.000 | GATE u=-0.015 v=+0.202 sz=0.132 -> +0.0deg x0.00 | uLat=+0.016 desR=-0.0(ff-4.5+0.0) estR=-0.0 estP=+5.2 |a|=0.87g dimu=2040 loop=59Hz det=59Hz
[tube] seg3/bank2 ag=2 thr=0.236 LADDER leg2 -0.0240 VERT trim=-0.0150 | [COMMIT] RAIL[NO-LOCK] found=0 rms=0.00px rows=0 sep=0.000 u=-0.004 vconv=+0.000 | GATE u=-0.015 v=+0.185 sz=0.119 -> +0.0deg x0.00 | uLat=+0.015 desR=-0.0(ff-4.5+0.0) estR=-0.0 estP=+5.7 |a|=0.87g dimu=2070 loop=59Hz det=59Hz
[tube] seg3/bank2 ag=2 thr=0.238 LADDER leg2 -0.0240 VERT trim=-0.0135 | [COMMIT] RAIL[NO-LOCK] found=0 rms=0.00px rows=0 sep=0.000 u=-0.002 vconv=+0.000 | GATE u=-0.013 v=+0.134 sz=0.115 -> +0.0deg x0.00 | uLat=+0.014 desR=-0.0(ff-4.5+0.0) estR=-0.0 estP=+6.1 |a|=0.88g dimu=2099 loop=59Hz det=59Hz
[tube] seg3/bank2 ag=2 thr=0.245 LADDER leg2 -0.0240 VERT trim=-0.0065 | [COMMIT] RAIL[NO-LOCK] found=0 rms=0.00px rows=0 sep=0.000 u=-0.001 vconv=+0.000 | GATE u=-0.012 v=+0.097 sz=0.104 -> +0.0deg x0.00 | uLat=+0.012 desR=-0.0(ff-4.5+0.0) estR=-0.0 estP=+6.3 |a|=0.92g dimu=2129 loop=69Hz det=69Hz
[tube] seg3/bank2 ag=2 thr=0.251 LADDER leg2 -0.0240 VERT trim=-0.0001 | [COMMIT] RAIL[NO-LOCK] found=0 rms=0.00px rows=0 sep=0.000 u=-0.001 vconv=+0.000 | GATE u=-0.007 v=+0.060 sz=0.096 -> +0.0deg x0.00 | uLat=+0.011 desR=-0.0(ff-4.5+0.0) estR=-0.0 estP=+6.3 |a|=0.96g dimu=2159 loop=69Hz det=69Hz
[tube] seg3/bank2 ag=2 thr=0.253 LADDER leg2 -0.0240 VERT trim=+0.0020 | [COMMIT] RAIL[NO-LOCK] found=0 rms=0.00px rows=0 sep=0.000 u=-0.000 vconv=+0.000 | GATE u=-0.008 v=+0.041 sz=0.088 -> +0.0deg x0.00 | uLat=+0.009 desR=-0.0(ff-4.5+0.0) estR=-0.0 estP=+6.3 |a|=0.97g dimu=2188 loop=69Hz det=69Hz
[tube] seg3/bank2 ag=2 thr=0.259 LADDER leg2 -0.0240 VERT trim=+0.0082 | [COMMIT] RAIL[NO-LOCK] found=0 rms=0.00px rows=0 sep=0.000 u=+0.000 vconv=+0.000 | GATE u=-0.008 v=+0.006 sz=0.084 -> +0.0deg x0.00 | uLat=+0.009 desR=-0.0(ff-4.5+0.0) estR=-0.0 estP=+6.3 |a|=1.00g dimu=2217 loop=69Hz det=69Hz
[tube] seg3/bank2 ag=2 thr=0.264 LADDER leg2 -0.0240 VERT trim=+0.0126 | [COMMIT] RAIL[NO-LOCK] found=0 rms=0.00px rows=0 sep=0.000 u=+0.000 vconv=+0.000 | GATE u=-0.006 v=-0.023 sz=0.081 -> +0.0deg x0.00 | uLat=+0.007 desR=-0.0(ff-4.5+0.0) estR=-0.0 estP=+6.2 |a|=1.03g dimu=2246 loop=72Hz det=72Hz
[tube] seg3/bank2 ag=2 thr=0.266 LADDER leg2 -0.0240 VERT trim=+0.0151 | [COMMIT] RAIL[NO-LOCK] found=0 rms=0.00px rows=0 sep=0.000 u=+0.000 vconv=+0.000 | GATE u=-0.004 v=-0.048 sz=0.077 -> +0.0deg x0.00 | uLat=+0.005 desR=-0.0(ff-4.5+0.0) estR=-0.0 estP=+6.2 |a|=1.04g dimu=2275 loop=72Hz det=72Hz
[tube] seg3/bank2 ag=2 thr=0.266 LADDER leg2 -0.0240 VERT trim=+0.0153 | [COMMIT] RAIL[NO-LOCK] found=0 rms=0.00px rows=0 sep=0.000 u=+0.000 vconv=+0.000 | GATE u=-0.004 v=-0.059 sz=0.069 -> +0.0deg x0.00 | uLat=+0.004 desR=-0.0(ff-4.5+0.0) estR=-0.0 estP=+6.2 |a|=1.04g dimu=2306 loop=72Hz det=72Hz
[tube] seg3/bank2 ag=2 thr=0.269 LADDER leg2 -0.0240 VERT trim=+0.0176 | [COMMIT] RAIL[NO-LOCK] found=0 rms=0.00px rows=0 sep=0.000 u=+0.000 vconv=+0.000 | GATE u=-0.000 v=-0.082 sz=0.066 -> +0.0deg x0.00 | uLat=+0.003 desR=-0.0(ff-4.5+0.0) estR=-0.0 estP=+6.2 |a|=1.05g dimu=2336 loop=72Hz det=72Hz
[tube] seg3/bank2 ag=2 thr=0.270 LADDER leg2 -0.0240 VERT trim=+0.0185 | [COMMIT] RAIL[NO-LOCK] found=0 rms=0.00px rows=0 sep=0.000 u=+0.000 vconv=+0.000 | GATE u=-0.000 v=-0.087 sz=0.064 -> +0.0deg x0.00 | uLat=+0.001 desR=-0.0(ff-4.5+0.0) estR=-0.0 estP=+6.2 |a|=1.05g dimu=2365 loop=73Hz det=73Hz
[tube] seg3/bank2 ag=2 thr=0.270 LADDER leg2 -0.0240 VERT trim=+0.0189 | [COMMIT] RAIL[NO-LOCK] found=0 rms=0.00px rows=0 sep=0.000 u=+0.000 vconv=+0.000 | GATE u=+0.004 v=-0.094 sz=0.059 -> -0.0deg x0.00 | uLat=-0.001 desR=-0.0(ff-4.5-0.0) estR=-0.0 estP=+6.2 |a|=1.06g dimu=2395 loop=73Hz det=73Hz
[tube] seg3/bank2 ag=2 thr=0.269 LADDER leg2 -0.0240 VERT trim=+0.0184 | [COMMIT] RAIL[NO-LOCK] found=0 rms=0.00px rows=0 sep=0.000 u=+0.000 vconv=+0.000 | GATE u=+0.005 v=-0.098 sz=0.056 -> -0.0deg x0.00 | uLat=-0.003 desR=-0.0(ff-4.5-0.0) estR=-0.0 estP=+6.2 |a|=1.06g dimu=2426 loop=73Hz det=73Hz
[tube] seg3/bank2 ag=2 thr=0.269 LADDER leg2 -0.0240 VERT trim=+0.0181 | [COMMIT] RAIL[NO-LOCK] found=0 rms=0.00px rows=0 sep=0.000 u=+0.000 vconv=+0.000 | GATE u=+0.006 v=-0.103 sz=0.057 -> -0.0deg x0.00 | uLat=-0.005 desR=-0.0(ff-4.5-0.0) estR=-0.0 estP=+6.3 |a|=1.05g dimu=2455 loop=73Hz det=73Hz
[tube] seg3/bank2 ag=2 thr=0.271 LADDER leg2 -0.0240 VERT trim=+0.0196 | [COMMIT] RAIL[NO-LOCK] found=0 rms=0.00px rows=0 sep=0.000 u=+0.000 vconv=+0.000 | GATE u=+0.010 v=-0.111 sz=0.055 -> -0.0deg x0.00 | uLat=-0.007 desR=-0.0(ff-4.5-0.0) estR=-0.0 estP=+6.3 |a|=1.05g dimu=2485 loop=78Hz det=78Hz
[tube] seg3/bank2 ag=2 thr=0.269 LADDER leg2 -0.0240 VERT trim=+0.0181 | [COMMIT] RAIL[NO-LOCK] found=0 rms=0.00px rows=0 sep=0.000 u=+0.000 vconv=+0.000 | GATE u=+0.010 v=-0.105 sz=0.053 -> -0.0deg x0.00 | uLat=-0.009 desR=-0.0(ff-4.5-0.0) estR=-0.0 estP=+6.3 |a|=1.04g dimu=2515 loop=78Hz det=78Hz
[tube] >>> seg -> 4 (TIME fallback) t=20.0s
[tube] seg4/bank2 ag=2 thr=0.267 LADDER leg2 -0.0240 VERT trim=+0.0156 | [COMMIT] RAIL[NO-LOCK] found=0 rms=0.00px rows=0 sep=0.000 u=+0.000 vconv=+0.000 | GATE u=+0.011 v=-0.101 sz=0.046 -> -0.0deg x0.00 | uLat=-0.010 desR=-0.0(ff-4.5-0.0) estR=-0.0 estP=+6.4 |a|=1.03g dimu=2544 loop=78Hz det=78Hz
[tube] seg4/bank2 ag=2 thr=0.265 LADDER leg2 -0.0240 VERT trim=+0.0136(coasting 0.2s) | [COMMIT] RAIL[NO-LOCK] found=0 rms=0.00px rows=0 sep=0.000 u=+0.000 vconv=+0.000 | GATE u=+0.011 v=-0.106 sz=0.049 -> +0.0deg x0.00 | uLat=+0.000 desR=-0.0(ff-4.5+0.0) estR=-0.0 estP=+6.5 |a|=1.02g dimu=2574 loop=78Hz det=78Hz
[tube] seg4/bank2 ag=2 thr=0.262 LADDER leg2 -0.0240 VERT trim=+0.0114(coasting 0.5s) | [COMMIT] RAIL[NO-LOCK] found=0 rms=0.00px rows=0 sep=0.000 u=+0.000 vconv=+0.000 | GATE u=+0.014 v=-0.098 sz=0.045 -> +0.0deg x0.00 | uLat=+0.000 desR=-0.0(ff-4.5+0.0) estR=-0.0 estP=+6.6 |a|=1.01g dimu=2604 loop=83Hz det=83Hz
[tube] seg4/bank2 ag=2 thr=0.261 LADDER leg2 -0.0240 VERT trim=+0.0096(coasting 0.7s) | [COMMIT] RAIL[NO-LOCK] found=0 rms=0.00px rows=0 sep=0.000 u=+0.000 vconv=+0.000 | GATE u=+0.017 v=-0.091 sz=0.043 -> +0.0deg x0.00 | uLat=+0.000 desR=-0.0(ff-4.5+0.0) estR=-0.0 estP=+6.7 |a|=1.00g dimu=2633 loop=83Hz det=83Hz
[tube] seg4/bank2 ag=2 thr=0.259 LADDER leg2 -0.0240 VERT trim=+0.0081(coasting 1.0s) | [COMMIT] RAIL[NO-LOCK] found=0 rms=0.00px rows=0 sep=0.000 u=+0.000 vconv=+0.000 | GATE u=+0.019 v=-0.094 sz=0.051 -> +0.0deg x0.00 | uLat=+0.000 desR=-0.0(ff-4.5+0.0) estR=-0.0 estP=+6.7 |a|=0.99g dimu=2663 loop=83Hz det=83Hz
[tube] seg4/bank2 ag=2 thr=0.258 LADDER leg2 -0.0240 VERT trim=+0.0069(coasting 1.2s) | [COMMIT] RAIL[NO-LOCK] found=0 rms=0.00px rows=0 sep=0.000 u=+0.000 vconv=+0.000 | GATE u=+0.022 v=-0.086 sz=0.044 -> +0.0deg x0.00 | uLat=+0.000 desR=-0.0(ff-4.5+0.0) estR=-0.0 estP=+6.8 |a|=0.98g dimu=2693 loop=83Hz det=83Hz
[tube] seg4/bank2 ag=2 thr=0.257 LADDER leg2 -0.0240 VERT trim=+0.0058(coasting 1.5s) | [COMMIT] RAIL[NO-LOCK] found=0 rms=0.00px rows=0 sep=0.000 u=+0.000 vconv=+0.000 | GATE u=+0.022 v=-0.089 sz=0.044 -> +0.0deg x0.00 | uLat=+0.000 desR=-0.0(ff-4.5+0.0) estR=-0.0 estP=+6.9 |a|=0.98g dimu=2722 loop=83Hz det=83Hz
[tube] seg4/bank2 ag=2 thr=0.256 LADDER leg2 -0.0240 VERT trim=+0.0049(coasting 1.7s) | [COMMIT] RAIL[NO-LOCK] found=0 rms=0.00px rows=0 sep=0.000 u=+0.000 vconv=+0.000 | GATE u=+0.025 v=-0.085 sz=0.040 -> +0.0deg x0.00 | uLat=+0.000 desR=-0.0(ff-4.5+0.0) estR=-0.0 estP=+6.9 |a|=0.98g dimu=2752 loop=83Hz det=83Hz
[tube] seg4/bank2 ag=2 thr=0.255 LADDER leg2 -0.0240 VERT trim=+0.0041(coasting 2.0s) | [COMMIT] RAIL[NO-LOCK] found=0 rms=0.00px rows=0 sep=0.000 u=+0.000 vconv=+0.000 | GATE u=+0.025 v=-0.082 sz=0.039 -> +0.0deg x0.00 | uLat=+0.000 desR=-0.0(ff-4.5+0.0) estR=-0.0 estP=+7.0 |a|=0.97g dimu=2782 loop=83Hz det=83Hz
[tube] seg4/bank2 ag=2 thr=0.254 LADDER leg2 -0.0240 VERT trim=+0.0035(coasting 2.3s) | [COMMIT] RAIL[NO-LOCK] found=0 rms=0.00px rows=0 sep=0.000 u=+0.000 vconv=+0.000 | GATE u=+0.031 v=-0.083 sz=0.040 -> +0.0deg x0.00 | uLat=+0.000 desR=-0.0(ff-4.5+0.0) estR=-0.0 estP=+7.0 |a|=0.97g dimu=2812 loop=85Hz det=85Hz
[tube] seg4/bank2 ag=2 thr=0.254 LADDER leg2 -0.0240 VERT trim=+0.0029(coasting 2.5s) | [COMMIT] RAIL[NO-LOCK] found=0 rms=0.00px rows=0 sep=0.000 u=+0.000 vconv=+0.000 | GATE u=+0.032 v=-0.089 sz=0.038 -> +0.0deg x0.00 | uLat=+0.000 desR=-0.0(ff-4.5+0.0) estR=-0.0 estP=+7.0 |a|=0.97g dimu=2842 loop=85Hz det=85Hz
[tube] seg4/bank2 ag=2 thr=0.253 LADDER leg2 -0.0240 VERT trim=+0.0025(coasting 2.8s) | [COMMIT] RAIL[NO-LOCK] found=0 rms=0.00px rows=0 sep=0.000 u=+0.000 vconv=+0.000 | GATE u=+0.035 v=-0.085 sz=0.034 -> +0.0deg x0.00 | uLat=+0.000 desR=-0.0(ff-4.5+0.0) estR=-0.0 estP=+7.1 |a|=0.97g dimu=2872 loop=85Hz det=85Hz
[tube] seg4/bank2 ag=2 thr=0.253 LADDER leg2 -0.0240 VERT trim=+0.0021(coasting 3.0s) | [COMMIT] RAIL[NO-LOCK] found=0 rms=0.00px rows=0 sep=0.000 u=+0.000 vconv=+0.000 | GATE u=+0.034 v=-0.088 sz=0.036 -> +0.0deg x0.00 | uLat=+0.000 desR=-0.0(ff-4.5+0.0) estR=-0.0 estP=+7.1 |a|=0.97g dimu=2901 loop=85Hz det=85Hz
[tube] seg4/bank2 ag=2 thr=0.253 LADDER leg2 -0.0240 VERT trim=+0.0018(coasting 3.3s) | [COMMIT] RAIL[NO-LOCK] found=0 rms=0.00px rows=0 sep=0.000 u=+0.000 vconv=+0.000 | GATE u=+0.041 v=-0.085 sz=0.032 -> +0.0deg x0.00 | uLat=+0.000 desR=-0.0(ff-4.5+0.0) estR=-0.1 estP=+7.1 |a|=0.96g dimu=2930 loop=86Hz det=86Hz
[tube] seg4/bank2 ag=2 thr=0.252 LADDER leg2 -0.0240 VERT trim=+0.0015(coasting 3.5s) | [COMMIT] RAIL[NO-LOCK] found=0 rms=0.00px rows=0 sep=0.000 u=+0.000 vconv=+0.000 | GATE u=+0.041 v=-0.102 sz=0.035 -> +0.0deg x0.00 | uLat=+0.000 desR=-0.0(ff-4.5+0.0) estR=-0.1 estP=+7.1 |a|=0.96g dimu=2959 loop=86Hz det=86Hz
[tube] seg4/bank2 ag=2 thr=0.252 LADDER leg2 -0.0240 VERT trim=+0.0013(coasting 3.8s) | [COMMIT] RAIL[NO-LOCK] found=0 rms=0.00px rows=0 sep=0.000 u=+0.000 vconv=+0.000 | GATE u=+0.041 v=-0.096 sz=0.033 -> +0.0deg x0.00 | uLat=+0.000 desR=-0.0(ff-4.5+0.0) estR=-0.1 estP=+7.1 |a|=0.97g dimu=2987 loop=86Hz det=86Hz
[tube] seg4/bank2 ag=2 thr=0.252 LADDER leg2 -0.0240 VERT trim=+0.0011(coasting 4.0s) | [COMMIT] RAIL[NO-LOCK] found=0 rms=0.00px rows=0 sep=0.000 u=+0.000 vconv=+0.000 | GATE u=+0.043 v=-0.100 sz=0.034 -> +0.0deg x0.00 | uLat=+0.000 desR=-0.0(ff-4.5+0.0) estR=-0.1 estP=+7.1 |a|=0.97g dimu=3017 loop=86Hz det=86Hz
[tube] >>> seg -> 5 (TIME fallback) t=24.3s
[tube] seg5/bank2 ag=2 thr=0.252 LADDER leg2 -0.0240 VERT trim=+0.0009(coasting 4.3s) | [COMMIT] RAIL[NO-LOCK] found=0 rms=0.00px rows=0 sep=0.000 u=+0.000 vconv=+0.000 | GATE u=+0.047 v=-0.106 sz=0.031 -> +0.0deg x0.00 | uLat=+0.000 desR=-0.0(ff-2.9+0.0) estR=-0.1 estP=+7.1 |a|=0.97g dimu=3046 loop=87Hz det=87Hz
[tube] seg5/bank2 ag=2 thr=0.252 LADDER leg2 -0.0240 VERT trim=+0.0008(coasting 4.5s) | [COMMIT] RAIL[NO-LOCK] found=0 rms=0.00px rows=0 sep=0.000 u=+0.000 vconv=+0.000 | GATE u=+0.050 v=-0.111 sz=0.035 -> +0.0deg x0.00 | uLat=+0.000 desR=-0.0(ff-1.5+0.0) estR=-0.1 estP=+7.1 |a|=0.97g dimu=3076 loop=87Hz det=87Hz
[tube] seg5/bank2 ag=2 thr=0.252 LADDER leg2 -0.0240 VERT trim=+0.0006(coasting 4.8s) | [COMMIT] RAIL[NO-LOCK] found=0 rms=0.00px rows=0 sep=0.000 u=+0.000 vconv=+0.000 | GATE u=+0.052 v=-0.114 sz=0.025 -> +0.0deg x0.00 | uLat=+0.000 desR=-0.0(ff-0.8+0.0) estR=-0.1 estP=+7.1 |a|=0.98g dimu=3106 loop=87Hz det=87Hz
[tube] seg5/bank2 ag=2 thr=0.252 LADDER leg2 -0.0240 VERT trim=+0.0005(coasting 5.1s) | [COMMIT] RAIL[NO-LOCK] found=0 rms=0.00px rows=0 sep=0.000 u=+0.000 vconv=+0.000 | GATE u=+0.056 v=-0.114 sz=0.031 -> +0.0deg x0.00 | uLat=+0.000 desR=-0.0(ff-0.4+0.0) estR=-0.1 estP=+7.1 |a|=0.97g dimu=3136 loop=87Hz det=87Hz
[tube] seg5/bank2 ag=2 thr=0.251 LADDER leg2 -0.0240 VERT trim=+0.0005(coasting 5.3s) | [COMMIT] RAIL[NO-LOCK] found=0 rms=0.00px rows=0 sep=0.000 u=+0.000 vconv=+0.000 | GATE u=+0.059 v=-0.129 sz=0.027 -> +0.0deg x0.00 | uLat=+0.000 desR=-0.0(ff-0.2+0.0) estR=-0.1 estP=+7.1 |a|=0.98g dimu=3165 loop=88Hz det=88Hz
[tube] seg5/bank2 ag=2 thr=0.251 LADDER leg2 -0.0240 VERT trim=+0.0004(coasting 5.6s) | [COMMIT] RAIL[NO-LOCK] found=0 rms=0.00px rows=0 sep=0.000 u=+0.000 vconv=+0.000 | GATE u=+0.062 v=-0.126 sz=0.031 -> +0.0deg x0.00 | uLat=+0.000 desR=-0.0(ff-0.1+0.0) estR=-0.1 estP=+7.1 |a|=0.97g dimu=3194 loop=88Hz det=88Hz
[tube] seg5/bank2 ag=2 thr=0.251 LADDER leg2 -0.0240 VERT trim=+0.0003(coasting 5.8s) | [COMMIT] RAIL[NO-LOCK] found=0 rms=0.00px rows=0 sep=0.000 u=+0.000 vconv=+0.000 | GATE u=+0.066 v=-0.131 sz=0.022 -> +0.0deg x0.00 | uLat=+0.000 desR=-0.0(ff-0.1+0.0) estR=-0.1 estP=+7.1 |a|=0.97g dimu=3224 loop=88Hz det=88Hz
[tube] seg5/bank2 ag=2 thr=0.251 LADDER leg2 -0.0240 VERT trim=+0.0003(coasting 6.1s) | [COMMIT] RAIL[NO-LOCK] found=0 rms=0.00px rows=0 sep=0.000 u=+0.000 vconv=+0.000 | GATE u=+0.069 v=-0.138 sz=0.032 -> +0.0deg x0.00 | uLat=+0.000 desR=-0.0(ff-0.0+0.0) estR=-0.2 estP=+7.1 |a|=0.98g dimu=3253 loop=88Hz det=88Hz
[tube] seg5/bank2 ag=2 thr=0.251 LADDER leg2 -0.0240 VERT trim=+0.0002(coasting 6.3s) | [COMMIT] RAIL[NO-LOCK] found=0 rms=0.00px rows=0 sep=0.000 u=+0.000 vconv=+0.000 | GATE u=+0.072 v=-0.144 sz=0.024 -> +0.0deg x0.00 | uLat=+0.000 desR=-0.0(ff-0.0+0.0) estR=-0.2 estP=+7.1 |a|=0.98g dimu=3282 loop=87Hz det=87Hz
[tube] seg5/bank2 ag=2 thr=0.251 LADDER leg2 -0.0240 VERT trim=+0.0002(coasting 6.6s) | [COMMIT] RAIL[NO-LOCK] found=0 rms=0.00px rows=0 sep=0.000 u=+0.000 vconv=+0.000 | GATE u=+0.079 v=-0.150 sz=0.030 -> +0.0deg x0.00 | uLat=+0.000 desR=-0.0(ff-0.0+0.0) estR=-0.2 estP=+7.1 |a|=0.98g dimu=3310 loop=87Hz det=87Hz
[tube] seg5/bank2 ag=2 thr=0.251 LADDER leg2 -0.0240 VERT trim=+0.0002(coasting 6.8s) | [COMMIT] RAIL[NO-LOCK] found=0 rms=0.00px rows=0 sep=0.000 u=+0.000 vconv=+0.000 | GATE u=+0.164 v=-0.897 sz=0.034 -> +0.0deg x0.00 | uLat=+0.000 desR=-0.0(ff-1.1+0.0) estR=-0.2 estP=+7.1 |a|=0.98g dimu=3340 loop=87Hz det=87Hz
[tube] seg5/bank2 ag=2 thr=0.251 LADDER leg2 -0.0240 VERT trim=+0.0001(coasting 7.1s) | [COMMIT] RAIL[NO-LOCK] found=0 rms=0.00px rows=0 sep=0.000 u=+0.000 vconv=+0.000 | GATE u=+0.167 v=-0.882 sz=0.031 -> +0.0deg x0.00 | uLat=+0.000 desR=-0.0(ff-2.7+0.0) estR=-0.3 estP=+7.1 |a|=0.99g dimu=3369 loop=87Hz det=87Hz
[tube] seg5/bank2 ag=2 thr=0.251 LADDER leg2 -0.0240 VERT trim=+0.0001(coasting 7.3s) | [COMMIT] RAIL[NO-LOCK] found=0 rms=0.00px rows=0 sep=0.000 u=+0.000 vconv=+0.000 | GATE u=+0.172 v=-0.867 sz=0.029 -> +0.0deg x0.00 | uLat=+0.000 desR=-0.0(ff-3.5+0.0) estR=-0.3 estP=+7.0 |a|=0.98g dimu=3399 loop=87Hz det=87Hz
[tube] seg5/bank2 ag=2 thr=0.251 LADDER leg2 -0.0240 VERT trim=+0.0001(coasting 7.6s) | [COMMIT] RAIL[NO-LOCK] found=0 rms=0.00px rows=0 sep=0.000 u=+0.000 vconv=+0.000 | GATE u=+0.178 v=-0.856 sz=0.029 -> +0.0deg x0.00 | uLat=+0.000 desR=-0.0(ff-4.0+0.0) estR=-0.3 estP=+7.0 |a|=0.98g dimu=3429 loop=87Hz det=87Hz
[tube] seg5/bank2 ag=2 thr=0.251 LADDER leg2 -0.0240 VERT trim=+0.0001(coasting 7.9s) | [COMMIT] RAIL[NO-LOCK] found=0 rms=0.00px rows=0 sep=0.000 u=+0.000 vconv=+0.000 | GATE u=+0.183 v=-0.845 sz=0.028 -> +0.0deg x0.00 | uLat=+0.000 desR=-0.0(ff-2.4+0.0) estR=-0.4 estP=+7.0 |a|=0.99g dimu=3459 loop=87Hz det=87Hz
[tube] seg5/bank2 ag=2 thr=0.251 LADDER leg2 -0.0240 VERT trim=+0.0001(coasting 8.1s) | [COMMIT] RAIL[NO-LOCK] found=0 rms=0.00px rows=0 sep=0.000 u=+0.000 vconv=+0.000 | GATE u=+0.189 v=-0.835 sz=0.031 -> +0.0deg x0.00 | uLat=+0.000 desR=-0.0(ff-1.3+0.0) estR=-0.4 estP=+7.0 |a|=0.99g dimu=3489 loop=87Hz det=87Hz
[tube] seg5/bank2 ag=2 thr=0.251 LADDER leg2 -0.0240 VERT trim=+0.0001(coasting 8.4s) | [COMMIT] RAIL[NO-LOCK] found=0 rms=0.00px rows=0 sep=0.000 u=+0.000 vconv=+0.000 | GATE u=+0.196 v=-0.827 sz=0.034 -> +0.0deg x0.00 | uLat=+0.000 desR=-0.0(ff-0.7+0.0) estR=-0.5 estP=+7.0 |a|=0.99g dimu=3519 loop=87Hz det=87Hz
[tube] seg5/bank2 ag=2 thr=0.251 LADDER leg2 -0.0240 VERT trim=+0.0000(coasting 8.6s) | [COMMIT] RAIL[NO-LOCK] found=0 rms=0.00px rows=0 sep=0.000 u=+0.000 vconv=+0.000 | GATE u=+0.207 v=-0.824 sz=0.029 -> +0.0deg x0.00 | uLat=+0.000 desR=-0.0(ff-0.4+0.0) estR=-0.5 estP=+7.0 |a|=0.99g dimu=3548 loop=87Hz det=87Hz
[tube] seg5/bank2 ag=2 thr=0.251 LADDER leg2 -0.0240 VERT trim=+0.0000(coasting 8.9s) | [COMMIT] RAIL[NO-LOCK] found=0 rms=0.00px rows=0 sep=0.000 u=+0.000 vconv=+0.000 | GATE u=+0.212 v=-0.811 sz=0.028 -> +0.0deg x0.00 | uLat=+0.000 desR=-0.0(ff-0.2+0.0) estR=-0.6 estP=+7.0 |a|=0.99g dimu=3578 loop=87Hz det=87Hz
[tube] seg5/bank2 ag=2 thr=0.251 LADDER leg2 -0.0240 VERT trim=+0.0000(coasting 9.1s) | [COMMIT] RAIL[NO-LOCK] found=0 rms=0.00px rows=0 sep=0.000 u=+0.000 vconv=+0.000 | GATE u=+0.225 v=-0.798 sz=0.028 -> +0.0deg x0.00 | uLat=+0.000 desR=-0.0(ff-0.1+0.0) estR=-0.7 estP=+7.0 |a|=0.99g dimu=3607 loop=87Hz det=87Hz
[tube] seg5/bank2 ag=2 thr=0.251 LADDER leg2 -0.0240 VERT trim=+0.0000(coasting 9.4s) | [COMMIT] RAIL[NO-LOCK] found=0 rms=0.00px rows=0 sep=0.000 u=+0.000 vconv=+0.000 | GATE u=+0.235 v=-0.792 sz=0.024 -> +0.0deg x0.00 | uLat=+0.000 desR=-0.0(ff-0.1+0.0) estR=-0.8 estP=+7.0 |a|=0.99g dimu=3636 loop=88Hz det=88Hz
[tube] seg5/bank2 ag=2 thr=0.251 LADDER leg2 -0.0240 VERT trim=+0.0000(coasting 9.6s) | [COMMIT] RAIL[NO-LOCK] found=0 rms=0.00px rows=0 sep=0.000 u=+0.000 vconv=+0.000 | GATE u=+0.247 v=-0.784 sz=0.023 -> +0.0deg x0.00 | uLat=+0.000 desR=-0.0(ff-0.0+0.0) estR=-0.9 estP=+7.0 |a|=0.99g dimu=3666 loop=88Hz det=88Hz
[tube] seg5/bank2 ag=2 thr=0.251 LADDER leg2 -0.0240 VERT trim=+0.0000(coasting 9.9s) | [COMMIT] RAIL[NO-LOCK] found=0 rms=0.00px rows=0 sep=0.000 u=+0.000 vconv=+0.000 | GATE u=+0.259 v=-0.772 sz=0.022 -> +0.0deg x0.00 | uLat=+0.000 desR=-0.0(ff-0.0+0.0) estR=-1.0 estP=+7.0 |a|=0.99g dimu=3695 loop=88Hz det=88Hz
[tube] seg5/bank2 ag=2 thr=0.251 LADDER leg2 -0.0240 VERT trim=+0.0000(coasting 10.2s) | [COMMIT] RAIL[NO-LOCK] found=0 rms=0.00px rows=0 sep=0.000 u=+0.000 vconv=+0.000 | GATE u=+0.270 v=-0.765 sz=0.026 -> +0.0deg x0.00 | uLat=+0.000 desR=-0.0(ff-0.0+0.0) estR=-1.2 estP=+7.0 |a|=0.99g dimu=3724 loop=88Hz det=88Hz
[tube] seg5/bank2 ag=2 thr=0.251 LADDER leg2 -0.0240 VERT trim=+0.0000(coasting 10.4s) | [COMMIT] RAIL[NO-LOCK] found=0 rms=0.00px rows=0 sep=0.000 u=+0.000 vconv=+0.000 | GATE u=+0.289 v=-0.751 sz=0.024 -> +0.0deg x0.00 | uLat=+0.000 desR=-0.0(ff-0.0+0.0) estR=-1.4 estP=+7.0 |a|=1.00g dimu=3753 loop=85Hz det=85Hz
[tube] seg5/bank2 ag=2 thr=0.251 LADDER leg2 -0.0240 VERT trim=+0.0000(coasting 10.7s) | [COMMIT] RAIL[NO-LOCK] found=0 rms=0.00px rows=0 sep=0.000 u=+0.000 vconv=+0.000 | GATE u=+0.308 v=-0.739 sz=0.024 -> +0.0deg x0.00 | uLat=+0.000 desR=-0.0(ff-0.0+0.0) estR=-1.6 estP=+7.0 |a|=1.00g dimu=3784 loop=85Hz det=85Hz
[tube] seg5/bank2 ag=2 thr=0.251 LADDER leg2 -0.0240 VERT trim=+0.0000(coasting 10.9s) | [COMMIT] RAIL[NO-LOCK] found=0 rms=0.00px rows=0 sep=0.000 u=+0.000 vconv=+0.000 | GATE u=+0.337 v=-0.725 sz=0.025 -> +0.0deg x0.00 | uLat=+0.000 desR=-0.0(ff-0.0+0.0) estR=-1.9 estP=+7.0 |a|=1.00g dimu=3812 loop=85Hz det=85Hz
[tube] seg5/bank2 ag=2 thr=0.251 LADDER leg2 -0.0240 VERT trim=+0.0000(coasting 11.2s) | [COMMIT] RAIL[NO-LOCK] found=0 rms=0.00px rows=0 sep=0.000 u=+0.000 vconv=+0.000 | GATE u=+0.360 v=-0.705 sz=0.023 -> +0.0deg x0.00 | uLat=+0.000 desR=-0.0(ff-0.0+0.0) estR=-2.3 estP=+6.9 |a|=1.00g dimu=3842 loop=85Hz det=85Hz
[tube] seg5/bank2 ag=2 thr=0.251 LADDER leg2 -0.0240 VERT trim=+0.0000(coasting 11.4s) | [COMMIT] RAIL[NO-LOCK] found=0 rms=0.00px rows=0 sep=0.000 u=+0.000 vconv=+0.000 | GATE u=+0.384 v=-0.688 sz=0.022 -> +0.0deg x0.00 | uLat=+0.000 desR=-0.0(ff-0.0+0.0) estR=-2.7 estP=+6.9 |a|=1.00g dimu=3871 loop=83Hz det=83Hz
[tube] seg5/bank2 ag=2 thr=0.251 LADDER leg2 -0.0240 VERT trim=+0.0000(coasting 11.7s) | [COMMIT] RAIL[NO-LOCK] found=0 rms=0.00px rows=0 sep=0.000 u=+0.000 vconv=+0.000 | GATE u=+0.423 v=-0.658 sz=0.025 -> +0.0deg x0.00 | uLat=+0.000 desR=-0.0(ff-0.0+0.0) estR=-3.2 estP=+6.9 |a|=1.00g dimu=3901 loop=83Hz det=83Hz
[tube] seg5/bank2 ag=2 thr=0.251 LADDER leg2 -0.0240 VERT trim=+0.0000(coasting 11.9s) | [COMMIT] RAIL[NO-LOCK] found=0 rms=0.00px rows=0 sep=0.000 u=+0.000 vconv=+0.000 | GATE u=+0.464 v=-0.624 sz=0.023 -> +0.0deg x0.00 | uLat=+0.000 desR=-0.0(ff-0.0+0.0) estR=-3.7 estP=+6.9 |a|=1.01g dimu=3931 loop=83Hz det=83Hz
[tube] seg5/bank2 ag=2 thr=0.251 LADDER leg2 -0.0240 VERT trim=+0.0000(coasting 12.2s) | [COMMIT] RAIL[NO-LOCK] found=0 rms=0.00px rows=0 sep=0.000 u=+0.000 vconv=+0.000 | GATE u=+0.504 v=-0.586 sz=0.023 -> +0.0deg x0.00 | uLat=+0.000 desR=-0.0(ff-0.0+0.0) estR=-4.4 estP=+6.9 |a|=1.04g dimu=3960 loop=83Hz det=83Hz
[tube] seg5/bank2 ag=2 thr=0.251 LADDER leg2 -0.0240 VERT trim=+0.0000(coasting 12.4s) | [COMMIT] RAIL[NO-LOCK] found=0 rms=0.00px rows=0 sep=0.000 u=+0.000 vconv=+0.000 | GATE u=+0.558 v=-0.529 sz=0.023 -> +0.0deg x0.00 | uLat=+0.000 desR=-0.0(ff-0.0+0.0) estR=-5.3 estP=+6.8 |a|=1.03g dimu=3990 loop=85Hz det=85Hz
[tube] seg5/bank2 ag=2 thr=0.251 LADDER leg2 -0.0240 VERT trim=+0.0000(coasting 12.7s) | [COMMIT] RAIL[NO-LOCK] found=0 rms=0.00px rows=0 sep=0.000 u=+0.000 vconv=+0.000 | GATE u=+0.624 v=-0.451 sz=0.024 -> +0.0deg x0.00 | uLat=+0.000 desR=-0.0(ff-0.0+0.0) estR=-6.4 estP=+6.8 |a|=1.03g dimu=4019 loop=85Hz det=85Hz
[tube] seg5/bank2 ag=2 thr=0.251 LADDER leg2 -0.0240 VERT trim=+0.0000(coasting 13.0s) | [COMMIT] RAIL[NO-LOCK] found=0 rms=0.00px rows=0 sep=0.000 u=+0.000 vconv=+0.000 | GATE u=+0.927 v=-0.901 sz=0.029 -> +0.0deg x0.00 | uLat=+0.000 desR=-0.0(ff-0.0+0.0) estR=-7.5 estP=+6.9 |a|=1.02g dimu=4050 loop=85Hz det=85Hz
[tube] seg5/bank2 ag=2 thr=0.251 LADDER leg2 -0.0240 VERT trim=+0.0000(coasting 13.2s) | [COMMIT] RAIL[NO-LOCK] found=0 rms=0.00px rows=0 sep=0.000 u=+0.000 vconv=+0.000 | GATE u=+0.772 v=-0.235 sz=0.025 -> +0.0deg x0.00 | uLat=+0.000 desR=-0.0(ff-0.0+0.0) estR=-8.6 estP=+7.0 |a|=1.02g dimu=4080 loop=85Hz det=85Hz
[tube] seg5/bank2 ag=2 thr=0.251 LADDER leg2 -0.0240 VERT trim=+0.0000(coasting 13.5s) | [COMMIT] RAIL[NO-LOCK] found=0 rms=0.00px rows=0 sep=0.000 u=+0.000 vconv=+0.000 | GATE u=+0.865 v=-0.053 sz=0.025 -> +0.0deg x0.00 | uLat=+0.000 desR=-0.0(ff-0.0+0.0) estR=-10.2 estP=+7.1 |a|=0.99g dimu=4109 loop=81Hz det=81Hz
[tube] seg5/bank2 ag=2 thr=0.251 LADDER leg2 -0.0240 VERT trim=+0.0000(coasting 13.7s) | [COMMIT] RAIL[NO-LOCK] found=0 rms=0.00px rows=0 sep=0.000 u=+0.000 vconv=+0.000 | GATE u=+0.967 v=+0.189 sz=0.027 -> +0.0deg x0.00 | uLat=+0.000 desR=-0.0(ff-0.0+0.0) estR=-11.2 estP=+7.3 |a|=0.95g dimu=4139 loop=81Hz det=81Hz
[tube] seg5/bank2 ag=2 thr=0.251 LADDER leg2 -0.0240 VERT trim=+0.0000(coasting 14.0s) | [COMMIT] RAIL[NO-LOCK] found=0 rms=0.00px rows=0 sep=0.000 u=+0.000 vconv=+0.000 | GATE u=+0.679 v=+0.579 sz=0.020 -> +0.0deg x0.00 | uLat=+0.000 desR=-0.0(ff-0.0+0.0) estR=-12.2 estP=+7.7 |a|=0.87g dimu=4169 loop=81Hz det=81Hz
[tube] seg5/bank2 ag=2 thr=0.251 LADDER leg2 -0.0240 VERT trim=+0.0000(coasting 14.3s) | [COMMIT] RAIL[NO-LOCK] found=0 rms=0.00px rows=1 sep=0.000 u=+0.000 vconv=+0.000 | GATE u=+0.720 v=+0.815 sz=0.022 -> +0.0deg x0.00 | uLat=+0.000 desR=-0.0(ff-0.0+0.0) estR=-7.1 estP=+7.7 |a|=0.78g dimu=4199 loop=81Hz det=81Hz
[tube] seg5/bank2 ag=2 thr=0.251 LADDER leg2 -0.0240 VERT trim=+0.0000(coasting 14.5s) | [COMMIT] RAIL[NO-LOCK] found=0 rms=0.00px rows=1 sep=0.000 u=+0.000 vconv=+0.000 | GATE -- | uLat=+0.000 desR=-0.0(ff-0.0+0.0) estR=-3.2 estP=+7.6 |a|=0.78g dimu=4228 loop=84Hz det=84Hz
[tube] seg5/bank2 ag=2 thr=0.251 LADDER leg2 -0.0240 VERT trim=+0.0000(coasting 14.8s) | [COMMIT] RAIL[NO-LOCK] found=0 rms=0.00px rows=0 sep=0.000 u=+0.000 vconv=+0.000 | GATE -- | uLat=+0.000 desR=-0.0(ff-0.0+0.0) estR=-1.3 estP=+7.6 |a|=0.76g dimu=4257 loop=84Hz det=84Hz
[tube] max flight 35.0s -- stop. seg=5 ag=2
[sched] throttle-0 + DISARM sent.
[tube] final active_gate=2  gates passed=2/6
