[STAMP] EXEC FILE = C:\Users\nohab\Desktop\AI GP\AI-GrandPrix-\tools\schedule_flier.py
[STAMP] schedule_flier.py sha=46315e331e mtime=2026-08-03T00:48:16 git=e5dfbfc
[STAMP] mode=coast-tube cruise=8.0 level_thrust=0.275 sink_slope=17.6 banks=[0..5] pulse_s=0.5 thrust_bias=0.0 flip=False
[STAMP]   seg0 SPAWN->START thr=0.275 bank=+5.0 slope=-1.3
[STAMP]   seg1 START->g1 thr=0.178 bank=+10.8 slope=+12.1
[STAMP]   seg2 g1->g2 thr=0.135 bank=-13.0 slope=+17.1
[STAMP]   seg3 g2->g3 thr=0.143 bank=+12.4 slope=+16.2
[STAMP]   seg4 g3->g4 thr=0.260 bank=-21.0 slope=+1.9
[STAMP]   seg5 g4->FINIS thr=0.263 bank=+18.4 slope=+1.5
[sched] tune overrides: {'cruise_pitch_deg': -24.0, 'ol_kp_att': 3.0}
[tube] *** --gate-vert-coast-bias -0.030 FORCED to 0.000: the altitude ladder owns the between-gate descent and a leg-independent bias on top of it double-counts. ***
[tube] cruise 8.0 m/s bias +0.000 | PITCH=PURE COAST (hold removed), THRUST=CONST 0.275 (sink-map schedule OVERRIDDEN) | LEVEL-LOCK off (--gate-vert-level-band 0) | ALTITUDE LADDER per-leg [-0.005, 0.039, 0.024, 0.033, 0.004, 0.003] anchor 0.035 @ leg2 (+17.1deg) scale 1.00 overrides {0: -0.005, 1: 0.039, 2: 0.024} (leg index = ACTIVE_GATE) | slew up 0.60/s down 0.60/s + GATE-VERT trim PER-LEG by active_gate ag0[-0.045,+0.060] ag1[-0.015,+0.100] ag2[-0.015,+0.100] ag3[-0.015,+0.100] ag4[-0.015,+0.100] ag5[-0.015,+0.100] (last entry fills any higher ag) kv=0.16 kdv=0.1 size>=0.05 dead-decay=1.5s -> bias +0.000 (= HOLD the leg baseline) + VERT COMMIT sz_f>=0.18 on ag<=0 ONLY: freeze the PD, ease the held trim to the leg baseline over tau=0.20s (reversible, not a latch). ag>0 keeps the LIVE PD so the arrest can fire (flt40 plunged at gate 2 with the commit applied everywhere), LATERAL=GATE-CENTRING(closed) k=1.0 clamp 11deg size>=0.10 -- the ONLY steering law (no rail lateral flag passed). RAIL DETECTOR ON EVERY leg (--log-tube), HALF res ~3.4 ms/frame (reuses the gate detector array; agrees with full res to 0.0002 in offset) + CLOSE-RANGE COMMIT, ag>=2 ONLY: sz_f>=0.16 slews des_roll -> 0 over tau=0.20s (reversible, not a latch). ag<2 UNTOUCHED: commit_k forced to exactly 1.0 = bit-for-bit the --gate-commit-size 0 law (flt9's; NOT flt11's, which ran the commit unscoped on ag 0-1), NO backbone flip=False | POST-GATE HOLD: hold gate-1 exit cmd for 1.5s, decay tau 0.5s, resume at size>=0.20, live-corr 30%. | LEG1 BANK +5.0deg LEFT (on ag==1, summed with centring then clamped) | LEG2 (ag==2) PRE-TURN -4.5deg RIGHT, vision clamp 9deg (TIGHTER than the global 11 -- feed-forward leads) | GATE FILTER tau=0.20s hold=0.40s fade=0.50s (shared by BOTH loops) | TUBE FILTER shares those constants (log-only) | kp_att=3.0 kd_att=0.05
[tube]   seg0 SPAWN->START slope  -1.3 d+0.0050 OVERRIDE thr 0.280       | bank    -- (backbone off)
[tube]   seg1 START->g1    slope +12.1 d-0.0390 OVERRIDE thr 0.236       | bank    -- (backbone off)
[tube]   seg2    g1->g2    slope +17.1 d-0.0240 OVERRIDE thr 0.251       | bank    -- (backbone off)
[tube]   seg3    g2->g3    slope +16.2 d-0.0332 thr 0.242       | bank    -- (backbone off)
[tube]   seg4    g3->g4    slope  +1.9 d-0.0039 thr 0.271       | bank    -- (backbone off)
[tube]   seg5    g4->FINIS slope  +1.5 d-0.0031 thr 0.272       | bank    -- (backbone off)
[sched] waiting for heartbeat ...
[sched] heartbeat sys 1
[sched] ARM sent; waiting for GO ...
[sched] GO.
[tube] per-tick log -> C:\Users\nohab\Desktop\AI GP\AI-GrandPrix-\filt_auto_104.csv
[tube] seg0 ag=0 thr=0.283 LADDER leg0 --0.0050 VERT trim=+0.0031 | [steer ] RAIL[lock] found=1 rms=0.38px rows=80 sep=0.442 u=+0.002 vconv=-0.360 | GATE u=+0.019 v=-0.019 sz=0.086 -> +0.0deg x1.00 | uLat=+0.000 desR=+0.0(ff+0.0+0.0) estR=+0.0 estP=-17.8 |a|=1.00g dimu=274 loop=0Hz det=0Hz
[tube] seg0 ag=0 thr=0.283 LADDER leg0 --0.0050 VERT trim=+0.0035 | [steer ] RAIL[lock-REJ] found=1 rms=3.59px rows=66 sep=0.412 u=+0.009 vconv=-0.356 | GATE u=+0.020 v=-0.023 sz=0.088 -> +0.0deg x1.00 | uLat=+0.000 desR=+0.0(ff+0.0+0.0) estR=+0.0 estP=-11.7 |a|=1.10g dimu=302 loop=0Hz det=0Hz
[tube] seg0 ag=0 thr=0.281 LADDER leg0 --0.0050 VERT trim=+0.0008 | [steer ] RAIL[lock] found=1 rms=0.42px rows=59 sep=0.541 u=+0.005 vconv=-0.345 | GATE u=+0.021 v=-0.008 sz=0.081 -> +0.0deg x1.00 | uLat=+0.000 desR=+0.0(ff+0.0+0.0) estR=+0.0 estP=-6.6 |a|=1.08g dimu=332 loop=0Hz det=0Hz
[tube] seg0 ag=0 thr=0.280 LADDER leg0 --0.0050 VERT trim=+0.0002 | [steer ] RAIL[NO-LOCK] found=0 rms=14.37px rows=25 sep=-1.373 u=+0.005 vconv=+0.360 | GATE u=+0.021 v=-0.013 sz=0.083 -> +0.0deg x1.00 | uLat=+0.000 desR=+0.0(ff+0.0+0.0) estR=+0.0 estP=-4.1 |a|=1.06g dimu=361 loop=0Hz det=0Hz
[tube] seg0 ag=0 thr=0.282 LADDER leg0 --0.0050 VERT trim=+0.0022 | [steer ] RAIL[NO-LOCK] found=0 rms=0.00px rows=0 sep=0.000 u=+0.005 vconv=+0.000 | GATE u=+0.016 v=-0.013 sz=0.087 -> +0.0deg x1.00 | uLat=+0.000 desR=+0.0(ff+0.0+0.0) estR=+0.0 estP=-3.3 |a|=1.07g dimu=390 loop=70Hz det=69Hz
[tube] seg0 ag=0 thr=0.282 LADDER leg0 --0.0050 VERT trim=+0.0019 | [steer ] RAIL[NO-LOCK] found=0 rms=0.00px rows=0 sep=0.000 u=+0.004 vconv=+0.000 | GATE u=+0.019 v=-0.015 sz=0.095 -> +0.0deg x1.00 | uLat=+0.000 desR=+0.0(ff+0.0+0.0) estR=+0.0 estP=-3.3 |a|=1.07g dimu=420 loop=70Hz det=69Hz
[tube] seg0 ag=0 thr=0.278 LADDER leg0 --0.0050 VERT trim=-0.0020 | [steer ] RAIL[NO-LOCK] found=0 rms=0.00px rows=8 sep=0.000 u=+0.002 vconv=+0.000 | GATE u=+0.020 v=+0.017 sz=0.086 -> +0.0deg x1.00 | uLat=+0.000 desR=+0.0(ff+0.0+0.0) estR=+0.0 estP=-3.7 |a|=1.04g dimu=450 loop=70Hz det=69Hz
[tube] seg0 ag=0 thr=0.277 LADDER leg0 --0.0050 VERT trim=-0.0031 | [steer ] RAIL[NO-LOCK] found=0 rms=0.00px rows=6 sep=0.000 u=+0.001 vconv=+0.000 | GATE u=+0.019 v=-0.004 sz=0.102 -> +0.0deg x1.00 | uLat=+0.000 desR=+0.0(ff+0.0+0.0) estR=+0.0 estP=-4.7 |a|=1.02g dimu=479 loop=70Hz det=69Hz
[tube] seg0 ag=0 thr=0.283 LADDER leg0 --0.0050 VERT trim=+0.0030 | [steer ] RAIL[NO-LOCK] found=0 rms=0.00px rows=1 sep=0.000 u=+0.001 vconv=+0.000 | GATE u=+0.022 v=-0.007 sz=0.111 -> -1.2deg x1.00 | uLat=-0.021 desR=-1.2(ff+0.0-1.2) estR=-0.2 estP=-5.7 |a|=1.07g dimu=508 loop=82Hz det=82Hz
[tube] seg0 ag=0 thr=0.281 LADDER leg0 --0.0050 VERT trim=+0.0009 | [steer ] RAIL[NO-LOCK] found=0 rms=0.00px rows=0 sep=0.000 u=+0.001 vconv=+0.000 | GATE u=+0.019 v=-0.001 sz=0.120 -> -1.2deg x1.00 | uLat=-0.021 desR=-1.2(ff+0.0-1.2) estR=-0.5 estP=-6.7 |a|=1.06g dimu=537 loop=82Hz det=82Hz
[tube] seg0 ag=0 thr=0.263 LADDER leg0 --0.0050 VERT trim=-0.0171 | [steer ] RAIL[lock-REJ] found=1 rms=0.93px rows=26 sep=0.082 u=-0.007 vconv=-0.400 | GATE u=+0.026 v=+0.085 sz=0.142 -> -1.3deg x1.00 | uLat=-0.022 desR=-1.3(ff+0.0-1.3) estR=-0.6 estP=-8.0 |a|=0.91g dimu=567 loop=82Hz det=82Hz
[tube] seg0 ag=0 thr=0.259 LADDER leg0 --0.0050 VERT trim=-0.0209 | [steer ] RAIL[NO-LOCK] found=0 rms=0.00px rows=8 sep=0.000 u=-0.007 vconv=+0.000 | GATE u=+0.021 v=+0.067 sz=0.161 -> -1.4deg x1.00 | uLat=-0.025 desR=-1.4(ff+0.0-1.4) estR=-0.7 estP=-9.7 |a|=0.93g dimu=598 loop=82Hz det=82Hz
[tube] seg0 ag=0 thr=0.269 LADDER leg0 --0.0050 VERT trim=-0.0108 | [steer ] RAIL[NO-LOCK] found=0 rms=0.00px rows=1 sep=0.000 u=-0.006 vconv=+0.000 | GATE u=+0.018 v=+0.051 sz=0.187 -> -1.2deg x1.00 | uLat=-0.021 desR=-1.2(ff+0.0-1.2) estR=-0.7 estP=-10.7 |a|=1.00g dimu=628 loop=70Hz det=70Hz
[tube] seg0 ag=0 thr=0.276 LADDER leg0 --0.0050 [VCOMMIT] VERT trim=-0.0043 | [steer ] RAIL[NO-LOCK] found=0 rms=0.00px rows=7 sep=0.000 u=-0.003 vconv=+0.000 | GATE u=+0.014 v=+0.040 sz=0.213 -> -1.0deg x1.00 | uLat=-0.017 desR=-1.0(ff+0.0-1.0) estR=-0.6 estP=-11.5 |a|=1.03g dimu=657 loop=70Hz det=70Hz
[tube] seg0 ag=0 thr=0.279 LADDER leg0 --0.0050 [VCOMMIT] VERT trim=-0.0012 | [steer ] RAIL[NO-LOCK] found=0 rms=0.00px rows=0 sep=0.000 u=-0.002 vconv=+0.000 | GATE u=+0.006 v=+0.031 sz=0.258 -> -0.7deg x1.00 | uLat=-0.012 desR=-0.7(ff+0.0-0.7) estR=-0.4 estP=-12.1 |a|=1.06g dimu=688 loop=70Hz det=70Hz
[tube] seg0 ag=0 thr=0.280 LADDER leg0 --0.0050 [VCOMMIT] VERT trim=-0.0004 | [steer ] RAIL[NO-LOCK] found=0 rms=0.00px rows=4 sep=0.000 u=-0.001 vconv=+0.000 | GATE u=-0.011 v=+0.031 sz=0.334 -> -0.1deg x1.00 | uLat=-0.001 desR=-0.1(ff+0.0-0.1) estR=-0.3 estP=-12.6 |a|=1.06g dimu=717 loop=70Hz det=70Hz
[tube] >>> seg -> 1 (TIME fallback) t=4.1s
[tube] seg1/bank0 ag=0 thr=0.280 LADDER leg0 --0.0050 [VCOMMIT] VERT trim=-0.0001 | [steer ] RAIL[NO-LOCK] found=0 rms=0.00px rows=16 sep=0.000 u=-0.001 vconv=+0.000 | GATE u=-0.049 v=+0.068 sz=0.499 -> +1.2deg x1.00 | uLat=+0.021 desR=+1.2(ff+0.0+1.2) estR=+0.1 estP=-13.2 |a|=1.05g dimu=750 loop=50Hz det=50Hz
[tube] seg1/bank0 ag=0 thr=0.280 LADDER leg0 --0.0050 [VCOMMIT] VERT trim=-0.0000 | [steer ] RAIL[NO-LOCK] found=0 rms=0.00px rows=19 sep=0.000 u=-0.056 vconv=+0.000 | GATE -- | uLat=+0.035 desR=+2.0(ff+0.0+2.0) estR=+0.7 estP=-13.7 |a|=1.06g dimu=777 loop=50Hz det=50Hz
[tube] seg1/bank0 ag=0 thr=0.280 LADDER leg0 --0.0050 [VCOMMIT] VERT trim=-0.0000 | [steer ] RAIL[NO-LOCK] found=0 rms=0.00px rows=17 sep=0.000 u=-0.141 vconv=+0.000 | GATE u=+0.045 v=+0.484 sz=0.098 -> -1.8deg x1.00 | uLat=-0.031 desR=-1.8(ff+0.0-1.8) estR=+1.0 estP=-14.2 |a|=1.06g dimu=807 loop=50Hz det=50Hz
[tube] seg1 ag=1 thr=0.221 LADDER leg1 -0.0390 VERT trim=-0.0150 | [steer ] RAIL[NO-LOCK] found=0 rms=0.00px rows=5 sep=0.000 u=-0.141 vconv=+0.000 | GATE u=+0.045 v=+0.537 sz=0.108 -> +0.0deg x1.00 | uLat=-0.041 desR=+5.0(ff+5.0+0.0) estR=+1.0 estP=-14.8 |a|=0.57g dimu=836 loop=50Hz det=50Hz
[tube] seg1 ag=1 thr=0.221 LADDER leg1 -0.0390 VERT trim=-0.0150 | [steer ] RAIL[NO-LOCK] found=0 rms=0.00px rows=1 sep=0.000 u=-0.105 vconv=+0.000 | GATE u=+0.041 v=+0.581 sz=0.114 -> -0.3deg x1.00 | uLat=-0.043 desR=+4.7(ff+5.0-0.3) estR=+3.0 estP=-14.8 |a|=0.79g dimu=866 loop=62Hz det=62Hz
[tube] seg1 ag=1 thr=0.221 LADDER leg1 -0.0390 VERT trim=-0.0150 | [steer ] RAIL[NO-LOCK] found=0 rms=0.00px rows=5 sep=0.000 u=-0.063 vconv=+0.000 | GATE u=+0.041 v=+0.638 sz=0.130 -> -0.5deg x1.00 | uLat=-0.042 desR=+4.5(ff+5.0-0.5) estR=+3.9 estP=-14.8 |a|=0.82g dimu=895 loop=62Hz det=62Hz
[tube] seg1 ag=1 thr=0.221 LADDER leg1 -0.0390 VERT trim=-0.0150 | [steer ] RAIL[NO-LOCK] found=0 rms=0.00px rows=0 sep=0.000 u=-0.038 vconv=+0.000 | GATE u=+0.033 v=+0.682 sz=0.145 -> -0.5deg x1.00 | uLat=-0.038 desR=+4.5(ff+5.0-0.5) estR=+4.3 estP=-14.8 |a|=0.82g dimu=925 loop=62Hz det=62Hz
[tube] seg1 ag=1 thr=0.221 LADDER leg1 -0.0390 VERT trim=-0.0150 | [steer ] RAIL[NO-LOCK] found=0 rms=0.00px rows=0 sep=0.000 u=-0.022 vconv=+0.000 | GATE u=+0.031 v=+0.728 sz=0.159 -> -0.5deg x1.00 | uLat=-0.033 desR=+4.5(ff+5.0-0.5) estR=+4.4 estP=-14.8 |a|=0.84g dimu=955 loop=62Hz det=62Hz
[tube] seg1 ag=1 thr=0.221 LADDER leg1 -0.0390 VERT trim=-0.0150 | [steer ] RAIL[NO-LOCK] found=0 rms=0.00px rows=0 sep=0.000 u=-0.014 vconv=+0.000 | GATE u=+0.025 v=+0.763 sz=0.174 -> -0.5deg x1.00 | uLat=-0.030 desR=+4.5(ff+5.0-0.5) estR=+4.1 estP=-15.3 |a|=0.87g dimu=984 loop=76Hz det=76Hz
[tube] seg1 ag=1 thr=0.221 LADDER leg1 -0.0390 VERT trim=-0.0150 | [steer ] RAIL[NO-LOCK] found=0 rms=0.00px rows=1 sep=0.000 u=-0.008 vconv=+0.000 | GATE u=+0.019 v=+0.755 sz=0.188 -> -1.4deg x1.00 | uLat=-0.024 desR=+3.6(ff+5.0-1.4) estR=+3.4 estP=-16.2 |a|=0.82g dimu=1014 loop=76Hz det=76Hz
[tube] seg1 ag=1 thr=0.221 LADDER leg1 -0.0390 VERT trim=-0.0150 | [steer ] RAIL[NO-LOCK] found=0 rms=0.00px rows=0 sep=0.000 u=-0.005 vconv=+0.000 | GATE u=+0.019 v=+0.725 sz=0.202 -> -1.2deg x1.00 | uLat=-0.021 desR=+3.8(ff+5.0-1.2) estR=+2.8 estP=-17.2 |a|=0.86g dimu=1043 loop=76Hz det=76Hz
[tube] seg1 ag=1 thr=0.221 LADDER leg1 -0.0390 VERT trim=-0.0150 | [steer ] RAIL[NO-LOCK] found=0 rms=0.00px rows=5 sep=0.000 u=-0.003 vconv=+0.000 | GATE u=+0.013 v=+0.687 sz=0.246 -> -0.9deg x1.00 | uLat=-0.016 desR=+4.1(ff+5.0-0.9) estR=+2.3 estP=-18.4 |a|=0.87g dimu=1073 loop=76Hz det=76Hz
[tube] seg1 ag=1 thr=0.221 LADDER leg1 -0.0390 VERT trim=-0.0150 | [steer ] RAIL[NO-LOCK] found=0 rms=0.00px rows=11 sep=0.000 u=+0.000 vconv=+0.000 | GATE u=+0.014 v=+0.607 sz=0.325 -> -0.8deg x1.00 | uLat=-0.013 desR=+4.2(ff+5.0-0.8) estR=+2.3 estP=-19.1 |a|=0.88g dimu=1102 loop=62Hz det=62Hz
[tube] seg1 ag=1 thr=0.221 LADDER leg1 -0.0390 VERT trim=-0.0150 | [steer ] RAIL[lock-REJ] found=1 rms=4.23px rows=27 sep=0.079 u=-0.021 vconv=+0.611 | GATE u=+0.047 v=+0.371 sz=0.522 -> -1.6deg x1.00 | uLat=-0.028 desR=+1.3(ff+5.0-1.6) estR=+2.1 estP=-19.4 |a|=0.90g dimu=1141 loop=62Hz det=62Hz
[tube] seg1 ag=1 thr=0.224 LADDER leg1 -0.0390 VERT trim=-0.0115 | [steer ] RAIL[NO-LOCK] found=0 rms=0.00px rows=19 sep=0.000 u=-0.011 vconv=+0.000 | GATE u=-0.138 v=+0.550 sz=0.052 -> +10.4deg x1.00 | uLat=+0.182 desR=+0.4(ff+5.0+10.4) estR=+0.6 estP=-19.5 |a|=0.91g dimu=1175 loop=62Hz det=62Hz
[tube] >>> seg -> 2 (active_gate) t=8.0s
[tube] seg2 ag=2 thr=0.250 LADDER leg2 -0.0240 VERT trim=-0.0150 | [steer ] RAIL[NO-LOCK] found=0 rms=4.70px rows=36 sep=0.044 u=-0.027 vconv=-0.400 | GATE u=-0.135 v=+0.548 sz=0.064 -> -0.6deg x1.00 | uLat=+0.149 desR=-5.1(ff-4.5-0.6) estR=+0.1 estP=-19.5 |a|=0.92g dimu=1206 loop=62Hz det=62Hz
[tube] seg2 ag=2 thr=0.335 LADDER leg2 -0.0240 VERT trim=-0.0150 | [steer ] RAIL[NO-LOCK] found=0 rms=4.26px rows=25 sep=0.049 u=-0.040 vconv=-0.389 | GATE u=-0.122 v=+0.515 sz=0.067 -> -0.3deg x1.00 | uLat=+0.133 desR=-4.8(ff-4.5-0.3) estR=-2.6 estP=-19.1 |a|=1.56g dimu=1236 loop=43Hz det=43Hz
[tube] seg2 ag=2 thr=0.316 LADDER leg2 -0.0240 VERT trim=-0.0150 | [steer ] RAIL[NO-LOCK] found=0 rms=1.55px rows=65 sep=-0.055 u=-0.040 vconv=+0.571 | GATE u=-0.120 v=+0.485 sz=0.083 -> -0.2deg x1.00 | uLat=+0.125 desR=-4.7(ff-4.5-0.2) estR=-3.8 estP=-19.1 |a|=1.36g dimu=1265 loop=43Hz det=43Hz
[tube] seg2 ag=2 thr=0.296 LADDER leg2 -0.0240 VERT trim=-0.0150 | [steer ] RAIL[NO-LOCK] found=0 rms=0.34px rows=69 sep=-0.002 u=-0.026 vconv=+0.968 | GATE u=-0.086 v=+0.486 sz=0.055 -> -0.1deg x1.00 | uLat=+0.104 desR=-4.6(ff-4.5-0.1) estR=-4.3 estP=-19.1 |a|=1.23g dimu=1296 loop=43Hz det=43Hz
[tube] seg2 ag=2 thr=0.277 LADDER leg2 -0.0240 VERT trim=-0.0150 | [steer ] RAIL[NO-LOCK] found=0 rms=11.78px rows=59 sep=0.087 u=-0.046 vconv=-0.400 | GATE u=-0.103 v=+0.456 sz=0.104 -> -0.1deg x1.00 | uLat=+0.100 desR=-4.6(ff-4.5-0.1) estR=-3.4 estP=-18.2 |a|=1.09g dimu=1325 loop=68Hz det=68Hz
[tube] seg2 ag=2 thr=0.257 LADDER leg2 -0.0240 VERT trim=-0.0150 | [steer ] RAIL[NO-LOCK] found=0 rms=1.66px rows=46 sep=-0.094 u=-0.055 vconv=+0.796 | GATE u=-0.106 v=+0.481 sz=0.123 -> -0.0deg x1.00 | uLat=+0.104 desR=-4.5(ff-4.5-0.0) estR=-2.8 estP=-17.7 |a|=0.98g dimu=1355 loop=68Hz det=68Hz
[tube] seg2 ag=2 thr=0.239 LADDER leg2 -0.0240 VERT trim=-0.0150 | [steer ] RAIL[NO-LOCK] found=0 rms=0.00px rows=6 sep=0.000 u=-0.050 vconv=+0.000 | GATE u=-0.100 v=+0.511 sz=0.138 -> +0.0deg x1.00 | uLat=+0.102 desR=-4.5(ff-4.5+0.0) estR=-2.8 estP=-18.3 |a|=0.89g dimu=1383 loop=68Hz det=68Hz
[tube] seg2 ag=2 thr=0.236 LADDER leg2 -0.0240 VERT trim=-0.0150 | [steer ] RAIL[NO-LOCK] found=0 rms=0.00px rows=6 sep=0.000 u=-0.029 vconv=+0.000 | GATE u=-0.094 v=+0.525 sz=0.163 -> +0.0deg x1.00 | uLat=+0.099 desR=-4.5(ff-4.5+0.0) estR=-2.8 estP=-19.1 |a|=0.91g dimu=1414 loop=68Hz det=68Hz
[tube] seg2 ag=2 thr=0.236 LADDER leg2 -0.0240 VERT trim=-0.0150 | [steer ] RAIL[NO-LOCK] found=0 rms=0.00px rows=9 sep=0.000 u=-0.017 vconv=+0.000 | GATE u=-0.087 v=+0.525 sz=0.184 -> +0.0deg x1.00 | uLat=+0.092 desR=-4.5(ff-4.5+0.0) estR=-2.7 estP=-19.3 |a|=0.92g dimu=1444 loop=66Hz det=66Hz
[tube] seg2 ag=2 thr=0.236 LADDER leg2 -0.0240 VERT trim=-0.0150 | [steer ] RAIL[NO-LOCK] found=0 rms=0.00px rows=6 sep=0.000 u=-0.010 vconv=+0.000 | GATE u=-0.067 v=+0.531 sz=0.235 -> +0.0deg x1.00 | uLat=+0.078 desR=-4.5(ff-4.5+0.0) estR=-2.6 estP=-19.4 |a|=0.93g dimu=1477 loop=66Hz det=66Hz
[tube] seg2 ag=2 thr=0.236 LADDER leg2 -0.0240 VERT trim=-0.0150 | [COMMIT] RAIL[NO-LOCK] found=0 rms=0.00px rows=2 sep=0.000 u=-0.006 vconv=+0.000 | GATE u=-0.060 v=+0.509 sz=0.289 -> +0.0deg x0.46 | uLat=+0.067 desR=-2.1(ff-4.5+0.0) estR=-2.2 estP=-19.3 |a|=0.93g dimu=1506 loop=66Hz det=66Hz
[tube] seg2 ag=2 thr=0.221 LADDER leg2 -0.0240 VERT trim=-0.0150 | [COMMIT] RAIL[NO-LOCK] found=0 rms=0.00px rows=16 sep=0.000 u=-0.004 vconv=+0.000 | GATE u=-0.052 v=+0.439 sz=0.386 -> +0.0deg x0.14 | uLat=+0.059 desR=-0.6(ff-4.5+0.0) estR=-1.3 estP=-19.4 |a|=0.86g dimu=1537 loop=66Hz det=66Hz
[tube] seg2 ag=2 thr=0.227 LADDER leg2 -0.0240 VERT trim=-0.0094 | [COMMIT] RAIL[NO-LOCK] found=0 rms=3.40px rows=19 sep=0.140 u=-0.002 vconv=+0.283 | GATE u=-0.044 v=+0.155 sz=0.591 -> +0.0deg x0.03 | uLat=+0.049 desR=-0.2(ff-4.5+0.0) estR=-0.3 estP=-19.9 |a|=0.87g dimu=1577 loop=45Hz det=45Hz
[tube] seg2 ag=2 thr=0.227 LADDER leg2 -0.0240 VERT trim=-0.0094 | [COMMIT] RAIL[NO-LOCK] found=0 rms=0.00px rows=12 sep=0.000 u=-0.001 vconv=+0.000 | GATE -- | uLat=+0.049 desR=-0.0(ff-4.5+0.0) estR=-0.1 estP=-19.8 |a|=0.92g dimu=1600 loop=45Hz det=45Hz
[coast] !!! COLLISION GATE at t=11.5s (ag=2)
[tube] seg2 ag=2 thr=0.243 LADDER leg2 -0.0240 VERT trim=-0.0075 | [COMMIT] RAIL[NO-LOCK] found=0 rms=2.07px rows=20 sep=0.039 u=+0.000 vconv=-0.144 | GATE -- | uLat=+0.039 desR=-0.0(ff-3.3+0.0) estR=-10.4 estP=-32.1 |a|=0.60g dimu=1630 loop=45Hz det=45Hz
[tube] seg2 ag=2 thr=0.340 LADDER leg2 -0.0240 VERT trim=+0.1000 | [COMMIT] RAIL[NO-LOCK] found=0 rms=0.43px rows=20 sep=-0.054 u=+0.024 vconv=+0.334 | GATE u=-0.716 v=-0.946 sz=0.179 -> +0.0deg x0.00 | uLat=+0.322 desR=-0.0(ff-3.4+0.0) estR=-2.3 estP=-22.6 |a|=1.31g dimu=1662 loop=45Hz det=45Hz
[tube] seg2 ag=2 thr=0.249 LADDER leg2 -0.0240 VERT trim=-0.0150 | [COMMIT] RAIL[NO-LOCK] found=0 rms=0.00px rows=19 sep=0.000 u=+0.021 vconv=+0.000 | GATE u=+0.235 v=+0.851 sz=0.061 -> +0.0deg x0.00 | uLat=+0.043 desR=-0.0(ff-3.9+0.0) estR=-0.7 estP=-20.1 |a|=0.76g dimu=1689 loop=46Hz det=46Hz
[tube] seg2 ag=2 thr=0.236 LADDER leg2 -0.0240 VERT trim=-0.0150 | [COMMIT] RAIL[NO-LOCK] found=0 rms=0.00px rows=0 sep=0.000 u=+0.036 vconv=+0.000 | GATE u=+0.224 v=+0.806 sz=0.060 -> -2.9deg x0.00 | uLat=-0.149 desR=-0.0(ff-4.2-0.0) estR=-0.2 estP=-19.1 |a|=0.87g dimu=1719 loop=46Hz det=46Hz
[tube] seg2 ag=2 thr=0.236 LADDER leg2 -0.0240 VERT trim=-0.0150 | [COMMIT] RAIL[NO-LOCK] found=0 rms=0.00px rows=1 sep=0.000 u=+0.031 vconv=+0.000 | GATE u=+0.215 v=+0.764 sz=0.059 -> -1.5deg x0.00 | uLat=-0.199 desR=-0.0(ff-4.3-0.0) estR=+0.2 estP=-11.5 |a|=0.88g dimu=1749 loop=46Hz det=46Hz
[tube] seg2 ag=2 thr=0.236 LADDER leg2 -0.0240 VERT trim=-0.0150 | [COMMIT] RAIL[NO-LOCK] found=0 rms=0.00px rows=0 sep=0.000 u=+0.018 vconv=+0.000 | GATE u=+0.203 v=+0.710 sz=0.057 -> -0.8deg x0.00 | uLat=-0.205 desR=-0.0(ff-4.4-0.0) estR=+0.3 estP=-6.9 |a|=0.89g dimu=1778 loop=46Hz det=46Hz
[tube] >>> seg -> 3 (TIME fallback) t=13.1s
[tube] seg3/bank2 ag=2 thr=0.236 LADDER leg2 -0.0240 VERT trim=-0.0150 | [COMMIT] RAIL[NO-LOCK] found=0 rms=0.00px rows=0 sep=0.000 u=+0.011 vconv=+0.000 | GATE u=+0.192 v=+0.650 sz=0.057 -> -0.7deg x0.00 | uLat=-0.198 desR=-0.0(ff-4.5-0.0) estR=+0.3 estP=-4.1 |a|=0.88g dimu=1808 loop=80Hz det=80Hz
[tube] seg3/bank2 ag=2 thr=0.236 LADDER leg2 -0.0240 VERT trim=-0.0150 | [COMMIT] RAIL[NO-LOCK] found=0 rms=0.00px rows=0 sep=0.000 u=+0.007 vconv=+0.000 | GATE u=+0.136 v=+0.580 sz=0.070 -> -1.2deg x0.00 | uLat=-0.167 desR=-0.0(ff-4.5-0.0) estR=+0.4 estP=-2.4 |a|=0.90g dimu=1839 loop=80Hz det=80Hz
[tube] seg3/bank2 ag=2 thr=0.236 LADDER leg2 -0.0240 VERT trim=-0.0150 | [COMMIT] RAIL[NO-LOCK] found=0 rms=0.00px rows=0 sep=0.000 u=+0.004 vconv=+0.000 | GATE u=+0.125 v=+0.534 sz=0.070 -> -1.4deg x0.00 | uLat=-0.142 desR=-0.0(ff-4.5-0.0) estR=+0.5 estP=-1.5 |a|=0.92g dimu=1867 loop=80Hz det=80Hz
[tube] seg3/bank2 ag=2 thr=0.236 LADDER leg2 -0.0240 VERT trim=-0.0150 | [COMMIT] RAIL[NO-LOCK] found=0 rms=0.00px rows=0 sep=0.000 u=+0.002 vconv=+0.000 | GATE u=+0.114 v=+0.482 sz=0.066 -> -1.2deg x0.00 | uLat=-0.126 desR=-0.0(ff-4.5-0.0) estR=+0.5 estP=-1.0 |a|=0.91g dimu=1896 loop=80Hz det=80Hz
[tube] seg3/bank2 ag=2 thr=0.236 LADDER leg2 -0.0240 VERT trim=-0.0150 | [COMMIT] RAIL[NO-LOCK] found=0 rms=0.00px rows=0 sep=0.000 u=+0.001 vconv=+0.000 | GATE u=+0.102 v=+0.431 sz=0.066 -> -1.0deg x0.00 | uLat=-0.112 desR=-0.0(ff-4.5-0.0) estR=+0.6 estP=-0.7 |a|=0.93g dimu=1925 loop=84Hz det=84Hz
[tube] seg3/bank2 ag=2 thr=0.236 LADDER leg2 -0.0240 VERT trim=-0.0150 | [COMMIT] RAIL[NO-LOCK] found=0 rms=0.00px rows=0 sep=0.000 u=+0.001 vconv=+0.000 | GATE u=+0.089 v=+0.371 sz=0.065 -> -0.9deg x0.00 | uLat=-0.099 desR=-0.0(ff-4.5-0.0) estR=+0.8 estP=-0.5 |a|=0.93g dimu=1955 loop=84Hz det=84Hz
[tube] seg3/bank2 ag=2 thr=0.236 LADDER leg2 -0.0240 VERT trim=-0.0150 | [COMMIT] RAIL[NO-LOCK] found=0 rms=0.00px rows=0 sep=0.000 u=+0.000 vconv=+0.000 | GATE u=+0.082 v=+0.298 sz=0.056 -> -0.6deg x0.00 | uLat=-0.086 desR=-0.0(ff-4.5-0.0) estR=+0.9 estP=-0.5 |a|=0.93g dimu=1985 loop=84Hz det=84Hz
[tube] seg3/bank2 ag=2 thr=0.239 LADDER leg2 -0.0240 VERT trim=-0.0118 | [COMMIT] RAIL[NO-LOCK] found=0 rms=0.00px rows=0 sep=0.000 u=+0.000 vconv=+0.000 | GATE u=+0.080 v=+0.206 sz=0.042 -> -0.0deg x0.00 | uLat=-0.087 desR=-0.0(ff-4.5-0.0) estR=+1.0 estP=-0.5 |a|=0.94g dimu=2014 loop=84Hz det=84Hz
[tube] seg3/bank2 ag=2 thr=0.241 LADDER leg2 -0.0240 VERT trim=-0.0099(coasting 0.3s) | [COMMIT] RAIL[NO-LOCK] found=0 rms=0.00px rows=0 sep=0.000 u=+0.000 vconv=+0.000 | GATE u=+0.056 v=+0.115 sz=0.034 -> +0.0deg x0.00 | uLat=+0.000 desR=-0.0(ff-4.5+0.0) estR=+1.2 estP=-0.5 |a|=0.97g dimu=2044 loop=89Hz det=89Hz
[tube] seg3/bank2 ag=2 thr=0.243 LADDER leg2 -0.0240 VERT trim=-0.0084(coasting 0.5s) | [COMMIT] RAIL[NO-LOCK] found=0 rms=0.00px rows=0 sep=0.000 u=+0.000 vconv=+0.000 | GATE u=+0.030 v=+0.038 sz=0.027 -> +0.0deg x0.00 | uLat=+0.000 desR=-0.0(ff-4.5+0.0) estR=+1.4 estP=-0.7 |a|=0.98g dimu=2072 loop=89Hz det=89Hz
[tube] seg3/bank2 ag=2 thr=0.244 LADDER leg2 -0.0240 VERT trim=-0.0071(coasting 0.8s) | [COMMIT] RAIL[NO-LOCK] found=0 rms=0.00px rows=0 sep=0.000 u=+0.000 vconv=+0.000 | GATE -- | uLat=+0.000 desR=-0.0(ff-3.3+0.0) estR=+1.7 estP=-0.8 |a|=0.99g dimu=2101 loop=89Hz det=89Hz
[tube] seg3/bank2 ag=2 thr=0.245 LADDER leg2 -0.0240 VERT trim=-0.0060(coasting 1.0s) | [COMMIT] RAIL[NO-LOCK] found=0 rms=0.00px rows=0 sep=0.000 u=+0.000 vconv=+0.000 | GATE -- | uLat=+0.000 desR=-0.0(ff-1.8+0.0) estR=+2.0 estP=-0.9 |a|=1.00g dimu=2131 loop=89Hz det=89Hz
[tube] seg3/bank2 ag=2 thr=0.246 LADDER leg2 -0.0240 VERT trim=-0.0050(coasting 1.3s) | [COMMIT] RAIL[NO-LOCK] found=0 rms=0.00px rows=0 sep=0.000 u=+0.000 vconv=+0.000 | GATE -- | uLat=+0.000 desR=-0.0(ff-0.9+0.0) estR=+2.5 estP=-1.1 |a|=1.00g dimu=2160 loop=102Hz det=102Hz
[tube] seg3/bank2 ag=2 thr=0.247 LADDER leg2 -0.0240 VERT trim=-0.0043(coasting 1.5s) | [COMMIT] RAIL[NO-LOCK] found=0 rms=0.00px rows=0 sep=0.000 u=+0.000 vconv=+0.000 | GATE -- | uLat=+0.000 desR=-0.0(ff-0.5+0.0) estR=+3.0 estP=-1.3 |a|=1.01g dimu=2189 loop=102Hz det=102Hz
[tube] seg3/bank2 ag=2 thr=0.247 LADDER leg2 -0.0240 VERT trim=-0.0036(coasting 1.8s) | [COMMIT] RAIL[NO-LOCK] found=0 rms=0.00px rows=0 sep=0.000 u=+0.000 vconv=+0.000 | GATE -- | uLat=+0.000 desR=-0.0(ff-0.3+0.0) estR=+3.5 estP=-1.5 |a|=1.01g dimu=2219 loop=102Hz det=102Hz
[tube] seg3/bank2 ag=2 thr=0.248 LADDER leg2 -0.0240 VERT trim=-0.0030(coasting 2.0s) | [COMMIT] RAIL[NO-LOCK] found=0 rms=0.00px rows=0 sep=0.000 u=+0.000 vconv=+0.000 | GATE -- | uLat=+0.000 desR=-0.0(ff-0.1+0.0) estR=+4.3 estP=-1.6 |a|=1.02g dimu=2248 loop=102Hz det=102Hz
[tube] seg3/bank2 ag=2 thr=0.248 LADDER leg2 -0.0240 VERT trim=-0.0026(coasting 2.3s) | [COMMIT] RAIL[NO-LOCK] found=0 rms=0.00px rows=0 sep=0.000 u=+0.000 vconv=+0.000 | GATE -- | uLat=+0.000 desR=-0.0(ff-0.1+0.0) estR=+5.2 estP=-1.9 |a|=1.02g dimu=2277 loop=113Hz det=113Hz
[tube] seg3/bank2 ag=2 thr=0.249 LADDER leg2 -0.0240 VERT trim=-0.0022(coasting 2.5s) | [COMMIT] RAIL[NO-LOCK] found=0 rms=0.00px rows=0 sep=0.000 u=+0.000 vconv=+0.000 | GATE -- | uLat=+0.000 desR=-0.0(ff-0.0+0.0) estR=+6.3 estP=-2.1 |a|=1.02g dimu=2306 loop=113Hz det=113Hz
[tube] seg3/bank2 ag=2 thr=0.249 LADDER leg2 -0.0240 VERT trim=-0.0018(coasting 2.8s) | [COMMIT] RAIL[NO-LOCK] found=0 rms=0.00px rows=0 sep=0.000 u=+0.000 vconv=+0.000 | GATE -- | uLat=+0.000 desR=-0.0(ff-0.0+0.0) estR=+7.5 estP=-2.3 |a|=1.06g dimu=2336 loop=113Hz det=113Hz
[tube] seg3/bank2 ag=2 thr=0.249 LADDER leg2 -0.0240 VERT trim=-0.0015(coasting 3.0s) | [COMMIT] RAIL[NO-LOCK] found=0 rms=0.00px rows=0 sep=0.000 u=+0.000 vconv=+0.000 | GATE -- | uLat=+0.000 desR=-0.0(ff-0.0+0.0) estR=+8.7 estP=-2.4 |a|=1.07g dimu=2365 loop=113Hz det=113Hz
[tube] seg3/bank2 ag=2 thr=0.250 LADDER leg2 -0.0240 VERT trim=-0.0013(coasting 3.3s) | [COMMIT] RAIL[NO-LOCK] found=0 rms=0.00px rows=0 sep=0.000 u=+0.000 vconv=+0.000 | GATE -- | uLat=+0.000 desR=-0.0(ff-0.0+0.0) estR=+10.2 estP=-2.6 |a|=1.05g dimu=2395 loop=111Hz det=111Hz
[tube] seg3/bank2 ag=2 thr=0.250 LADDER leg2 -0.0240 VERT trim=-0.0011(coasting 3.6s) | [COMMIT] RAIL[NO-LOCK] found=0 rms=0.00px rows=0 sep=0.000 u=+0.000 vconv=+0.000 | GATE -- | uLat=+0.000 desR=-0.0(ff-0.0+0.0) estR=+11.7 estP=-2.9 |a|=1.01g dimu=2425 loop=111Hz det=111Hz
[tube] seg3/bank2 ag=2 thr=0.250 LADDER leg2 -0.0240 VERT trim=-0.0009(coasting 3.8s) | [COMMIT] RAIL[NO-LOCK] found=0 rms=0.00px rows=0 sep=0.000 u=+0.000 vconv=+0.000 | GATE -- | uLat=+0.000 desR=-0.0(ff-0.0+0.0) estR=+13.2 estP=-3.1 |a|=0.97g dimu=2455 loop=111Hz det=111Hz
[tube] seg3/bank2 ag=2 thr=0.250 LADDER leg2 -0.0240 VERT trim=-0.0008(coasting 4.1s) | [COMMIT] RAIL[NO-LOCK] found=0 rms=0.00px rows=0 sep=0.000 u=+0.000 vconv=+0.000 | GATE -- | uLat=+0.000 desR=-0.0(ff-0.0+0.0) estR=+15.0 estP=-3.5 |a|=0.88g dimu=2484 loop=111Hz det=111Hz
[tube] seg3/bank2 ag=2 thr=0.250 LADDER leg2 -0.0240 VERT trim=-0.0007(coasting 4.3s) | [COMMIT] RAIL[NO-LOCK] found=0 rms=0.00px rows=0 sep=0.000 u=+0.000 vconv=+0.000 | GATE -- | uLat=+0.000 desR=-0.0(ff-0.0+0.0) estR=+9.4 estP=-3.6 |a|=0.76g dimu=2513 loop=109Hz det=109Hz
[tube] seg3/bank2 ag=2 thr=0.250 LADDER leg2 -0.0240 VERT trim=-0.0006(coasting 4.6s) | [COMMIT] RAIL[NO-LOCK] found=0 rms=0.00px rows=0 sep=0.000 u=+0.000 vconv=+0.000 | GATE -- | uLat=+0.000 desR=-0.0(ff-0.0+0.0) estR=+4.2 estP=-3.5 |a|=0.70g dimu=2543 loop=109Hz det=109Hz
[tube] seg3/bank2 ag=2 thr=0.251 LADDER leg2 -0.0240 VERT trim=-0.0005(coasting 4.8s) | [COMMIT] RAIL[NO-LOCK] found=0 rms=0.00px rows=0 sep=0.000 u=+0.000 vconv=+0.000 | GATE -- | uLat=+0.000 desR=-0.0(ff-0.0+0.0) estR=+1.8 estP=-3.5 |a|=0.68g dimu=2573 loop=109Hz det=109Hz
[tube] >>> seg -> 4 (TIME fallback) t=20.0s
[tube] seg4/bank2 ag=2 thr=0.251 LADDER leg2 -0.0240 VERT trim=-0.0004(coasting 5.1s) | [COMMIT] RAIL[NO-LOCK] found=0 rms=0.00px rows=0 sep=0.000 u=+0.000 vconv=+0.000 | GATE -- | uLat=+0.000 desR=-0.0(ff-0.0+0.0) estR=+0.8 estP=-3.5 |a|=0.73g dimu=2602 loop=109Hz det=109Hz
[tube] seg4/bank2 ag=2 thr=0.251 LADDER leg2 -0.0240 VERT trim=-0.0003(coasting 5.3s) | [COMMIT] RAIL[NO-LOCK] found=0 rms=0.00px rows=0 sep=0.000 u=+0.000 vconv=+0.000 | GATE -- | uLat=+0.000 desR=-0.0(ff-0.0+0.0) estR=+0.3 estP=-3.5 |a|=0.77g dimu=2631 loop=111Hz det=111Hz
[tube] seg4/bank2 ag=2 thr=0.251 LADDER leg2 -0.0240 VERT trim=-0.0003(coasting 5.6s) | [COMMIT] RAIL[NO-LOCK] found=0 rms=0.00px rows=0 sep=0.000 u=+0.000 vconv=+0.000 | GATE -- | uLat=+0.000 desR=-0.0(ff-0.0+0.0) estR=+1.6 estP=-3.7 |a|=0.79g dimu=2660 loop=111Hz det=111Hz
[tube] seg4/bank2 ag=2 thr=0.251 LADDER leg2 -0.0240 VERT trim=-0.0002(coasting 5.8s) | [COMMIT] RAIL[NO-LOCK] found=0 rms=0.00px rows=0 sep=0.000 u=+0.000 vconv=+0.000 | GATE -- | uLat=+0.000 desR=-0.0(ff-0.0+0.0) estR=+2.3 estP=-3.8 |a|=0.84g dimu=2690 loop=111Hz det=111Hz
[tube] seg4/bank2 ag=2 thr=0.251 LADDER leg2 -0.0240 VERT trim=-0.0002(coasting 6.1s) | [COMMIT] RAIL[NO-LOCK] found=0 rms=0.00px rows=0 sep=0.000 u=+0.000 vconv=+0.000 | GATE -- | uLat=+0.000 desR=-0.0(ff-0.0+0.0) estR=+2.5 estP=-4.0 |a|=0.84g dimu=2719 loop=111Hz det=111Hz
[tube] seg4/bank2 ag=2 thr=0.251 LADDER leg2 -0.0240 VERT trim=-0.0002(coasting 6.3s) | [COMMIT] RAIL[NO-LOCK] found=0 rms=0.00px rows=0 sep=0.000 u=+0.000 vconv=+0.000 | GATE -- | uLat=+0.000 desR=-0.0(ff-0.0+0.0) estR=+1.2 estP=-4.0 |a|=0.81g dimu=2747 loop=107Hz det=107Hz
[tube] seg4/bank2 ag=2 thr=0.251 LADDER leg2 -0.0240 VERT trim=-0.0001(coasting 6.6s) | [COMMIT] RAIL[NO-LOCK] found=0 rms=0.00px rows=0 sep=0.000 u=+0.000 vconv=+0.000 | GATE -- | uLat=+0.000 desR=-0.0(ff-0.0+0.0) estR=+4.7 estP=-4.4 |a|=0.86g dimu=2777 loop=107Hz det=107Hz
[tube] seg4/bank2 ag=2 thr=0.251 LADDER leg2 -0.0240 VERT trim=-0.0001(coasting 6.9s) | [COMMIT] RAIL[NO-LOCK] found=0 rms=0.00px rows=0 sep=0.000 u=+0.000 vconv=+0.000 | GATE -- | uLat=+0.000 desR=-0.0(ff-0.0+0.0) estR=+2.8 estP=-4.5 |a|=0.80g dimu=2807 loop=107Hz det=107Hz
[tube] seg4/bank2 ag=2 thr=0.251 LADDER leg2 -0.0240 VERT trim=-0.0001(coasting 7.1s) | [COMMIT] RAIL[NO-LOCK] found=0 rms=0.00px rows=0 sep=0.000 u=+0.000 vconv=+0.000 | GATE -- | uLat=+0.000 desR=-0.0(ff-0.0+0.0) estR=+1.3 estP=-4.5 |a|=0.83g dimu=2836 loop=109Hz det=109Hz
[tube] seg4/bank2 ag=2 thr=0.251 LADDER leg2 -0.0240 VERT trim=-0.0001(coasting 7.4s) | [COMMIT] RAIL[NO-LOCK] found=0 rms=0.00px rows=0 sep=0.000 u=+0.000 vconv=+0.000 | GATE -- | uLat=+0.000 desR=-0.0(ff-0.0+0.0) estR=+3.2 estP=-4.8 |a|=0.83g dimu=2866 loop=109Hz det=109Hz
[tube] seg4/bank2 ag=2 thr=0.251 LADDER leg2 -0.0240 VERT trim=-0.0001(coasting 7.6s) | [COMMIT] RAIL[NO-LOCK] found=0 rms=0.00px rows=0 sep=0.000 u=+0.000 vconv=+0.000 | GATE -- | uLat=+0.000 desR=-0.0(ff-0.0+0.0) estR=+1.5 estP=-4.8 |a|=0.82g dimu=2895 loop=109Hz det=109Hz
[tube] seg4/bank2 ag=2 thr=0.251 LADDER leg2 -0.0240 VERT trim=-0.0001(coasting 7.9s) | [COMMIT] RAIL[NO-LOCK] found=0 rms=0.00px rows=0 sep=0.000 u=+0.000 vconv=+0.000 | GATE -- | uLat=+0.000 desR=-0.0(ff-0.0+0.0) estR=+5.0 estP=-5.4 |a|=0.84g dimu=2924 loop=109Hz det=109Hz
[tube] seg4/bank2 ag=2 thr=0.251 LADDER leg2 -0.0240 VERT trim=-0.0001(coasting 8.1s) | [COMMIT] RAIL[NO-LOCK] found=0 rms=0.00px rows=0 sep=0.000 u=+0.000 vconv=+0.000 | GATE -- | uLat=+0.000 desR=-0.0(ff-0.0+0.0) estR=+2.4 estP=-5.4 |a|=0.81g dimu=2953 loop=106Hz det=106Hz
[tube] seg4/bank2 ag=2 thr=0.251 LADDER leg2 -0.0240 VERT trim=-0.0000(coasting 8.4s) | [COMMIT] RAIL[NO-LOCK] found=0 rms=0.00px rows=0 sep=0.000 u=+0.000 vconv=+0.000 | GATE -- | uLat=+0.000 desR=-0.0(ff-0.0+0.0) estR=+1.9 estP=-5.5 |a|=0.82g dimu=2983 loop=106Hz det=106Hz
[tube] seg4/bank2 ag=2 thr=0.251 LADDER leg2 -0.0240 VERT trim=-0.0000(coasting 8.6s) | [COMMIT] RAIL[NO-LOCK] found=0 rms=0.00px rows=0 sep=0.000 u=+0.000 vconv=+0.000 | GATE -- | uLat=+0.000 desR=-0.0(ff-0.0+0.0) estR=+1.8 estP=-5.6 |a|=0.86g dimu=3013 loop=106Hz det=106Hz
[tube] seg4/bank2 ag=2 thr=0.251 LADDER leg2 -0.0240 VERT trim=-0.0000(coasting 8.9s) | [COMMIT] RAIL[NO-LOCK] found=0 rms=0.00px rows=0 sep=0.000 u=+0.000 vconv=+0.000 | GATE -- | uLat=+0.000 desR=-0.0(ff-0.0+0.0) estR=+4.1 estP=-6.3 |a|=0.86g dimu=3042 loop=106Hz det=106Hz
[tube] seg4/bank2 ag=2 thr=0.251 LADDER leg2 -0.0240 VERT trim=-0.0000(coasting 9.1s) | [COMMIT] RAIL[NO-LOCK] found=0 rms=0.00px rows=0 sep=0.000 u=+0.000 vconv=+0.000 | GATE -- | uLat=+0.000 desR=-0.0(ff-0.0+0.0) estR=+3.6 estP=-6.6 |a|=0.82g dimu=3072 loop=109Hz det=109Hz
[tube] >>> seg -> 5 (TIME fallback) t=24.2s
[tube] seg5/bank2 ag=2 thr=0.251 LADDER leg2 -0.0240 VERT trim=-0.0000(coasting 9.4s) | [COMMIT] RAIL[NO-LOCK] found=0 rms=0.00px rows=0 sep=0.000 u=+0.000 vconv=+0.000 | GATE -- | uLat=+0.000 desR=-0.0(ff-0.0+0.0) estR=+3.0 estP=-6.9 |a|=0.81g dimu=3102 loop=109Hz det=109Hz
[tube] seg5/bank2 ag=2 thr=0.251 LADDER leg2 -0.0240 VERT trim=-0.0000(coasting 9.7s) | [COMMIT] RAIL[NO-LOCK] found=0 rms=0.00px rows=0 sep=0.000 u=+0.000 vconv=+0.000 | GATE -- | uLat=+0.000 desR=-0.0(ff-0.0+0.0) estR=+3.4 estP=-7.4 |a|=0.84g dimu=3131 loop=109Hz det=109Hz
[tube] seg5/bank2 ag=2 thr=0.251 LADDER leg2 -0.0240 VERT trim=-0.0000(coasting 9.9s) | [COMMIT] RAIL[NO-LOCK] found=0 rms=0.00px rows=0 sep=0.000 u=+0.000 vconv=+0.000 | GATE -- | uLat=+0.000 desR=-0.0(ff-0.0+0.0) estR=+3.2 estP=-7.9 |a|=0.82g dimu=3160 loop=109Hz det=109Hz
[tube] seg5/bank2 ag=2 thr=0.251 LADDER leg2 -0.0240 VERT trim=-0.0000(coasting 10.2s) | [COMMIT] RAIL[NO-LOCK] found=0 rms=0.00px rows=0 sep=0.000 u=+0.000 vconv=+0.000 | GATE -- | uLat=+0.000 desR=-0.0(ff-0.0+0.0) estR=+2.2 estP=-8.1 |a|=0.84g dimu=3188 loop=107Hz det=107Hz
[tube] seg5/bank2 ag=2 thr=0.251 LADDER leg2 -0.0240 VERT trim=-0.0000(coasting 10.4s) | [COMMIT] RAIL[NO-LOCK] found=0 rms=0.00px rows=0 sep=0.000 u=+0.000 vconv=+0.000 | GATE -- | uLat=+0.000 desR=-0.0(ff-0.0+0.0) estR=+5.8 estP=-9.7 |a|=0.83g dimu=3217 loop=107Hz det=107Hz
[tube] seg5/bank2 ag=2 thr=0.251 LADDER leg2 -0.0240 VERT trim=-0.0000(coasting 10.7s) | [COMMIT] RAIL[NO-LOCK] found=0 rms=0.00px rows=0 sep=0.000 u=+0.000 vconv=+0.000 | GATE -- | uLat=+0.000 desR=-0.0(ff-0.0+0.0) estR=+4.8 estP=-10.5 |a|=0.84g dimu=3246 loop=107Hz det=107Hz
[tube] seg5/bank2 ag=2 thr=0.251 LADDER leg2 -0.0240 VERT trim=-0.0000(coasting 10.9s) | [COMMIT] RAIL[NO-LOCK] found=0 rms=0.00px rows=0 sep=0.000 u=+0.000 vconv=+0.000 | GATE -- | uLat=+0.000 desR=-0.0(ff-0.0+0.0) estR=+14.8 estP=-17.9 |a|=0.87g dimu=3275 loop=107Hz det=107Hz
[tube] seg5/bank2 ag=2 thr=0.251 LADDER leg2 -0.0240 VERT trim=-0.0000(coasting 11.2s) | [COMMIT] RAIL[NO-LOCK] found=0 rms=0.00px rows=0 sep=0.000 u=+0.000 vconv=+0.000 | GATE -- | uLat=+0.000 desR=-0.0(ff-0.0+0.0) estR=+27.2 estP=-33.2 |a|=0.94g dimu=3305 loop=104Hz det=104Hz
[tube] seg5/bank2 ag=2 thr=0.251 LADDER leg2 -0.0240 VERT trim=-0.0000(coasting 11.4s) | [COMMIT] RAIL[NO-LOCK] found=0 rms=0.00px rows=0 sep=0.000 u=+0.000 vconv=+0.000 | GATE -- | uLat=+0.000 desR=-0.0(ff-0.0+0.0) estR=+49.4 estP=-59.2 |a|=0.99g dimu=3335 loop=104Hz det=104Hz
[tube] seg5/bank2 ag=2 thr=0.251 LADDER leg2 -0.0240 VERT trim=-0.0000(coasting 11.7s) | [COMMIT] RAIL[NO-LOCK] found=0 rms=0.00px rows=0 sep=0.000 u=+0.000 vconv=+0.000 | GATE -- | uLat=+0.000 desR=-0.0(ff-0.0+0.0) estR=+95.0 estP=-93.2 |a|=1.02g dimu=3364 loop=104Hz det=104Hz
[tube] seg5/bank2 ag=2 thr=0.251 LADDER leg2 -0.0240 VERT trim=-0.0000(coasting 12.0s) | [COMMIT] RAIL[NO-LOCK] found=0 rms=0.00px rows=0 sep=0.000 u=+0.000 vconv=+0.000 | GATE -- | uLat=+0.000 desR=-0.0(ff-0.0+0.0) estR=+136.6 estP=-124.0 |a|=0.99g dimu=3394 loop=104Hz det=104Hz
[tube] seg5/bank2 ag=2 thr=0.251 LADDER leg2 -0.0240 VERT trim=-0.0000(coasting 12.2s) | [COMMIT] RAIL[NO-LOCK] found=0 rms=0.00px rows=0 sep=0.000 u=+0.000 vconv=+0.000 | GATE -- | uLat=+0.000 desR=-0.0(ff-0.0+0.0) estR=+154.0 estP=-144.4 |a|=0.92g dimu=3423 loop=106Hz det=106Hz
[tube] seg5/bank2 ag=2 thr=0.251 LADDER leg2 -0.0240 VERT trim=-0.0000(coasting 12.5s) | [COMMIT] RAIL[NO-LOCK] found=0 rms=0.00px rows=0 sep=0.000 u=+0.000 vconv=+0.000 | GATE -- | uLat=+0.000 desR=-0.0(ff-0.0+0.0) estR=+164.3 estP=-155.5 |a|=0.87g dimu=3453 loop=106Hz det=106Hz
[tube] seg5/bank2 ag=2 thr=0.251 LADDER leg2 -0.0240 VERT trim=-0.0000(coasting 12.7s) | [COMMIT] RAIL[NO-LOCK] found=0 rms=0.00px rows=0 sep=0.000 u=+0.000 vconv=+0.000 | GATE -- | uLat=+0.000 desR=-0.0(ff-0.0+0.0) estR=+175.8 estP=-161.6 |a|=0.87g dimu=3482 loop=106Hz det=106Hz
[tube] seg5/bank2 ag=2 thr=0.251 LADDER leg2 -0.0240 VERT trim=-0.0000(coasting 13.0s) | [COMMIT] RAIL[NO-LOCK] found=0 rms=0.00px rows=0 sep=0.000 u=+0.000 vconv=+0.000 | GATE -- | uLat=+0.000 desR=-0.0(ff-0.0+0.0) estR=-165.2 estP=-165.2 |a|=0.92g dimu=3512 loop=106Hz det=106Hz
[tube] seg5/bank2 ag=2 thr=0.251 LADDER leg2 -0.0240 VERT trim=-0.0000(coasting 13.2s) | [COMMIT] RAIL[NO-LOCK] found=0 rms=0.00px rows=0 sep=0.000 u=+0.000 vconv=+0.000 | GATE -- | uLat=+0.000 desR=-0.0(ff-0.0+0.0) estR=-158.8 estP=-168.9 |a|=1.02g dimu=3542 loop=109Hz det=109Hz
[tube] seg5/bank2 ag=2 thr=0.251 LADDER leg2 -0.0240 VERT trim=-0.0000(coasting 13.5s) | [COMMIT] RAIL[NO-LOCK] found=0 rms=0.00px rows=0 sep=0.000 u=+0.000 vconv=+0.000 | GATE -- | uLat=+0.000 desR=-0.0(ff-0.0+0.0) estR=-160.9 estP=-171.6 |a|=1.11g dimu=3572 loop=109Hz det=109Hz
[tube] seg5/bank2 ag=2 thr=0.251 LADDER leg2 -0.0240 VERT trim=-0.0000(coasting 13.7s) | [COMMIT] RAIL[NO-LOCK] found=0 rms=0.00px rows=0 sep=0.000 u=+0.000 vconv=+0.000 | GATE -- | uLat=+0.000 desR=-0.0(ff-0.0+0.0) estR=-163.6 estP=-173.1 |a|=1.06g dimu=3601 loop=109Hz det=109Hz
[tube] seg5/bank2 ag=2 thr=0.251 LADDER leg2 -0.0240 VERT trim=-0.0000(coasting 14.0s) | [COMMIT] RAIL[NO-LOCK] found=0 rms=0.00px rows=0 sep=0.000 u=+0.000 vconv=+0.000 | GATE -- | uLat=+0.000 desR=-0.0(ff-0.0+0.0) estR=-166.9 estP=-173.7 |a|=0.96g dimu=3630 loop=109Hz det=109Hz
[tube] seg5/bank2 ag=2 thr=0.251 LADDER leg2 -0.0240 VERT trim=-0.0000(coasting 14.3s) | [COMMIT] RAIL[NO-LOCK] found=0 rms=0.00px rows=0 sep=0.000 u=+0.000 vconv=+0.000 | GATE -- | uLat=+0.000 desR=-0.0(ff-0.0+0.0) estR=-174.5 estP=-173.6 |a|=0.91g dimu=3660 loop=108Hz det=108Hz
[tube] seg5/bank2 ag=2 thr=0.251 LADDER leg2 -0.0240 VERT trim=-0.0000(coasting 14.5s) | [COMMIT] RAIL[NO-LOCK] found=0 rms=0.00px rows=0 sep=0.000 u=+0.000 vconv=+0.000 | GATE -- | uLat=+0.000 desR=-0.0(ff-0.0+0.0) estR=+167.8 estP=-173.1 |a|=0.94g dimu=3689 loop=108Hz det=108Hz
[tube] seg5/bank2 ag=2 thr=0.251 LADDER leg2 -0.0240 VERT trim=-0.0000(coasting 14.8s) | [COMMIT] RAIL[NO-LOCK] found=0 rms=0.00px rows=0 sep=0.000 u=+0.000 vconv=+0.000 | GATE -- | uLat=+0.000 desR=-0.0(ff-0.0+0.0) estR=+155.7 estP=-173.2 |a|=0.99g dimu=3718 loop=108Hz det=108Hz
[tube] seg5/bank2 ag=2 thr=0.251 LADDER leg2 -0.0240 VERT trim=-0.0000(coasting 15.0s) | [COMMIT] RAIL[NO-LOCK] found=0 rms=0.00px rows=0 sep=0.000 u=+0.000 vconv=+0.000 | GATE -- | uLat=+0.000 desR=-0.0(ff-0.0+0.0) estR=+155.7 estP=-173.7 |a|=1.07g dimu=3747 loop=108Hz det=108Hz
[tube] seg5/bank2 ag=2 thr=0.251 LADDER leg2 -0.0240 VERT trim=-0.0000(coasting 15.3s) | [COMMIT] RAIL[NO-LOCK] found=0 rms=0.00px rows=0 sep=0.000 u=+0.000 vconv=+0.000 | GATE -- | uLat=+0.000 desR=-0.0(ff-0.0+0.0) estR=+159.6 estP=-174.2 |a|=1.09g dimu=3776 loop=102Hz det=102Hz
[tube] seg5/bank2 ag=2 thr=0.251 LADDER leg2 -0.0240 VERT trim=-0.0000(coasting 15.5s) | [COMMIT] RAIL[NO-LOCK] found=0 rms=0.00px rows=0 sep=0.000 u=+0.000 vconv=+0.000 | GATE -- | uLat=+0.000 desR=-0.0(ff-0.0+0.0) estR=+163.1 estP=-174.5 |a|=1.10g dimu=3805 loop=102Hz det=102Hz
[tube] seg5/bank2 ag=2 thr=0.251 LADDER leg2 -0.0240 VERT trim=-0.0000(coasting 15.8s) | [COMMIT] RAIL[NO-LOCK] found=0 rms=0.00px rows=0 sep=0.000 u=+0.000 vconv=+0.000 | GATE -- | uLat=+0.000 desR=-0.0(ff-0.0+0.0) estR=+166.3 estP=-174.5 |a|=0.98g dimu=3835 loop=102Hz det=102Hz
[tube] seg5/bank2 ag=2 thr=0.251 LADDER leg2 -0.0240 VERT trim=-0.0000(coasting 16.0s) | [COMMIT] RAIL[NO-LOCK] found=0 rms=0.00px rows=0 sep=0.000 u=+0.000 vconv=+0.000 | GATE -- | uLat=+0.000 desR=-0.0(ff-0.0+0.0) estR=+172.6 estP=-174.3 |a|=0.91g dimu=3864 loop=102Hz det=102Hz
[tube] seg5/bank2 ag=2 thr=0.251 LADDER leg2 -0.0240 VERT trim=-0.0000(coasting 16.3s) | [COMMIT] RAIL[NO-LOCK] found=0 rms=0.00px rows=0 sep=0.000 u=+0.000 vconv=+0.000 | GATE -- | uLat=+0.000 desR=-0.0(ff-0.0+0.0) estR=-174.9 estP=-173.7 |a|=0.93g dimu=3894 loop=103Hz det=103Hz
[tube] seg5/bank2 ag=2 thr=0.251 LADDER leg2 -0.0240 VERT trim=-0.0000(coasting 16.5s) | [COMMIT] RAIL[NO-LOCK] found=0 rms=0.00px rows=0 sep=0.000 u=+0.000 vconv=+0.000 | GATE -- | uLat=+0.000 desR=-0.0(ff-0.0+0.0) estR=-160.0 estP=-173.6 |a|=0.99g dimu=3923 loop=103Hz det=103Hz
[tube] seg5/bank2 ag=2 thr=0.251 LADDER leg2 -0.0240 VERT trim=-0.0000(coasting 16.8s) | [COMMIT] RAIL[NO-LOCK] found=0 rms=0.00px rows=0 sep=0.000 u=+0.000 vconv=+0.000 | GATE -- | uLat=+0.000 desR=-0.0(ff-0.0+0.0) estR=-158.7 estP=-174.0 |a|=1.08g dimu=3953 loop=103Hz det=103Hz
[tube] seg5/bank2 ag=2 thr=0.251 LADDER leg2 -0.0240 VERT trim=-0.0000(coasting 17.0s) | [COMMIT] RAIL[NO-LOCK] found=0 rms=0.00px rows=0 sep=0.000 u=+0.000 vconv=+0.000 | GATE -- | uLat=+0.000 desR=-0.0(ff-0.0+0.0) estR=-161.5 estP=-174.4 |a|=1.09g dimu=3982 loop=103Hz det=103Hz
[tube] seg5/bank2 ag=2 thr=0.251 LADDER leg2 -0.0240 VERT trim=-0.0000(coasting 17.3s) | [COMMIT] RAIL[NO-LOCK] found=0 rms=0.00px rows=0 sep=0.000 u=+0.000 vconv=+0.000 | GATE -- | uLat=+0.000 desR=-0.0(ff-0.0+0.0) estR=-164.3 estP=-174.6 |a|=1.04g dimu=4011 loop=102Hz det=102Hz
[tube] seg5/bank2 ag=2 thr=0.251 LADDER leg2 -0.0240 VERT trim=-0.0000(coasting 17.5s) | [COMMIT] RAIL[NO-LOCK] found=0 rms=0.00px rows=0 sep=0.000 u=+0.000 vconv=+0.000 | GATE -- | uLat=+0.000 desR=-0.0(ff-0.0+0.0) estR=-168.0 estP=-174.5 |a|=0.95g dimu=4040 loop=102Hz det=102Hz
[tube] seg5/bank2 ag=2 thr=0.251 LADDER leg2 -0.0240 VERT trim=-0.0000(coasting 17.8s) | [COMMIT] RAIL[NO-LOCK] found=0 rms=0.00px rows=0 sep=0.000 u=+0.000 vconv=+0.000 | GATE -- | uLat=+0.000 desR=-0.0(ff-0.0+0.0) estR=-176.6 estP=-174.1 |a|=0.91g dimu=4071 loop=102Hz det=102Hz
[tube] seg5/bank2 ag=2 thr=0.251 LADDER leg2 -0.0240 VERT trim=-0.0000(coasting 18.1s) | [COMMIT] RAIL[NO-LOCK] found=0 rms=0.00px rows=0 sep=0.000 u=+0.000 vconv=+0.000 | GATE -- | uLat=+0.000 desR=-0.0(ff-0.0+0.0) estR=+164.6 estP=-173.6 |a|=0.95g dimu=4100 loop=102Hz det=102Hz
[tube] seg5/bank2 ag=2 thr=0.251 LADDER leg2 -0.0240 VERT trim=-0.0000(coasting 18.3s) | [COMMIT] RAIL[NO-LOCK] found=0 rms=0.00px rows=0 sep=0.000 u=+0.000 vconv=+0.000 | GATE -- | uLat=+0.000 desR=-0.0(ff-0.0+0.0) estR=+157.0 estP=-173.7 |a|=1.03g dimu=4131 loop=100Hz det=100Hz
[tube] seg5/bank2 ag=2 thr=0.251 LADDER leg2 -0.0240 VERT trim=-0.0000(coasting 18.6s) | [COMMIT] RAIL[NO-LOCK] found=0 rms=0.00px rows=0 sep=0.000 u=+0.000 vconv=+0.000 | GATE -- | uLat=+0.000 desR=-0.0(ff-0.0+0.0) estR=+158.7 estP=-174.2 |a|=1.10g dimu=4160 loop=100Hz det=100Hz
[tube] seg5/bank2 ag=2 thr=0.251 LADDER leg2 -0.0240 VERT trim=-0.0000(coasting 18.8s) | [COMMIT] RAIL[NO-LOCK] found=0 rms=0.00px rows=0 sep=0.000 u=+0.000 vconv=+0.000 | GATE -- | uLat=+0.000 desR=-0.0(ff-0.0+0.0) estR=+162.4 estP=-174.5 |a|=1.09g dimu=4189 loop=100Hz det=100Hz
[tube] seg5/bank2 ag=2 thr=0.251 LADDER leg2 -0.0240 VERT trim=-0.0000(coasting 19.1s) | [COMMIT] RAIL[NO-LOCK] found=0 rms=0.00px rows=0 sep=0.000 u=+0.000 vconv=+0.000 | GATE -- | uLat=+0.000 desR=-0.0(ff-0.0+0.0) estR=+165.1 estP=-174.6 |a|=1.02g dimu=4219 loop=100Hz det=100Hz
[tube] seg5/bank2 ag=2 thr=0.251 LADDER leg2 -0.0240 VERT trim=-0.0000(coasting 19.4s) | [COMMIT] RAIL[NO-LOCK] found=0 rms=0.00px rows=0 sep=0.000 u=+0.000 vconv=+0.000 | GATE -- | uLat=+0.000 desR=-0.0(ff-0.0+0.0) estR=+169.9 estP=-174.4 |a|=0.90g dimu=4249 loop=100Hz det=100Hz
[tube] seg5/bank2 ag=2 thr=0.251 LADDER leg2 -0.0240 VERT trim=-0.0000(coasting 19.6s) | [COMMIT] RAIL[NO-LOCK] found=0 rms=0.00px rows=0 sep=0.000 u=+0.000 vconv=+0.000 | GATE -- | uLat=+0.000 desR=-0.0(ff-0.0+0.0) estR=+179.3 estP=-174.0 |a|=0.92g dimu=4279 loop=100Hz det=100Hz
[tube] seg5/bank2 ag=2 thr=0.251 LADDER leg2 -0.0240 VERT trim=-0.0000(coasting 19.9s) | [COMMIT] RAIL[NO-LOCK] found=0 rms=0.00px rows=0 sep=0.000 u=+0.000 vconv=+0.000 | GATE -- | uLat=+0.000 desR=-0.0(ff-0.0+0.0) estR=-162.7 estP=-173.6 |a|=0.97g dimu=4308 loop=100Hz det=100Hz
[tube] max flight 35.0s -- stop. seg=5 ag=2
[sched] throttle-0 + DISARM sent.
[tube] final active_gate=2  gates passed=2/6
