[STAMP] EXEC FILE = C:\Users\nohab\Desktop\AI GP\AI-GrandPrix-\tools\schedule_flier.py
[STAMP] schedule_flier.py sha=46315e331e mtime=2026-08-03T00:48:16 git=e5dfbfc
[STAMP] mode=coast-tube cruise=8.0 level_thrust=0.275 sink_slope=17.6 banks=[0..5] pulse_s=0.5 thrust_bias=0.0 flip=False
[STAMP]   seg0 SPAWN->START thr=0.275 bank=+5.0 slope=-1.3
[STAMP]   seg1 START->g1 thr=0.178 bank=+10.8 slope=+12.1
[STAMP]   seg2 g1->g2 thr=0.135 bank=-13.0 slope=+17.1
[STAMP]   seg3 g2->g3 thr=0.143 bank=+12.4 slope=+16.2
[STAMP]   seg4 g3->g4 thr=0.260 bank=-21.0 slope=+1.9
[STAMP]   seg5 g4->FINIS thr=0.263 bank=+18.4 slope=+1.5
[sched] tune overrides: {'cruise_pitch_deg': -24.0, 'ol_kp_att': 3.0}
[tube] *** --gate-vert-coast-bias -0.030 FORCED to 0.000: the altitude ladder owns the between-gate descent and a leg-independent bias on top of it double-counts. ***
[tube] cruise 8.0 m/s bias +0.000 | PITCH=PURE COAST (hold removed), THRUST=CONST 0.275 (sink-map schedule OVERRIDDEN) | LEVEL-LOCK off (--gate-vert-level-band 0) | ALTITUDE LADDER per-leg [-0.005, 0.039, 0.024, 0.033, 0.004, 0.003] anchor 0.035 @ leg2 (+17.1deg) scale 1.00 overrides {0: -0.005, 1: 0.039, 2: 0.024} (leg index = ACTIVE_GATE) | slew up 0.60/s down 0.60/s + GATE-VERT trim PER-LEG by active_gate ag0[-0.045,+0.060] ag1[-0.015,+0.100] ag2[-0.015,+0.100] ag3[-0.015,+0.100] ag4[-0.015,+0.100] ag5[-0.015,+0.100] (last entry fills any higher ag) kv=0.16 kdv=0.1 size>=0.05 dead-decay=1.5s -> bias +0.000 (= HOLD the leg baseline) + VERT COMMIT sz_f>=0.18 on ag<=0 ONLY: freeze the PD, ease the held trim to the leg baseline over tau=0.20s (reversible, not a latch). ag>0 keeps the LIVE PD so the arrest can fire (flt40 plunged at gate 2 with the commit applied everywhere), LATERAL=GATE-CENTRING(closed) k=1.0 clamp 11deg size>=0.10 -- the ONLY steering law (no rail lateral flag passed). RAIL DETECTOR ON EVERY leg (--log-tube), HALF res ~3.4 ms/frame (reuses the gate detector array; agrees with full res to 0.0002 in offset) + CLOSE-RANGE COMMIT, ag>=2 ONLY: sz_f>=0.16 slews des_roll -> 0 over tau=0.20s (reversible, not a latch). ag<2 UNTOUCHED: commit_k forced to exactly 1.0 = bit-for-bit the --gate-commit-size 0 law (flt9's; NOT flt11's, which ran the commit unscoped on ag 0-1), NO backbone flip=False | POST-GATE HOLD: hold gate-1 exit cmd for 1.5s, decay tau 0.5s, resume at size>=0.20, live-corr 30%. | LEG1 BANK +5.0deg LEFT (on ag==1, summed with centring then clamped) | LEG2 (ag==2) PRE-TURN -4.5deg RIGHT, vision clamp 9deg (TIGHTER than the global 11 -- feed-forward leads) | GATE FILTER tau=0.20s hold=0.40s fade=0.50s (shared by BOTH loops) | TUBE FILTER shares those constants (log-only) | kp_att=3.0 kd_att=0.05
[tube]   seg0 SPAWN->START slope  -1.3 d+0.0050 OVERRIDE thr 0.280       | bank    -- (backbone off)
[tube]   seg1 START->g1    slope +12.1 d-0.0390 OVERRIDE thr 0.236       | bank    -- (backbone off)
[tube]   seg2    g1->g2    slope +17.1 d-0.0240 OVERRIDE thr 0.251       | bank    -- (backbone off)
[tube]   seg3    g2->g3    slope +16.2 d-0.0332 thr 0.242       | bank    -- (backbone off)
[tube]   seg4    g3->g4    slope  +1.9 d-0.0039 thr 0.271       | bank    -- (backbone off)
[tube]   seg5    g4->FINIS slope  +1.5 d-0.0031 thr 0.272       | bank    -- (backbone off)
[sched] waiting for heartbeat ...
[sched] heartbeat sys 1
[sched] ARM sent; waiting for GO ...
[sched] GO.
[tube] per-tick log -> C:\Users\nohab\Desktop\AI GP\AI-GrandPrix-\filt_auto_570.csv
[tube] seg0 ag=0 thr=0.289 LADDER leg0 --0.0050 VERT trim=+0.0093 | [steer ] RAIL[lock] found=1 rms=0.43px rows=87 sep=0.442 u=+0.001 vconv=-0.350 | GATE u=+0.015 v=-0.058 sz=0.070 -> +0.0deg x1.00 | uLat=+0.000 desR=+0.0(ff+0.0+0.0) estR=-0.0 estP=-17.8 |a|=1.00g dimu=197 loop=0Hz det=0Hz
[tube] seg0 ag=0 thr=0.281 LADDER leg0 --0.0050 VERT trim=+0.0005 | [steer ] RAIL[lock] found=1 rms=0.40px rows=81 sep=0.460 u=+0.001 vconv=-0.353 | GATE u=+0.015 v=-0.024 sz=0.085 -> +0.0deg x1.00 | uLat=+0.000 desR=+0.0(ff+0.0+0.0) estR=-0.0 estP=-11.3 |a|=1.09g dimu=227 loop=0Hz det=0Hz
[tube] seg0 ag=0 thr=0.279 LADDER leg0 --0.0050 VERT trim=-0.0013 | [steer ] RAIL[lock] found=1 rms=1.08px rows=64 sep=0.552 u=+0.007 vconv=-0.288 | GATE u=+0.013 v=-0.016 sz=0.083 -> +0.0deg x1.00 | uLat=+0.000 desR=+0.0(ff+0.0+0.0) estR=-0.0 estP=-6.0 |a|=1.06g dimu=258 loop=0Hz det=0Hz
[tube] seg0 ag=0 thr=0.278 LADDER leg0 --0.0050 VERT trim=-0.0020 | [steer ] RAIL[NO-LOCK] found=0 rms=8.12px rows=19 sep=-0.497 u=+0.005 vconv=+0.811 | GATE u=+0.017 v=-0.012 sz=0.086 -> +0.0deg x1.00 | uLat=+0.000 desR=+0.0(ff+0.0+0.0) estR=-0.0 estP=-3.7 |a|=1.05g dimu=287 loop=0Hz det=0Hz
[tube] seg0 ag=0 thr=0.283 LADDER leg0 --0.0050 VERT trim=+0.0028 | [steer ] RAIL[NO-LOCK] found=0 rms=0.00px rows=0 sep=0.000 u=+0.005 vconv=+0.000 | GATE u=+0.015 v=-0.021 sz=0.090 -> +0.0deg x1.00 | uLat=+0.000 desR=+0.0(ff+0.0+0.0) estR=-0.0 estP=-2.9 |a|=1.08g dimu=315 loop=63Hz det=62Hz
[tube] seg0 ag=0 thr=0.283 LADDER leg0 --0.0050 VERT trim=+0.0032 | [steer ] RAIL[NO-LOCK] found=0 rms=0.00px rows=0 sep=0.000 u=+0.003 vconv=+0.000 | GATE u=+0.018 v=-0.020 sz=0.096 -> +0.0deg x1.00 | uLat=+0.000 desR=+0.0(ff+0.0+0.0) estR=-0.0 estP=-3.0 |a|=1.08g dimu=346 loop=63Hz det=62Hz
[tube] seg0 ag=0 thr=0.283 LADDER leg0 --0.0050 VERT trim=+0.0034 | [steer ] RAIL[lock] found=1 rms=0.74px rows=21 sep=1.192 u=+0.016 vconv=-0.400 | GATE u=+0.017 v=-0.016 sz=0.100 -> +0.0deg x1.00 | uLat=+0.000 desR=+0.0(ff+0.0+0.0) estR=-0.0 estP=-3.5 |a|=1.08g dimu=378 loop=63Hz det=62Hz
[tube] seg0 ag=0 thr=0.276 LADDER leg0 --0.0050 VERT trim=-0.0043 | [steer ] RAIL[NO-LOCK] found=0 rms=0.00px rows=0 sep=0.000 u=+0.079 vconv=+0.000 | GATE u=+0.019 v=+0.006 sz=0.097 -> +0.0deg x1.00 | uLat=+0.000 desR=+0.0(ff+0.0+0.0) estR=-0.0 estP=-4.2 |a|=1.01g dimu=407 loop=63Hz det=62Hz
[tube] seg0 ag=0 thr=0.282 LADDER leg0 --0.0050 VERT trim=+0.0016 | [steer ] RAIL[NO-LOCK] found=0 rms=0.00px rows=3 sep=0.000 u=+0.075 vconv=+0.000 | GATE u=+0.019 v=-0.010 sz=0.117 -> -1.1deg x1.00 | uLat=-0.020 desR=-1.1(ff+0.0-1.1) estR=-0.2 estP=-5.4 |a|=1.06g dimu=437 loop=69Hz det=69Hz
[tube] seg0 ag=0 thr=0.280 LADDER leg0 --0.0050 VERT trim=-0.0001 | [steer ] RAIL[NO-LOCK] found=0 rms=0.00px rows=0 sep=0.000 u=+0.044 vconv=+0.000 | GATE u=+0.020 v=+0.001 sz=0.124 -> -1.1deg x1.00 | uLat=-0.019 desR=-1.1(ff+0.0-1.1) estR=-0.5 estP=-6.7 |a|=1.05g dimu=467 loop=69Hz det=69Hz
[tube] seg0 ag=0 thr=0.260 LADDER leg0 --0.0050 VERT trim=-0.0196 | [steer ] RAIL[NO-LOCK] found=0 rms=0.00px rows=0 sep=0.000 u=+0.026 vconv=+0.000 | GATE u=+0.021 v=+0.069 sz=0.156 -> -1.2deg x1.00 | uLat=-0.021 desR=-1.2(ff+0.0-1.2) estR=-0.6 estP=-8.2 |a|=0.95g dimu=498 loop=69Hz det=69Hz
[tube] seg0 ag=0 thr=0.261 LADDER leg0 --0.0050 VERT trim=-0.0189 | [steer ] RAIL[NO-LOCK] found=0 rms=0.00px rows=14 sep=0.000 u=+0.087 vconv=+0.000 | GATE u=+0.022 v=+0.064 sz=0.162 -> -1.3deg x1.00 | uLat=-0.023 desR=-1.3(ff+0.0-1.3) estR=-0.6 estP=-9.9 |a|=0.95g dimu=529 loop=69Hz det=69Hz
[tube] seg0 ag=0 thr=0.269 LADDER leg0 --0.0050 VERT trim=-0.0115 | [steer ] RAIL[NO-LOCK] found=0 rms=0.00px rows=0 sep=0.000 u=+0.087 vconv=+0.000 | GATE u=+0.017 v=+0.059 sz=0.195 -> -1.1deg x1.00 | uLat=-0.020 desR=-1.1(ff+0.0-1.1) estR=-0.6 estP=-10.9 |a|=1.00g dimu=562 loop=62Hz det=62Hz
[tube] seg0 ag=0 thr=0.276 LADDER leg0 --0.0050 [VCOMMIT] VERT trim=-0.0041 | [steer ] RAIL[NO-LOCK] found=0 rms=0.00px rows=0 sep=0.000 u=+0.065 vconv=+0.000 | GATE u=+0.013 v=+0.048 sz=0.227 -> -0.9deg x1.00 | uLat=-0.016 desR=-0.9(ff+0.0-0.9) estR=-0.6 estP=-11.6 |a|=1.04g dimu=591 loop=62Hz det=62Hz
[tube] seg0 ag=0 thr=0.279 LADDER leg0 --0.0050 [VCOMMIT] VERT trim=-0.0011 | [steer ] RAIL[NO-LOCK] found=0 rms=0.00px rows=0 sep=0.000 u=+0.038 vconv=+0.000 | GATE u=+0.005 v=+0.042 sz=0.269 -> -0.6deg x1.00 | uLat=-0.010 desR=-0.6(ff+0.0-0.6) estR=-0.4 estP=-12.2 |a|=1.05g dimu=622 loop=62Hz det=62Hz
[tube] seg0 ag=0 thr=0.280 LADDER leg0 --0.0050 [VCOMMIT] VERT trim=-0.0003 | [steer ] RAIL[NO-LOCK] found=0 rms=0.00px rows=1 sep=0.000 u=+0.022 vconv=+0.000 | GATE u=-0.016 v=+0.054 sz=0.370 -> +0.2deg x1.00 | uLat=+0.003 desR=+0.2(ff+0.0+0.2) estR=-0.2 estP=-12.8 |a|=1.06g dimu=655 loop=62Hz det=62Hz
[tube] >>> seg -> 1 (TIME fallback) t=4.1s
[tube] seg1/bank0 ag=0 thr=0.280 LADDER leg0 --0.0050 [VCOMMIT] VERT trim=-0.0001 | [steer ] RAIL[lock-REJ] found=1 rms=3.69px rows=30 sep=0.186 u=-0.024 vconv=+0.055 | GATE u=-0.050 v=+0.078 sz=0.540 -> +1.5deg x1.00 | uLat=+0.027 desR=+1.5(ff+0.0+1.5) estR=+0.2 estP=-13.4 |a|=1.06g dimu=684 loop=43Hz det=43Hz
[tube] seg1/bank0 ag=0 thr=0.280 LADDER leg0 --0.0050 [VCOMMIT] VERT trim=-0.0000 | [steer ] RAIL[NO-LOCK] found=0 rms=10.15px rows=34 sep=0.116 u=-0.037 vconv=+0.478 | GATE -- | uLat=+0.034 desR=+2.0(ff+0.0+2.0) estR=+0.8 estP=-14.0 |a|=1.05g dimu=714 loop=43Hz det=43Hz
[tube] seg1/bank0 ag=0 thr=0.280 LADDER leg0 --0.0050 [VCOMMIT] VERT trim=-0.0000 | [steer ] RAIL[NO-LOCK] found=0 rms=0.00px rows=14 sep=0.000 u=-0.022 vconv=+0.000 | GATE u=+0.045 v=+0.498 sz=0.097 -> -7.6deg x1.00 | uLat=-0.132 desR=-7.6(ff+0.0-7.6) estR=-0.5 estP=-14.5 |a|=1.05g dimu=743 loop=43Hz det=43Hz
[tube] seg1 ag=1 thr=0.221 LADDER leg1 -0.0390 VERT trim=-0.0150 | [steer ] RAIL[NO-LOCK] found=0 rms=0.00px rows=1 sep=0.000 u=-0.022 vconv=+0.000 | GATE u=+0.045 v=+0.552 sz=0.110 -> -0.4deg x1.00 | uLat=-0.070 desR=+4.6(ff+5.0-0.4) estR=+1.1 estP=-14.8 |a|=0.71g dimu=773 loop=43Hz det=43Hz
[tube] seg1 ag=1 thr=0.221 LADDER leg1 -0.0390 VERT trim=-0.0150 | [steer ] RAIL[NO-LOCK] found=0 rms=0.00px rows=0 sep=0.000 u=-0.015 vconv=+0.000 | GATE u=+0.041 v=+0.606 sz=0.121 -> -0.5deg x1.00 | uLat=-0.051 desR=+4.5(ff+5.0-0.5) estR=+2.9 estP=-14.8 |a|=0.81g dimu=803 loop=50Hz det=50Hz
[tube] seg1 ag=1 thr=0.221 LADDER leg1 -0.0390 VERT trim=-0.0150 | [steer ] RAIL[NO-LOCK] found=0 rms=0.00px rows=6 sep=0.000 u=-0.009 vconv=+0.000 | GATE u=+0.039 v=+0.647 sz=0.129 -> -0.6deg x1.00 | uLat=-0.043 desR=+4.4(ff+5.0-0.6) estR=+3.8 estP=-14.8 |a|=0.84g dimu=831 loop=50Hz det=50Hz
[tube] seg1 ag=1 thr=0.221 LADDER leg1 -0.0390 VERT trim=-0.0150 | [steer ] RAIL[NO-LOCK] found=0 rms=0.00px rows=5 sep=0.000 u=-0.005 vconv=+0.000 | GATE u=+0.033 v=+0.702 sz=0.149 -> -0.5deg x1.00 | uLat=-0.036 desR=+4.5(ff+5.0-0.5) estR=+4.0 estP=-15.1 |a|=0.82g dimu=862 loop=50Hz det=50Hz
[tube] seg1 ag=1 thr=0.221 LADDER leg1 -0.0390 VERT trim=-0.0150 | [steer ] RAIL[NO-LOCK] found=0 rms=0.00px rows=1 sep=0.000 u=-0.003 vconv=+0.000 | GATE u=+0.027 v=+0.754 sz=0.168 -> -0.5deg x1.00 | uLat=-0.031 desR=+4.5(ff+5.0-0.5) estR=+4.2 estP=-15.1 |a|=0.83g dimu=891 loop=50Hz det=50Hz
[tube] seg1 ag=1 thr=0.221 LADDER leg1 -0.0390 VERT trim=-0.0150 | [steer ] RAIL[NO-LOCK] found=0 rms=0.00px rows=0 sep=0.000 u=-0.002 vconv=+0.000 | GATE u=+0.019 v=+0.769 sz=0.180 -> -0.4deg x1.00 | uLat=-0.025 desR=+4.6(ff+5.0-0.4) estR=+4.2 estP=-15.5 |a|=0.84g dimu=921 loop=70Hz det=70Hz
[tube] seg1 ag=1 thr=0.221 LADDER leg1 -0.0390 VERT trim=-0.0150 | [steer ] RAIL[NO-LOCK] found=0 rms=0.00px rows=0 sep=0.000 u=-0.001 vconv=+0.000 | GATE u=+0.012 v=+0.742 sz=0.187 -> -1.0deg x1.00 | uLat=-0.017 desR=+4.0(ff+5.0-1.0) estR=+3.8 estP=-15.9 |a|=0.85g dimu=950 loop=70Hz det=70Hz
[tube] seg1 ag=1 thr=0.221 LADDER leg1 -0.0390 VERT trim=-0.0150 | [steer ] RAIL[NO-LOCK] found=0 rms=0.00px rows=0 sep=0.000 u=-0.001 vconv=+0.000 | GATE u=-0.000 v=+0.715 sz=0.219 -> -0.5deg x1.00 | uLat=-0.009 desR=+4.5(ff+5.0-0.5) estR=+2.8 estP=-17.6 |a|=0.87g dimu=980 loop=70Hz det=70Hz
[tube] seg1 ag=1 thr=0.221 LADDER leg1 -0.0390 VERT trim=-0.0150 | [steer ] RAIL[NO-LOCK] found=0 rms=0.00px rows=2 sep=0.000 u=+0.000 vconv=+0.000 | GATE u=-0.014 v=+0.668 sz=0.268 -> +0.2deg x1.00 | uLat=+0.003 desR=+5.2(ff+5.0+0.2) estR=+2.7 estP=-18.6 |a|=0.88g dimu=1010 loop=70Hz det=70Hz
[tube] seg1 ag=1 thr=0.221 LADDER leg1 -0.0390 VERT trim=-0.0150 | [steer ] RAIL[NO-LOCK] found=0 rms=0.00px rows=4 sep=0.000 u=+0.000 vconv=+0.000 | GATE u=-0.027 v=+0.537 sz=0.383 -> +1.0deg x1.00 | uLat=+0.018 desR=+6.0(ff+5.0+1.0) estR=+2.9 estP=-19.2 |a|=0.89g dimu=1041 loop=57Hz det=57Hz
[tube] seg1 ag=1 thr=0.221 LADDER leg1 -0.0390 VERT trim=-0.0150 | [steer ] RAIL[lock-REJ] found=1 rms=0.91px rows=32 sep=0.090 u=-0.028 vconv=+0.578 | GATE -- | uLat=+0.022 desR=+1.5(ff+5.0+1.3) estR=+3.0 estP=-19.4 |a|=0.90g dimu=1071 loop=57Hz det=57Hz
[tube] seg1 ag=1 thr=0.221 LADDER leg1 -0.0390 VERT trim=-0.0150 | [steer ] RAIL[NO-LOCK] found=0 rms=5.19px rows=18 sep=0.276 u=-0.054 vconv=+0.330 | GATE u=-0.139 v=+0.552 sz=0.056 -> +0.7deg x1.00 | uLat=+0.012 desR=+0.1(ff+5.0+0.7) estR=+0.9 estP=-19.4 |a|=0.91g dimu=1100 loop=57Hz det=57Hz
[tube] >>> seg -> 2 (active_gate) t=8.0s
[tube] seg2 ag=2 thr=0.246 LADDER leg2 -0.0240 VERT trim=-0.0150 | [steer ] RAIL[lock-REJ] found=1 rms=0.72px rows=34 sep=0.051 u=-0.065 vconv=-0.400 | GATE u=-0.126 v=+0.523 sz=0.067 -> -0.6deg x1.00 | uLat=+0.096 desR=-5.1(ff-4.5-0.6) estR=+0.3 estP=-19.5 |a|=0.92g dimu=1130 loop=57Hz det=57Hz
[tube] seg2 ag=2 thr=0.335 LADDER leg2 -0.0240 VERT trim=-0.0150 | [steer ] RAIL[NO-LOCK] found=0 rms=0.00px rows=16 sep=0.000 u=-0.071 vconv=+0.000 | GATE u=-0.131 v=+0.510 sz=0.071 -> -0.3deg x1.00 | uLat=+0.120 desR=-4.8(ff-4.5-0.3) estR=-2.5 estP=-19.1 |a|=1.54g dimu=1160 loop=45Hz det=45Hz
[tube] seg2 ag=2 thr=0.315 LADDER leg2 -0.0240 VERT trim=-0.0150 | [steer ] RAIL[lock-REJ] found=1 rms=3.08px rows=24 sep=0.080 u=-0.080 vconv=-0.389 | GATE u=-0.133 v=+0.471 sz=0.087 -> -0.2deg x1.00 | uLat=+0.129 desR=-4.7(ff-4.5-0.2) estR=-3.8 estP=-19.1 |a|=1.31g dimu=1191 loop=45Hz det=45Hz
[tube] seg2 ag=2 thr=0.295 LADDER leg2 -0.0240 VERT trim=-0.0150 | [steer ] RAIL[NO-LOCK] found=0 rms=1.39px rows=73 sep=-0.076 u=-0.101 vconv=+0.645 | GATE u=-0.128 v=+0.486 sz=0.090 -> -0.1deg x1.00 | uLat=+0.132 desR=-4.6(ff-4.5-0.1) estR=-4.2 estP=-19.0 |a|=1.19g dimu=1221 loop=45Hz det=45Hz
[tube] seg2 ag=2 thr=0.276 LADDER leg2 -0.0240 VERT trim=-0.0150 | [steer ] RAIL[NO-LOCK] found=0 rms=10.86px rows=78 sep=0.094 u=-0.119 vconv=-0.400 | GATE u=-0.117 v=+0.447 sz=0.091 -> -0.1deg x1.00 | uLat=+0.115 desR=-4.6(ff-4.5-0.1) estR=-3.4 estP=-18.1 |a|=1.09g dimu=1250 loop=45Hz det=45Hz
[tube] seg2 ag=2 thr=0.258 LADDER leg2 -0.0240 VERT trim=-0.0150 | [steer ] RAIL[lock] found=1 rms=0.49px rows=77 sep=0.152 u=-0.130 vconv=-0.400 | GATE u=-0.112 v=+0.471 sz=0.121 -> -0.0deg x1.00 | uLat=+0.115 desR=-4.5(ff-4.5-0.0) estR=-2.9 estP=-17.7 |a|=0.99g dimu=1280 loop=62Hz det=62Hz
[tube] seg2 ag=2 thr=0.238 LADDER leg2 -0.0240 VERT trim=-0.0150 | [steer ] RAIL[NO-LOCK] found=0 rms=0.00px rows=5 sep=0.000 u=-0.179 vconv=+0.000 | GATE u=-0.109 v=+0.497 sz=0.142 -> +0.0deg x1.00 | uLat=+0.111 desR=-4.5(ff-4.5+0.0) estR=-2.8 estP=-18.3 |a|=0.94g dimu=1310 loop=62Hz det=62Hz
[tube] seg2 ag=2 thr=0.236 LADDER leg2 -0.0240 VERT trim=-0.0150 | [steer ] RAIL[NO-LOCK] found=0 rms=0.00px rows=7 sep=0.000 u=-0.179 vconv=+0.000 | GATE u=-0.102 v=+0.514 sz=0.163 -> +0.0deg x1.00 | uLat=+0.106 desR=-4.5(ff-4.5+0.0) estR=-2.8 estP=-19.0 |a|=0.91g dimu=1341 loop=62Hz det=62Hz
[tube] seg2 ag=2 thr=0.236 LADDER leg2 -0.0240 VERT trim=-0.0150 | [steer ] RAIL[NO-LOCK] found=0 rms=0.00px rows=1 sep=0.000 u=-0.120 vconv=+0.000 | GATE u=-0.090 v=+0.519 sz=0.187 -> +0.0deg x1.00 | uLat=+0.098 desR=-4.5(ff-4.5+0.0) estR=-2.8 estP=-19.2 |a|=0.92g dimu=1371 loop=60Hz det=60Hz
[tube] seg2 ag=2 thr=0.236 LADDER leg2 -0.0240 VERT trim=-0.0150 | [steer ] RAIL[lock-REJ] found=1 rms=0.75px rows=21 sep=0.050 u=-0.077 vconv=+0.556 | GATE u=-0.066 v=+0.500 sz=0.222 -> +0.0deg x1.00 | uLat=+0.081 desR=-4.5(ff-4.5+0.0) estR=-2.6 estP=-19.3 |a|=0.93g dimu=1403 loop=60Hz det=60Hz
[tube] seg2 ag=2 thr=0.236 LADDER leg2 -0.0240 VERT trim=-0.0150 | [COMMIT] RAIL[NO-LOCK] found=0 rms=0.00px rows=12 sep=0.000 u=-0.077 vconv=+0.000 | GATE u=-0.051 v=+0.485 sz=0.291 -> +0.0deg x0.54 | uLat=+0.064 desR=-2.4(ff-4.5+0.0) estR=-2.4 estP=-19.3 |a|=0.93g dimu=1434 loop=60Hz det=60Hz
[tube] seg2 ag=2 thr=0.221 LADDER leg2 -0.0240 VERT trim=-0.0150 | [COMMIT] RAIL[NO-LOCK] found=0 rms=0.00px rows=6 sep=0.000 u=-0.058 vconv=+0.000 | GATE u=-0.025 v=+0.399 sz=0.392 -> +0.0deg x0.15 | uLat=+0.044 desR=-0.7(ff-4.5+0.0) estR=-1.6 estP=-19.4 |a|=0.87g dimu=1467 loop=60Hz det=60Hz
[tube] seg2 ag=2 thr=0.225 LADDER leg2 -0.0240 VERT trim=-0.0107 | [COMMIT] RAIL[NO-LOCK] found=0 rms=0.00px rows=11 sep=0.000 u=-0.034 vconv=+0.000 | GATE u=+0.015 v=+0.199 sz=0.573 -> +0.0deg x0.05 | uLat=+0.012 desR=-0.2(ff-4.5+0.0) estR=-0.5 estP=-19.8 |a|=0.88g dimu=1497 loop=40Hz det=40Hz
[tube] seg2 ag=2 thr=0.225 LADDER leg2 -0.0240 VERT trim=-0.0107 | [COMMIT] RAIL[lock-REJ] found=1 rms=3.19px rows=30 sep=0.434 u=-0.152 vconv=-0.400 | GATE -- | uLat=+0.012 desR=-0.1(ff-4.5+0.0) estR=-0.1 estP=-19.8 |a|=0.91g dimu=1526 loop=40Hz det=40Hz
[coast] !!! COLLISION GATE at t=11.6s (ag=2)
[tube] seg2 ag=2 thr=0.243 LADDER leg2 -0.0240 VERT trim=-0.0082 | [COMMIT] RAIL[NO-LOCK] found=0 rms=0.46px rows=20 sep=0.039 u=-0.152 vconv=+0.378 | GATE -- | uLat=+0.009 desR=-0.0(ff-3.2+0.0) estR=-1.5 estP=-29.3 |a|=0.65g dimu=1558 loop=40Hz det=40Hz
[tube] seg2 ag=2 thr=0.246 LADDER leg2 -0.0240 VERT trim=-0.0049 | [COMMIT] RAIL[NO-LOCK] found=0 rms=0.00px rows=7 sep=0.000 u=-0.117 vconv=+0.000 | GATE -- | uLat=+0.005 desR=-0.0(ff-1.7+0.0) estR=-0.1 estP=-19.7 |a|=0.89g dimu=1587 loop=40Hz det=40Hz
[tube] seg2 ag=2 thr=0.291 LADDER leg2 -0.0240 VERT trim=+0.0984 | [COMMIT] RAIL[NO-LOCK] found=0 rms=0.00px rows=8 sep=0.000 u=-0.065 vconv=+0.000 | GATE u=-0.052 v=-0.604 sz=0.583 -> +0.0deg x0.00 | uLat=+0.017 desR=-0.0(ff-1.5+0.0) estR=+0.2 estP=-9.7 |a|=0.95g dimu=1626 loop=49Hz det=49Hz
[tube] seg2 ag=2 thr=0.340 LADDER leg2 -0.0240 VERT trim=+0.1000 | [COMMIT] RAIL[NO-LOCK] found=0 rms=1.72px rows=59 sep=0.029 u=-0.029 vconv=-0.400 | GATE u=-0.141 v=-0.669 sz=0.446 -> +0.0deg x0.00 | uLat=+0.086 desR=-0.0(ff-2.9+0.0) estR=+0.1 estP=-6.9 |a|=1.46g dimu=1652 loop=49Hz det=49Hz
[tube] seg2 ag=2 thr=0.340 LADDER leg2 -0.0240 VERT trim=+0.1000 | [COMMIT] RAIL[NO-LOCK] found=0 rms=0.00px rows=18 sep=0.000 u=-0.029 vconv=+0.000 | GATE u=-0.222 v=-0.647 sz=0.391 -> +0.0deg x0.00 | uLat=+0.166 desR=-0.0(ff-3.6+0.0) estR=+0.0 estP=-6.9 |a|=1.48g dimu=1684 loop=49Hz det=49Hz
[tube] seg2 ag=2 thr=0.340 LADDER leg2 -0.0240 VERT trim=+0.1000 | [COMMIT] RAIL[NO-LOCK] found=0 rms=0.00px rows=1 sep=0.000 u=-0.019 vconv=+0.000 | GATE u=-0.312 v=-0.539 sz=0.386 -> +0.0deg x0.00 | uLat=+0.244 desR=-0.0(ff-4.0+0.0) estR=+0.0 estP=-6.9 |a|=1.39g dimu=1712 loop=49Hz det=49Hz
[tube] >>> seg -> 3 (TIME fallback) t=13.2s
[tube] seg3/bank2 ag=2 thr=0.316 LADDER leg2 -0.0240 VERT trim=+0.0650 | [COMMIT] RAIL[NO-LOCK] found=0 rms=0.00px rows=11 sep=0.000 u=-0.011 vconv=+0.000 | GATE u=-0.394 v=-0.438 sz=0.428 -> +0.0deg x0.00 | uLat=+0.331 desR=-0.0(ff-4.3+0.0) estR=+0.0 estP=-6.9 |a|=1.31g dimu=1747 loop=27Hz det=27Hz
[tube] seg3/bank2 ag=2 thr=0.249 LADDER leg2 -0.0240 VERT trim=-0.0015 | [COMMIT] RAIL[NO-LOCK] found=0 rms=0.92px rows=21 sep=0.030 u=-0.006 vconv=-0.400 | GATE u=-0.486 v=-0.187 sz=0.426 -> +0.0deg x0.00 | uLat=+0.418 desR=-0.0(ff-4.4+0.0) estR=+0.4 estP=-4.3 |a|=0.74g dimu=1778 loop=27Hz det=27Hz
[tube] seg3/bank2 ag=2 thr=0.236 LADDER leg2 -0.0240 VERT trim=-0.0150 | [COMMIT] RAIL[NO-LOCK] found=0 rms=0.00px rows=2 sep=0.000 u=-0.004 vconv=+0.000 | GATE u=-0.609 v=+0.097 sz=0.421 -> +0.0deg x0.00 | uLat=+0.530 desR=-0.0(ff-4.4+0.0) estR=+0.2 estP=-4.3 |a|=0.80g dimu=1810 loop=27Hz det=27Hz
[tube] seg3/bank2 ag=2 thr=0.236 LADDER leg2 -0.0240 VERT trim=-0.0150 | [COMMIT] RAIL[NO-LOCK] found=0 rms=0.00px rows=2 sep=0.000 u=-0.002 vconv=+0.000 | GATE u=-0.707 v=+0.263 sz=0.404 -> +0.0deg x0.00 | uLat=+0.640 desR=-0.0(ff-4.5+0.0) estR=+0.3 estP=-4.1 |a|=0.84g dimu=1842 loop=27Hz det=27Hz
[tube] seg3/bank2 ag=2 thr=0.221 LADDER leg2 -0.0240 VERT trim=-0.0150 | [COMMIT] RAIL[NO-LOCK] found=0 rms=0.00px rows=8 sep=0.000 u=-0.001 vconv=+0.000 | GATE u=-0.748 v=+0.353 sz=0.347 -> +0.0deg x0.00 | uLat=+0.709 desR=-0.0(ff-4.5+0.0) estR=+0.3 estP=-4.0 |a|=0.77g dimu=1870 loop=23Hz det=23Hz
[tube] seg3/bank2 ag=2 thr=0.221 LADDER leg2 -0.0240 VERT trim=-0.0150 | [COMMIT] RAIL[NO-LOCK] found=0 rms=0.00px rows=9 sep=0.000 u=-0.001 vconv=+0.000 | GATE u=-0.809 v=+0.382 sz=0.289 -> +0.0deg x0.00 | uLat=+0.762 desR=-0.0(ff-4.5+0.0) estR=+0.4 estP=-3.8 |a|=0.77g dimu=1901 loop=23Hz det=23Hz
[tube] seg3/bank2 ag=2 thr=0.221 LADDER leg2 -0.0240 VERT trim=-0.0150 | [COMMIT] RAIL[NO-LOCK] found=0 rms=0.00px rows=2 sep=0.000 u=+0.000 vconv=+0.000 | GATE u=-0.879 v=+0.347 sz=0.244 -> +0.0deg x0.00 | uLat=+0.827 desR=-0.0(ff-4.5+0.0) estR=+0.2 estP=-3.8 |a|=0.78g dimu=1933 loop=23Hz det=23Hz
[tube] seg3/bank2 ag=2 thr=0.236 LADDER leg2 -0.0240 VERT trim=-0.0150 | [COMMIT] RAIL[NO-LOCK] found=0 rms=0.00px rows=0 sep=0.000 u=+0.000 vconv=+0.000 | GATE u=-0.942 v=+0.261 sz=0.196 -> +0.0deg x0.00 | uLat=+0.894 desR=-0.0(ff-4.5+0.0) estR=+0.2 estP=-3.7 |a|=0.84g dimu=1962 loop=42Hz det=42Hz
[tube] seg3/bank2 ag=2 thr=0.274 LADDER leg2 -0.0240 VERT trim=+0.0231 | [COMMIT] RAIL[NO-LOCK] found=0 rms=0.00px rows=8 sep=0.000 u=+0.000 vconv=+0.000 | GATE u=-0.986 v=-0.019 sz=0.072 -> +0.0deg x0.00 | uLat=+0.951 desR=-0.0(ff-4.5+0.0) estR=+0.9 estP=-2.9 |a|=0.94g dimu=1991 loop=42Hz det=42Hz
[tube] seg3/bank2 ag=2 thr=0.236 LADDER leg2 -0.0240 VERT trim=-0.0150 | [COMMIT] RAIL[NO-LOCK] found=0 rms=0.00px rows=10 sep=0.000 u=+0.000 vconv=+0.000 | GATE u=-0.042 v=+0.899 sz=0.059 -> +0.0deg x0.00 | uLat=+0.398 desR=-0.0(ff-4.5+0.0) estR=+1.1 estP=-1.9 |a|=0.70g dimu=2021 loop=42Hz det=42Hz
[tube] seg3/bank2 ag=2 thr=0.236 LADDER leg2 -0.0240 VERT trim=-0.0150 | [COMMIT] RAIL[NO-LOCK] found=0 rms=0.00px rows=1 sep=0.000 u=+0.000 vconv=+0.000 | GATE u=-0.065 v=+0.908 sz=0.056 -> +0.0deg x0.00 | uLat=+0.153 desR=-0.0(ff-4.5+0.0) estR=+1.2 estP=-1.6 |a|=0.88g dimu=2051 loop=42Hz det=42Hz
[tube] seg3/bank2 ag=2 thr=0.236 LADDER leg2 -0.0240 VERT trim=-0.0150 | [COMMIT] RAIL[NO-LOCK] found=0 rms=0.00px rows=1 sep=0.000 u=+0.000 vconv=+0.000 | GATE u=-0.080 v=+0.901 sz=0.060 -> +0.0deg x0.00 | uLat=+0.097 desR=-0.0(ff-4.5+0.0) estR=+2.1 estP=-1.0 |a|=0.88g dimu=2081 loop=75Hz det=75Hz
[tube] seg3/bank2 ag=2 thr=0.236 LADDER leg2 -0.0240 VERT trim=-0.0150 | [COMMIT] RAIL[NO-LOCK] found=0 rms=0.00px rows=8 sep=0.000 u=+0.000 vconv=+0.000 | GATE u=-0.093 v=+0.879 sz=0.067 -> +0.0deg x0.00 | uLat=+0.090 desR=-0.0(ff-4.5+0.0) estR=+2.6 estP=-0.6 |a|=0.87g dimu=2110 loop=75Hz det=75Hz
[tube] seg3/bank2 ag=2 thr=0.236 LADDER leg2 -0.0240 VERT trim=-0.0150 | [COMMIT] RAIL[NO-LOCK] found=0 rms=0.00px rows=3 sep=0.000 u=+0.000 vconv=+0.000 | GATE u=-0.114 v=+0.856 sz=0.065 -> +0.0deg x0.00 | uLat=+0.102 desR=-0.0(ff-4.5+0.0) estR=+3.1 estP=-0.4 |a|=0.88g dimu=2140 loop=75Hz det=75Hz
[tube] seg3/bank2 ag=2 thr=0.236 LADDER leg2 -0.0240 VERT trim=-0.0150 | [COMMIT] RAIL[NO-LOCK] found=0 rms=0.00px rows=0 sep=0.000 u=+0.000 vconv=+0.000 | GATE u=-0.137 v=+0.837 sz=0.064 -> +0.0deg x0.00 | uLat=+0.120 desR=-0.0(ff-4.5+0.0) estR=+3.5 estP=-0.3 |a|=0.89g dimu=2169 loop=75Hz det=75Hz
[tube] seg3/bank2 ag=2 thr=0.236 LADDER leg2 -0.0240 VERT trim=-0.0150 | [COMMIT] RAIL[NO-LOCK] found=0 rms=0.00px rows=0 sep=0.000 u=+0.000 vconv=+0.000 | GATE u=-0.170 v=+0.839 sz=0.058 -> +0.0deg x0.00 | uLat=+0.145 desR=-0.0(ff-4.5+0.0) estR=+4.2 estP=-0.2 |a|=0.90g dimu=2198 loop=79Hz det=79Hz
[tube] seg3/bank2 ag=2 thr=0.236 LADDER leg2 -0.0240 VERT trim=-0.0150 | [COMMIT] RAIL[NO-LOCK] found=0 rms=0.00px rows=0 sep=0.000 u=+0.000 vconv=+0.000 | GATE u=-0.203 v=+0.834 sz=0.057 -> +0.0deg x0.00 | uLat=+0.177 desR=-0.0(ff-4.5+0.0) estR=+4.9 estP=-0.2 |a|=0.91g dimu=2228 loop=79Hz det=79Hz
[tube] seg3/bank2 ag=2 thr=0.236 LADDER leg2 -0.0240 VERT trim=-0.0150 | [COMMIT] RAIL[NO-LOCK] found=0 rms=0.00px rows=4 sep=0.000 u=+0.000 vconv=+0.000 | GATE u=-0.230 v=+0.829 sz=0.061 -> +0.0deg x0.00 | uLat=+0.208 desR=-0.0(ff-4.5+0.0) estR=+6.0 estP=-0.1 |a|=0.93g dimu=2258 loop=79Hz det=79Hz
[tube] seg3/bank2 ag=2 thr=0.236 LADDER leg2 -0.0240 VERT trim=-0.0150 | [COMMIT] RAIL[NO-LOCK] found=0 rms=0.00px rows=10 sep=0.000 u=+0.000 vconv=+0.000 | GATE u=-0.266 v=+0.844 sz=0.060 -> +0.0deg x0.00 | uLat=+0.240 desR=-0.0(ff-4.5+0.0) estR=+6.8 estP=-0.1 |a|=0.96g dimu=2286 loop=79Hz det=79Hz
[tube] seg3/bank2 ag=2 thr=0.236 LADDER leg2 -0.0240 VERT trim=-0.0150 | [COMMIT] RAIL[NO-LOCK] found=0 rms=0.00px rows=7 sep=0.000 u=+0.000 vconv=+0.000 | GATE u=-0.309 v=+0.881 sz=0.059 -> +0.0deg x0.00 | uLat=+0.277 desR=-0.0(ff-4.5+0.0) estR=+8.2 estP=-0.1 |a|=0.95g dimu=2316 loop=81Hz det=81Hz
[tube] seg3/bank2 ag=2 thr=0.236 LADDER leg2 -0.0240 VERT trim=-0.0150 | [COMMIT] RAIL[NO-LOCK] found=0 rms=0.00px rows=0 sep=0.000 u=+0.000 vconv=+0.000 | GATE u=-0.341 v=+0.927 sz=0.055 -> +0.0deg x0.00 | uLat=+0.314 desR=-0.0(ff-4.5+0.0) estR=+9.7 estP=-0.1 |a|=0.95g dimu=2346 loop=81Hz det=81Hz
[tube] seg3/bank2 ag=2 thr=0.237 LADDER leg2 -0.0240 VERT trim=-0.0143(coasting 0.1s) | [COMMIT] RAIL[NO-LOCK] found=0 rms=0.00px rows=0 sep=0.000 u=+0.000 vconv=+0.000 | GATE -- | uLat=+0.000 desR=-0.0(ff-4.5+0.0) estR=+11.2 estP=-0.1 |a|=0.94g dimu=2374 loop=81Hz det=81Hz
[tube] seg3/bank2 ag=2 thr=0.239 LADDER leg2 -0.0240 VERT trim=-0.0121(coasting 0.3s) | [COMMIT] RAIL[NO-LOCK] found=0 rms=0.00px rows=0 sep=0.000 u=+0.000 vconv=+0.000 | GATE -- | uLat=+0.000 desR=-0.0(ff-4.5+0.0) estR=+12.8 estP=-0.1 |a|=0.94g dimu=2403 loop=81Hz det=81Hz
[tube] seg3/bank2 ag=2 thr=0.241 LADDER leg2 -0.0240 VERT trim=-0.0102(coasting 0.6s) | [COMMIT] RAIL[NO-LOCK] found=0 rms=0.00px rows=0 sep=0.000 u=+0.000 vconv=+0.000 | GATE -- | uLat=+0.000 desR=-0.0(ff-3.0+0.0) estR=+15.1 estP=-0.2 |a|=0.87g dimu=2432 loop=91Hz det=91Hz
[tube] seg3/bank2 ag=2 thr=0.242 LADDER leg2 -0.0240 VERT trim=-0.0087(coasting 0.8s) | [COMMIT] RAIL[NO-LOCK] found=0 rms=0.00px rows=0 sep=0.000 u=+0.000 vconv=+0.000 | GATE -- | uLat=+0.000 desR=-0.0(ff-1.6+0.0) estR=+9.7 estP=-0.2 |a|=0.78g dimu=2462 loop=91Hz det=91Hz
[tube] seg3/bank2 ag=2 thr=0.244 LADDER leg2 -0.0240 VERT trim=-0.0073(coasting 1.1s) | [COMMIT] RAIL[NO-LOCK] found=0 rms=0.00px rows=0 sep=0.000 u=+0.000 vconv=+0.000 | GATE -- | uLat=+0.000 desR=-0.0(ff-0.9+0.0) estR=+4.4 estP=-0.2 |a|=0.73g dimu=2491 loop=91Hz det=91Hz
[tube] >>> seg -> 4 (TIME fallback) t=20.0s
[tube] seg4/bank2 ag=2 thr=0.245 LADDER leg2 -0.0240 VERT trim=-0.0062(coasting 1.3s) | [COMMIT] RAIL[NO-LOCK] found=0 rms=0.00px rows=0 sep=0.000 u=+0.000 vconv=+0.000 | GATE -- | uLat=+0.000 desR=-0.0(ff-0.5+0.0) estR=+1.9 estP=-0.2 |a|=0.75g dimu=2520 loop=91Hz det=91Hz
[tube] seg4/bank2 ag=2 thr=0.246 LADDER leg2 -0.0240 VERT trim=-0.0052(coasting 1.6s) | [COMMIT] RAIL[NO-LOCK] found=0 rms=0.00px rows=0 sep=0.000 u=+0.000 vconv=+0.000 | GATE -- | uLat=+0.000 desR=-0.0(ff-0.2+0.0) estR=+0.8 estP=-0.2 |a|=0.75g dimu=2550 loop=101Hz det=101Hz
[tube] seg4/bank2 ag=2 thr=0.247 LADDER leg2 -0.0240 VERT trim=-0.0044(coasting 1.8s) | [COMMIT] RAIL[NO-LOCK] found=0 rms=0.00px rows=0 sep=0.000 u=+0.000 vconv=+0.000 | GATE -- | uLat=+0.000 desR=-0.0(ff-0.1+0.0) estR=+0.3 estP=-0.2 |a|=0.84g dimu=2578 loop=101Hz det=101Hz
[tube] seg4/bank2 ag=2 thr=0.247 LADDER leg2 -0.0240 VERT trim=-0.0037(coasting 2.1s) | [COMMIT] RAIL[NO-LOCK] found=0 rms=0.00px rows=0 sep=0.000 u=+0.000 vconv=+0.000 | GATE -- | uLat=+0.000 desR=-0.0(ff-0.1+0.0) estR=+5.1 estP=-0.3 |a|=0.82g dimu=2607 loop=101Hz det=101Hz
[tube] seg4/bank2 ag=2 thr=0.248 LADDER leg2 -0.0240 VERT trim=-0.0031(coasting 2.3s) | [COMMIT] RAIL[NO-LOCK] found=0 rms=0.00px rows=0 sep=0.000 u=+0.000 vconv=+0.000 | GATE -- | uLat=+0.000 desR=-0.0(ff-0.0+0.0) estR=+4.5 estP=-0.4 |a|=0.77g dimu=2636 loop=101Hz det=101Hz
[tube] seg4/bank2 ag=2 thr=0.248 LADDER leg2 -0.0240 VERT trim=-0.0026(coasting 2.6s) | [COMMIT] RAIL[NO-LOCK] found=0 rms=0.00px rows=0 sep=0.000 u=+0.000 vconv=+0.000 | GATE -- | uLat=+0.000 desR=-0.0(ff-0.0+0.0) estR=+3.7 estP=-0.4 |a|=0.75g dimu=2666 loop=98Hz det=98Hz
[tube] seg4/bank2 ag=2 thr=0.249 LADDER leg2 -0.0240 VERT trim=-0.0022(coasting 2.9s) | [COMMIT] RAIL[NO-LOCK] found=0 rms=0.00px rows=0 sep=0.000 u=+0.000 vconv=+0.000 | GATE -- | uLat=+0.000 desR=-0.0(ff-0.0+0.0) estR=+2.4 estP=-0.4 |a|=0.76g dimu=2696 loop=98Hz det=98Hz
[tube] seg4/bank2 ag=2 thr=0.249 LADDER leg2 -0.0240 VERT trim=-0.0019(coasting 3.1s) | [COMMIT] RAIL[NO-LOCK] found=0 rms=0.00px rows=0 sep=0.000 u=+0.000 vconv=+0.000 | GATE -- | uLat=+0.000 desR=-0.0(ff-0.0+0.0) estR=+1.1 estP=-0.4 |a|=0.78g dimu=2724 loop=98Hz det=98Hz
[tube] seg4/bank2 ag=2 thr=0.249 LADDER leg2 -0.0240 VERT trim=-0.0016(coasting 3.4s) | [COMMIT] RAIL[NO-LOCK] found=0 rms=0.00px rows=0 sep=0.000 u=+0.000 vconv=+0.000 | GATE -- | uLat=+0.000 desR=-0.0(ff-0.0+0.0) estR=+0.5 estP=-0.4 |a|=0.82g dimu=2754 loop=98Hz det=98Hz
[tube] seg4/bank2 ag=2 thr=0.250 LADDER leg2 -0.0240 VERT trim=-0.0013(coasting 3.6s) | [COMMIT] RAIL[NO-LOCK] found=0 rms=0.00px rows=0 sep=0.000 u=+0.000 vconv=+0.000 | GATE -- | uLat=+0.000 desR=-0.0(ff-0.0+0.0) estR=+2.3 estP=-0.5 |a|=0.82g dimu=2784 loop=98Hz det=98Hz
[tube] seg4/bank2 ag=2 thr=0.250 LADDER leg2 -0.0240 VERT trim=-0.0011(coasting 3.9s) | [COMMIT] RAIL[NO-LOCK] found=0 rms=0.00px rows=0 sep=0.000 u=+0.000 vconv=+0.000 | GATE -- | uLat=+0.000 desR=-0.0(ff-0.0+0.0) estR=+5.7 estP=-0.6 |a|=0.82g dimu=2814 loop=98Hz det=98Hz
[tube] seg4/bank2 ag=2 thr=0.250 LADDER leg2 -0.0240 VERT trim=-0.0010(coasting 4.1s) | [COMMIT] RAIL[NO-LOCK] found=0 rms=0.00px rows=0 sep=0.000 u=+0.000 vconv=+0.000 | GATE -- | uLat=+0.000 desR=-0.0(ff-0.0+0.0) estR=+3.4 estP=-0.6 |a|=0.80g dimu=2844 loop=98Hz det=98Hz
[tube] seg4/bank2 ag=2 thr=0.250 LADDER leg2 -0.0240 VERT trim=-0.0008(coasting 4.4s) | [COMMIT] RAIL[NO-LOCK] found=0 rms=0.00px rows=0 sep=0.000 u=+0.000 vconv=+0.000 | GATE -- | uLat=+0.000 desR=-0.0(ff-0.0+0.0) estR=+1.6 estP=-0.6 |a|=0.79g dimu=2873 loop=98Hz det=98Hz
[tube] seg4/bank2 ag=2 thr=0.250 LADDER leg2 -0.0240 VERT trim=-0.0007(coasting 4.6s) | [COMMIT] RAIL[NO-LOCK] found=0 rms=0.00px rows=0 sep=0.000 u=+0.000 vconv=+0.000 | GATE -- | uLat=+0.000 desR=-0.0(ff-0.0+0.0) estR=+1.3 estP=-0.7 |a|=0.81g dimu=2902 loop=99Hz det=99Hz
[tube] seg4/bank2 ag=2 thr=0.250 LADDER leg2 -0.0240 VERT trim=-0.0006(coasting 4.9s) | [COMMIT] RAIL[NO-LOCK] found=0 rms=0.00px rows=0 sep=0.000 u=+0.000 vconv=+0.000 | GATE -- | uLat=+0.000 desR=-0.0(ff-0.0+0.0) estR=+2.6 estP=-0.8 |a|=0.82g dimu=2932 loop=99Hz det=99Hz
[tube] seg4/bank2 ag=2 thr=0.251 LADDER leg2 -0.0240 VERT trim=-0.0005(coasting 5.2s) | [COMMIT] RAIL[NO-LOCK] found=0 rms=0.00px rows=0 sep=0.000 u=+0.000 vconv=+0.000 | GATE -- | uLat=+0.000 desR=-0.0(ff-0.0+0.0) estR=+2.0 estP=-0.8 |a|=0.81g dimu=2962 loop=99Hz det=99Hz
[tube] seg4/bank2 ag=2 thr=0.251 LADDER leg2 -0.0240 VERT trim=-0.0004(coasting 5.4s) | [COMMIT] RAIL[NO-LOCK] found=0 rms=0.00px rows=0 sep=0.000 u=+0.000 vconv=+0.000 | GATE -- | uLat=+0.000 desR=-0.0(ff-0.0+0.0) estR=+3.3 estP=-0.9 |a|=0.83g dimu=2990 loop=99Hz det=99Hz
[tube] >>> seg -> 5 (TIME fallback) t=24.3s
[tube] seg5/bank2 ag=2 thr=0.251 LADDER leg2 -0.0240 VERT trim=-0.0003(coasting 5.7s) | [COMMIT] RAIL[NO-LOCK] found=0 rms=0.00px rows=0 sep=0.000 u=+0.000 vconv=+0.000 | GATE -- | uLat=+0.000 desR=-0.0(ff-0.0+0.0) estR=+2.9 estP=-1.0 |a|=0.82g dimu=3020 loop=99Hz det=99Hz
[tube] seg5/bank2 ag=2 thr=0.251 LADDER leg2 -0.0240 VERT trim=-0.0003(coasting 5.9s) | [COMMIT] RAIL[NO-LOCK] found=0 rms=0.00px rows=0 sep=0.000 u=+0.000 vconv=+0.000 | GATE -- | uLat=+0.000 desR=-0.0(ff-0.0+0.0) estR=+1.9 estP=-1.0 |a|=0.83g dimu=3050 loop=99Hz det=99Hz
[tube] seg5/bank2 ag=2 thr=0.251 LADDER leg2 -0.0240 VERT trim=-0.0002(coasting 6.2s) | [COMMIT] RAIL[NO-LOCK] found=0 rms=0.00px rows=0 sep=0.000 u=+0.000 vconv=+0.000 | GATE -- | uLat=+0.000 desR=-0.0(ff-0.0+0.0) estR=+3.0 estP=-1.1 |a|=0.84g dimu=3079 loop=99Hz det=99Hz
[tube] seg5/bank2 ag=2 thr=0.251 LADDER leg2 -0.0240 VERT trim=-0.0002(coasting 6.4s) | [COMMIT] RAIL[NO-LOCK] found=0 rms=0.00px rows=0 sep=0.000 u=+0.000 vconv=+0.000 | GATE -- | uLat=+0.000 desR=-0.0(ff-0.0+0.0) estR=+6.9 estP=-1.4 |a|=0.87g dimu=3108 loop=99Hz det=99Hz
[tube] seg5/bank2 ag=2 thr=0.251 LADDER leg2 -0.0240 VERT trim=-0.0002(coasting 6.7s) | [COMMIT] RAIL[NO-LOCK] found=0 rms=0.00px rows=0 sep=0.000 u=+0.000 vconv=+0.000 | GATE -- | uLat=+0.000 desR=-0.0(ff-0.0+0.0) estR=+3.9 estP=-1.4 |a|=0.83g dimu=3138 loop=98Hz det=98Hz
[tube] seg5/bank2 ag=2 thr=0.251 LADDER leg2 -0.0240 VERT trim=-0.0001(coasting 6.9s) | [COMMIT] RAIL[NO-LOCK] found=0 rms=0.00px rows=0 sep=0.000 u=+0.000 vconv=+0.000 | GATE -- | uLat=+0.000 desR=-0.0(ff-0.0+0.0) estR=+4.1 estP=-1.6 |a|=0.84g dimu=3167 loop=98Hz det=98Hz
[tube] seg5/bank2 ag=2 thr=0.251 LADDER leg2 -0.0240 VERT trim=-0.0001(coasting 7.2s) | [COMMIT] RAIL[NO-LOCK] found=0 rms=0.00px rows=0 sep=0.000 u=+0.000 vconv=+0.000 | GATE -- | uLat=+0.000 desR=-0.0(ff-0.0+0.0) estR=+5.4 estP=-1.9 |a|=0.83g dimu=3196 loop=98Hz det=98Hz
[tube] seg5/bank2 ag=2 thr=0.251 LADDER leg2 -0.0240 VERT trim=-0.0001(coasting 7.4s) | [COMMIT] RAIL[NO-LOCK] found=0 rms=0.00px rows=0 sep=0.000 u=+0.000 vconv=+0.000 | GATE -- | uLat=+0.000 desR=-0.0(ff-0.0+0.0) estR=+14.4 estP=-3.3 |a|=0.87g dimu=3226 loop=98Hz det=98Hz
[tube] seg5/bank2 ag=2 thr=0.251 LADDER leg2 -0.0240 VERT trim=-0.0001(coasting 7.7s) | [COMMIT] RAIL[NO-LOCK] found=0 rms=0.00px rows=0 sep=0.000 u=+0.000 vconv=+0.000 | GATE -- | uLat=+0.000 desR=-0.0(ff-0.0+0.0) estR=+25.8 estP=-6.7 |a|=0.92g dimu=3255 loop=98Hz det=98Hz
[tube] seg5/bank2 ag=2 thr=0.251 LADDER leg2 -0.0240 VERT trim=-0.0001(coasting 8.0s) | [COMMIT] RAIL[NO-LOCK] found=0 rms=0.00px rows=0 sep=0.000 u=+0.000 vconv=+0.000 | GATE -- | uLat=+0.000 desR=-0.0(ff-0.0+0.0) estR=+39.5 estP=-13.2 |a|=0.98g dimu=3284 loop=98Hz det=98Hz
[tube] seg5/bank2 ag=2 thr=0.251 LADDER leg2 -0.0240 VERT trim=-0.0001(coasting 8.2s) | [COMMIT] RAIL[NO-LOCK] found=0 rms=0.00px rows=0 sep=0.000 u=+0.000 vconv=+0.000 | GATE -- | uLat=+0.000 desR=-0.0(ff-0.0+0.0) estR=+59.0 estP=-29.2 |a|=1.01g dimu=3314 loop=98Hz det=98Hz
[tube] seg5/bank2 ag=2 thr=0.251 LADDER leg2 -0.0240 VERT trim=-0.0001(coasting 8.5s) | [COMMIT] RAIL[NO-LOCK] found=0 rms=0.00px rows=0 sep=0.000 u=+0.000 vconv=+0.000 | GATE -- | uLat=+0.000 desR=-0.0(ff-0.0+0.0) estR=+84.3 estP=-74.9 |a|=0.99g dimu=3344 loop=98Hz det=98Hz
[tube] seg5/bank2 ag=2 thr=0.251 LADDER leg2 -0.0240 VERT trim=-0.0000(coasting 8.7s) | [COMMIT] RAIL[NO-LOCK] found=0 rms=0.00px rows=0 sep=0.000 u=+0.000 vconv=+0.000 | GATE -- | uLat=+0.000 desR=-0.0(ff-0.0+0.0) estR=+111.5 estP=-135.3 |a|=0.94g dimu=3373 loop=97Hz det=97Hz
[tube] seg5/bank2 ag=2 thr=0.251 LADDER leg2 -0.0240 VERT trim=-0.0000(coasting 9.0s) | [COMMIT] RAIL[NO-LOCK] found=0 rms=0.00px rows=0 sep=0.000 u=+0.000 vconv=+0.000 | GATE -- | uLat=+0.000 desR=-0.0(ff-0.0+0.0) estR=+133.6 estP=-156.1 |a|=0.89g dimu=3403 loop=97Hz det=97Hz
[tube] seg5/bank2 ag=2 thr=0.251 LADDER leg2 -0.0240 VERT trim=-0.0000(coasting 9.2s) | [COMMIT] RAIL[NO-LOCK] found=0 rms=0.00px rows=0 sep=0.000 u=+0.000 vconv=+0.000 | GATE -- | uLat=+0.000 desR=-0.0(ff-0.0+0.0) estR=+152.6 estP=-164.2 |a|=0.87g dimu=3433 loop=97Hz det=97Hz
[tube] seg5/bank2 ag=2 thr=0.251 LADDER leg2 -0.0240 VERT trim=-0.0000(coasting 9.5s) | [COMMIT] RAIL[NO-LOCK] found=0 rms=0.00px rows=0 sep=0.000 u=+0.000 vconv=+0.000 | GATE -- | uLat=+0.000 desR=-0.0(ff-0.0+0.0) estR=+171.4 estP=-168.0 |a|=0.94g dimu=3462 loop=97Hz det=97Hz
[tube] seg5/bank2 ag=2 thr=0.251 LADDER leg2 -0.0240 VERT trim=-0.0000(coasting 9.8s) | [COMMIT] RAIL[NO-LOCK] found=0 rms=0.00px rows=0 sep=0.000 u=+0.000 vconv=+0.000 | GATE -- | uLat=+0.000 desR=-0.0(ff-0.0+0.0) estR=-163.3 estP=-170.4 |a|=0.95g dimu=3492 loop=98Hz det=98Hz
[tube] seg5/bank2 ag=2 thr=0.251 LADDER leg2 -0.0240 VERT trim=-0.0000(coasting 10.0s) | [COMMIT] RAIL[NO-LOCK] found=0 rms=0.00px rows=0 sep=0.000 u=+0.000 vconv=+0.000 | GATE -- | uLat=+0.000 desR=-0.0(ff-0.0+0.0) estR=-151.8 estP=-173.2 |a|=0.99g dimu=3521 loop=98Hz det=98Hz
[tube] seg5/bank2 ag=2 thr=0.251 LADDER leg2 -0.0240 VERT trim=-0.0000(coasting 10.3s) | [COMMIT] RAIL[NO-LOCK] found=0 rms=0.00px rows=0 sep=0.000 u=+0.000 vconv=+0.000 | GATE -- | uLat=+0.000 desR=-0.0(ff-0.0+0.0) estR=-154.0 estP=-175.5 |a|=1.09g dimu=3551 loop=98Hz det=98Hz
[tube] seg5/bank2 ag=2 thr=0.251 LADDER leg2 -0.0240 VERT trim=-0.0000(coasting 10.5s) | [COMMIT] RAIL[NO-LOCK] found=0 rms=0.00px rows=0 sep=0.000 u=+0.000 vconv=+0.000 | GATE -- | uLat=+0.000 desR=-0.0(ff-0.0+0.0) estR=-159.2 estP=-176.8 |a|=1.10g dimu=3581 loop=98Hz det=98Hz
[tube] seg5/bank2 ag=2 thr=0.251 LADDER leg2 -0.0240 VERT trim=-0.0000(coasting 10.8s) | [COMMIT] RAIL[NO-LOCK] found=0 rms=0.00px rows=0 sep=0.000 u=+0.000 vconv=+0.000 | GATE -- | uLat=+0.000 desR=-0.0(ff-0.0+0.0) estR=-163.0 estP=-177.4 |a|=1.06g dimu=3610 loop=98Hz det=98Hz
[tube] seg5/bank2 ag=2 thr=0.251 LADDER leg2 -0.0240 VERT trim=-0.0000(coasting 11.0s) | [COMMIT] RAIL[NO-LOCK] found=0 rms=0.00px rows=0 sep=0.000 u=+0.000 vconv=+0.000 | GATE -- | uLat=+0.000 desR=-0.0(ff-0.0+0.0) estR=-168.3 estP=-177.7 |a|=0.93g dimu=3640 loop=98Hz det=98Hz
[tube] seg5/bank2 ag=2 thr=0.251 LADDER leg2 -0.0240 VERT trim=-0.0000(coasting 11.3s) | [COMMIT] RAIL[NO-LOCK] found=0 rms=0.00px rows=0 sep=0.000 u=+0.000 vconv=+0.000 | GATE -- | uLat=+0.000 desR=-0.0(ff-0.0+0.0) estR=-177.7 estP=-177.7 |a|=0.92g dimu=3670 loop=98Hz det=98Hz
[tube] seg5/bank2 ag=2 thr=0.251 LADDER leg2 -0.0240 VERT trim=-0.0000(coasting 11.6s) | [COMMIT] RAIL[NO-LOCK] found=0 rms=0.00px rows=0 sep=0.000 u=+0.000 vconv=+0.000 | GATE -- | uLat=+0.000 desR=-0.0(ff-0.0+0.0) estR=+162.7 estP=-177.6 |a|=0.96g dimu=3699 loop=97Hz det=97Hz
[tube] seg5/bank2 ag=2 thr=0.251 LADDER leg2 -0.0240 VERT trim=-0.0000(coasting 11.8s) | [COMMIT] RAIL[NO-LOCK] found=0 rms=0.00px rows=0 sep=0.000 u=+0.000 vconv=+0.000 | GATE -- | uLat=+0.000 desR=-0.0(ff-0.0+0.0) estR=+156.4 estP=-177.7 |a|=1.03g dimu=3728 loop=97Hz det=97Hz
[tube] seg5/bank2 ag=2 thr=0.251 LADDER leg2 -0.0240 VERT trim=-0.0000(coasting 12.1s) | [COMMIT] RAIL[NO-LOCK] found=0 rms=0.00px rows=0 sep=0.000 u=+0.000 vconv=+0.000 | GATE -- | uLat=+0.000 desR=-0.0(ff-0.0+0.0) estR=+158.4 estP=-177.9 |a|=1.09g dimu=3758 loop=97Hz det=97Hz
[tube] seg5/bank2 ag=2 thr=0.251 LADDER leg2 -0.0240 VERT trim=-0.0000(coasting 12.3s) | [COMMIT] RAIL[NO-LOCK] found=0 rms=0.00px rows=0 sep=0.000 u=+0.000 vconv=+0.000 | GATE -- | uLat=+0.000 desR=-0.0(ff-0.0+0.0) estR=+161.9 estP=-178.0 |a|=1.10g dimu=3786 loop=97Hz det=97Hz
[tube] seg5/bank2 ag=2 thr=0.251 LADDER leg2 -0.0240 VERT trim=-0.0000(coasting 12.6s) | [COMMIT] RAIL[NO-LOCK] found=0 rms=0.00px rows=0 sep=0.000 u=+0.000 vconv=+0.000 | GATE -- | uLat=+0.000 desR=-0.0(ff-0.0+0.0) estR=+164.8 estP=-178.1 |a|=1.03g dimu=3816 loop=98Hz det=98Hz
[tube] seg5/bank2 ag=2 thr=0.251 LADDER leg2 -0.0240 VERT trim=-0.0000(coasting 12.8s) | [COMMIT] RAIL[NO-LOCK] found=0 rms=0.00px rows=0 sep=0.000 u=+0.000 vconv=+0.000 | GATE -- | uLat=+0.000 desR=-0.0(ff-0.0+0.0) estR=+169.1 estP=-178.0 |a|=0.93g dimu=3846 loop=98Hz det=98Hz
[tube] seg5/bank2 ag=2 thr=0.251 LADDER leg2 -0.0240 VERT trim=-0.0000(coasting 13.1s) | [COMMIT] RAIL[NO-LOCK] found=0 rms=0.00px rows=0 sep=0.000 u=+0.000 vconv=+0.000 | GATE -- | uLat=+0.000 desR=-0.0(ff-0.0+0.0) estR=+177.7 estP=-177.8 |a|=0.91g dimu=3876 loop=98Hz det=98Hz
[tube] seg5/bank2 ag=2 thr=0.251 LADDER leg2 -0.0240 VERT trim=-0.0000(coasting 13.3s) | [COMMIT] RAIL[NO-LOCK] found=0 rms=0.00px rows=0 sep=0.000 u=+0.000 vconv=+0.000 | GATE -- | uLat=+0.000 desR=-0.0(ff-0.0+0.0) estR=-164.5 estP=-177.7 |a|=0.95g dimu=3905 loop=98Hz det=98Hz
[tube] seg5/bank2 ag=2 thr=0.251 LADDER leg2 -0.0240 VERT trim=-0.0000(coasting 13.6s) | [COMMIT] RAIL[NO-LOCK] found=0 rms=0.00px rows=0 sep=0.000 u=+0.000 vconv=+0.000 | GATE -- | uLat=+0.000 desR=-0.0(ff-0.0+0.0) estR=-157.9 estP=-177.7 |a|=1.04g dimu=3935 loop=99Hz det=99Hz
[tube] seg5/bank2 ag=2 thr=0.251 LADDER leg2 -0.0240 VERT trim=-0.0000(coasting 13.8s) | [COMMIT] RAIL[NO-LOCK] found=0 rms=0.00px rows=0 sep=0.000 u=+0.000 vconv=+0.000 | GATE -- | uLat=+0.000 desR=-0.0(ff-0.0+0.0) estR=-159.8 estP=-177.9 |a|=1.10g dimu=3965 loop=99Hz det=99Hz
[tube] seg5/bank2 ag=2 thr=0.251 LADDER leg2 -0.0240 VERT trim=-0.0000(coasting 14.1s) | [COMMIT] RAIL[NO-LOCK] found=0 rms=0.00px rows=0 sep=0.000 u=+0.000 vconv=+0.000 | GATE -- | uLat=+0.000 desR=-0.0(ff-0.0+0.0) estR=-163.1 estP=-178.0 |a|=1.09g dimu=3994 loop=99Hz det=99Hz
[tube] seg5/bank2 ag=2 thr=0.251 LADDER leg2 -0.0240 VERT trim=-0.0000(coasting 14.3s) | [COMMIT] RAIL[NO-LOCK] found=0 rms=0.00px rows=0 sep=0.000 u=+0.000 vconv=+0.000 | GATE -- | uLat=+0.000 desR=-0.0(ff-0.0+0.0) estR=-165.8 estP=-178.0 |a|=1.00g dimu=4023 loop=99Hz det=99Hz
[tube] seg5/bank2 ag=2 thr=0.251 LADDER leg2 -0.0240 VERT trim=-0.0000(coasting 14.6s) | [COMMIT] RAIL[NO-LOCK] found=0 rms=0.00px rows=0 sep=0.000 u=+0.000 vconv=+0.000 | GATE -- | uLat=+0.000 desR=-0.0(ff-0.0+0.0) estR=-171.4 estP=-177.9 |a|=0.91g dimu=4052 loop=100Hz det=100Hz
[tube] seg5/bank2 ag=2 thr=0.251 LADDER leg2 -0.0240 VERT trim=-0.0000(coasting 14.9s) | [COMMIT] RAIL[NO-LOCK] found=0 rms=0.00px rows=0 sep=0.000 u=+0.000 vconv=+0.000 | GATE -- | uLat=+0.000 desR=-0.0(ff-0.0+0.0) estR=+177.4 estP=-177.7 |a|=0.93g dimu=4082 loop=100Hz det=100Hz
[tube] seg5/bank2 ag=2 thr=0.251 LADDER leg2 -0.0240 VERT trim=-0.0000(coasting 15.1s) | [COMMIT] RAIL[NO-LOCK] found=0 rms=0.00px rows=0 sep=0.000 u=+0.000 vconv=+0.000 | GATE -- | uLat=+0.000 desR=-0.0(ff-0.0+0.0) estR=+160.2 estP=-177.6 |a|=0.99g dimu=4112 loop=100Hz det=100Hz
[tube] seg5/bank2 ag=2 thr=0.251 LADDER leg2 -0.0240 VERT trim=-0.0000(coasting 15.4s) | [COMMIT] RAIL[NO-LOCK] found=0 rms=0.00px rows=0 sep=0.000 u=+0.000 vconv=+0.000 | GATE -- | uLat=+0.000 desR=-0.0(ff-0.0+0.0) estR=+157.9 estP=-177.7 |a|=1.07g dimu=4141 loop=100Hz det=100Hz
[tube] seg5/bank2 ag=2 thr=0.251 LADDER leg2 -0.0240 VERT trim=-0.0000(coasting 15.6s) | [COMMIT] RAIL[NO-LOCK] found=0 rms=0.00px rows=0 sep=0.000 u=+0.000 vconv=+0.000 | GATE -- | uLat=+0.000 desR=-0.0(ff-0.0+0.0) estR=+161.0 estP=-177.9 |a|=1.10g dimu=4170 loop=96Hz det=96Hz
[tube] seg5/bank2 ag=2 thr=0.251 LADDER leg2 -0.0240 VERT trim=-0.0000(coasting 15.9s) | [COMMIT] RAIL[NO-LOCK] found=0 rms=0.00px rows=0 sep=0.000 u=+0.000 vconv=+0.000 | GATE -- | uLat=+0.000 desR=-0.0(ff-0.0+0.0) estR=+163.9 estP=-177.9 |a|=1.06g dimu=4200 loop=96Hz det=96Hz
[tube] seg5/bank2 ag=2 thr=0.251 LADDER leg2 -0.0240 VERT trim=-0.0000(coasting 16.1s) | [COMMIT] RAIL[NO-LOCK] found=0 rms=0.00px rows=0 sep=0.000 u=+0.000 vconv=+0.000 | GATE -- | uLat=+0.000 desR=-0.0(ff-0.0+0.0) estR=+167.0 estP=-177.9 |a|=0.98g dimu=4228 loop=96Hz det=96Hz
[tube] max flight 35.0s -- stop. seg=5 ag=2
[sched] throttle-0 + DISARM sent.
[tube] final active_gate=2  gates passed=2/6
