[STAMP] EXEC FILE = C:\Users\nohab\Desktop\AI GP\AI-GrandPrix-\tools\schedule_flier.py
[STAMP] schedule_flier.py sha=46315e331e mtime=2026-08-03T00:48:16 git=e5dfbfc
[STAMP] mode=coast-tube cruise=8.0 level_thrust=0.275 sink_slope=17.6 banks=[0..5] pulse_s=0.5 thrust_bias=0.0 flip=False
[STAMP]   seg0 SPAWN->START thr=0.275 bank=+5.0 slope=-1.3
[STAMP]   seg1 START->g1 thr=0.178 bank=+10.8 slope=+12.1
[STAMP]   seg2 g1->g2 thr=0.135 bank=-13.0 slope=+17.1
[STAMP]   seg3 g2->g3 thr=0.143 bank=+12.4 slope=+16.2
[STAMP]   seg4 g3->g4 thr=0.260 bank=-21.0 slope=+1.9
[STAMP]   seg5 g4->FINIS thr=0.263 bank=+18.4 slope=+1.5
[sched] tune overrides: {'cruise_pitch_deg': -24.0, 'ol_kp_att': 3.0}
[tube] *** --gate-vert-coast-bias -0.030 FORCED to 0.000: the altitude ladder owns the between-gate descent and a leg-independent bias on top of it double-counts. ***
[tube] cruise 8.0 m/s bias +0.000 | PITCH=PURE COAST (hold removed), THRUST=CONST 0.275 (sink-map schedule OVERRIDDEN) | LEVEL-LOCK off (--gate-vert-level-band 0) | ALTITUDE LADDER per-leg [-0.005, 0.039, 0.024, 0.033, 0.004, 0.003] anchor 0.035 @ leg2 (+17.1deg) scale 1.00 overrides {0: -0.005, 1: 0.039, 2: 0.024} (leg index = ACTIVE_GATE) | slew up 0.60/s down 0.60/s + GATE-VERT trim PER-LEG by active_gate ag0[-0.045,+0.060] ag1[-0.015,+0.100] ag2[-0.015,+0.100] ag3[-0.015,+0.100] ag4[-0.015,+0.100] ag5[-0.015,+0.100] (last entry fills any higher ag) kv=0.16 kdv=0.1 size>=0.05 dead-decay=1.5s -> bias +0.000 (= HOLD the leg baseline) + VERT COMMIT sz_f>=0.18 on ag<=0 ONLY: freeze the PD, ease the held trim to the leg baseline over tau=0.20s (reversible, not a latch). ag>0 keeps the LIVE PD so the arrest can fire (flt40 plunged at gate 2 with the commit applied everywhere), LATERAL=GATE-CENTRING(closed) k=1.0 clamp 11deg size>=0.10 -- the ONLY steering law (no rail lateral flag passed). RAIL DETECTOR ON EVERY leg (--log-tube), HALF res ~3.4 ms/frame (reuses the gate detector array; agrees with full res to 0.0002 in offset) + CLOSE-RANGE COMMIT, ag>=2 ONLY: sz_f>=0.16 slews des_roll -> 0 over tau=0.20s (reversible, not a latch). ag<2 UNTOUCHED: commit_k forced to exactly 1.0 = bit-for-bit the --gate-commit-size 0 law (flt9's; NOT flt11's, which ran the commit unscoped on ag 0-1), NO backbone flip=False | POST-GATE HOLD: hold gate-1 exit cmd for 1.5s, decay tau 0.5s, resume at size>=0.20, live-corr 30%. | LEG1 BANK +5.0deg LEFT (on ag==1, summed with centring then clamped) | LEG2 (ag==2) PRE-TURN -4.5deg RIGHT, vision clamp 9deg (TIGHTER than the global 11 -- feed-forward leads) | GATE FILTER tau=0.20s hold=0.40s fade=0.50s (shared by BOTH loops) | TUBE FILTER shares those constants (log-only) | kp_att=3.0 kd_att=0.05
[tube]   seg0 SPAWN->START slope  -1.3 d+0.0050 OVERRIDE thr 0.280       | bank    -- (backbone off)
[tube]   seg1 START->g1    slope +12.1 d-0.0390 OVERRIDE thr 0.236       | bank    -- (backbone off)
[tube]   seg2    g1->g2    slope +17.1 d-0.0240 OVERRIDE thr 0.251       | bank    -- (backbone off)
[tube]   seg3    g2->g3    slope +16.2 d-0.0332 thr 0.242       | bank    -- (backbone off)
[tube]   seg4    g3->g4    slope  +1.9 d-0.0039 thr 0.271       | bank    -- (backbone off)
[tube]   seg5    g4->FINIS slope  +1.5 d-0.0031 thr 0.272       | bank    -- (backbone off)
[sched] waiting for heartbeat ...
[sched] heartbeat sys 1
[sched] ARM sent; waiting for GO ...
[sched] GO.
[tube] per-tick log -> C:\Users\nohab\Desktop\AI GP\AI-GrandPrix-\filt_auto_329.csv
[tube] seg0 ag=0 thr=0.282 LADDER leg0 --0.0050 VERT trim=+0.0022 | [steer ] RAIL[lock-REJ] found=1 rms=2.78px rows=82 sep=0.437 u=+0.007 vconv=-0.226 | GATE u=+0.010 v=-0.014 sz=0.084 -> +0.0deg x1.00 | uLat=+0.000 desR=+0.0(ff+0.0+0.0) estR=-0.0 estP=-17.8 |a|=1.00g dimu=278 loop=0Hz det=0Hz
[tube] seg0 ag=0 thr=0.280 LADDER leg0 --0.0050 VERT trim=+0.0004 | [steer ] RAIL[lock] found=1 rms=0.45px rows=78 sep=0.460 u=+0.002 vconv=-0.355 | GATE u=+0.011 v=-0.009 sz=0.081 -> +0.0deg x1.00 | uLat=+0.000 desR=+0.0(ff+0.0+0.0) estR=-0.0 estP=-11.8 |a|=1.06g dimu=307 loop=0Hz det=0Hz
[tube] seg0 ag=0 thr=0.283 LADDER leg0 --0.0050 VERT trim=+0.0034 | [steer ] RAIL[lock] found=1 rms=0.43px rows=52 sep=0.554 u=+0.001 vconv=-0.344 | GATE u=+0.012 v=-0.019 sz=0.086 -> +0.0deg x1.00 | uLat=+0.000 desR=+0.0(ff+0.0+0.0) estR=-0.0 estP=-6.8 |a|=1.09g dimu=337 loop=0Hz det=0Hz
[tube] seg0 ag=0 thr=0.284 LADDER leg0 --0.0050 VERT trim=+0.0042 | [steer ] RAIL[NO-LOCK] found=0 rms=0.00px rows=19 sep=0.000 u=+0.002 vconv=+0.000 | GATE u=+0.015 v=-0.020 sz=0.089 -> +0.0deg x1.00 | uLat=+0.000 desR=+0.0(ff+0.0+0.0) estR=-0.0 estP=-4.3 |a|=1.06g dimu=365 loop=0Hz det=0Hz
[tube] seg0 ag=0 thr=0.284 LADDER leg0 --0.0050 VERT trim=+0.0038 | [steer ] RAIL[lock] found=1 rms=1.44px rows=22 sep=1.772 u=+0.027 vconv=-0.280 | GATE u=+0.016 v=-0.019 sz=0.089 -> +0.0deg x1.00 | uLat=+0.000 desR=+0.0(ff+0.0+0.0) estR=-0.0 estP=-3.2 |a|=1.08g dimu=394 loop=68Hz det=67Hz
[tube] seg0 ag=0 thr=0.274 LADDER leg0 --0.0050 VERT trim=-0.0058 | [steer ] RAIL[NO-LOCK] found=0 rms=0.00px rows=2 sep=0.000 u=+0.027 vconv=+0.000 | GATE u=+0.015 v=+0.017 sz=0.079 -> +0.0deg x1.00 | uLat=+0.000 desR=+0.0(ff+0.0+0.0) estR=-0.0 estP=-3.1 |a|=1.00g dimu=423 loop=68Hz det=67Hz
[tube] seg0 ag=0 thr=0.279 LADDER leg0 --0.0050 VERT trim=-0.0015 | [steer ] RAIL[NO-LOCK] found=0 rms=0.00px rows=0 sep=0.000 u=+0.022 vconv=+0.000 | GATE u=+0.017 v=-0.003 sz=0.095 -> +0.0deg x1.00 | uLat=+0.000 desR=+0.0(ff+0.0+0.0) estR=-0.0 estP=-3.6 |a|=1.04g dimu=452 loop=68Hz det=67Hz
[tube] seg0 ag=0 thr=0.282 LADDER leg0 --0.0050 VERT trim=+0.0023 | [steer ] RAIL[NO-LOCK] found=0 rms=0.00px rows=0 sep=0.000 u=+0.013 vconv=+0.000 | GATE u=+0.019 v=-0.007 sz=0.103 -> +0.0deg x1.00 | uLat=+0.000 desR=+0.0(ff+0.0+0.0) estR=-0.0 estP=-4.4 |a|=1.07g dimu=482 loop=68Hz det=67Hz
[tube] seg0 ag=0 thr=0.282 LADDER leg0 --0.0050 VERT trim=+0.0019 | [steer ] RAIL[NO-LOCK] found=0 rms=0.00px rows=0 sep=0.000 u=+0.008 vconv=+0.000 | GATE u=+0.019 v=-0.009 sz=0.116 -> -1.1deg x1.00 | uLat=-0.019 desR=-1.1(ff+0.0-1.1) estR=-0.2 estP=-5.6 |a|=1.06g dimu=512 loop=79Hz det=79Hz
[tube] seg0 ag=0 thr=0.267 LADDER leg0 --0.0050 VERT trim=-0.0127 | [steer ] RAIL[lock-REJ] found=1 rms=5.02px rows=24 sep=0.115 u=-0.033 vconv=+0.246 | GATE u=+0.017 v=+0.067 sz=0.096 -> -1.0deg x1.00 | uLat=-0.018 desR=-1.0(ff+0.0-1.0) estR=-0.5 estP=-6.8 |a|=0.96g dimu=541 loop=79Hz det=79Hz
[tube] seg0 ag=0 thr=0.259 LADDER leg0 --0.0050 VERT trim=-0.0209 | [steer ] RAIL[NO-LOCK] found=0 rms=0.00px rows=4 sep=0.000 u=-0.033 vconv=+0.000 | GATE u=+0.018 v=+0.082 sz=0.141 -> -1.1deg x1.00 | uLat=-0.020 desR=-1.1(ff+0.0-1.1) estR=-0.5 estP=-8.3 |a|=0.94g dimu=570 loop=79Hz det=79Hz
[tube] seg0 ag=0 thr=0.259 LADDER leg0 --0.0050 VERT trim=-0.0211 | [steer ] RAIL[NO-LOCK] found=0 rms=0.00px rows=12 sep=0.000 u=-0.026 vconv=+0.000 | GATE u=+0.018 v=+0.094 sz=0.154 -> -1.0deg x1.00 | uLat=-0.018 desR=-1.0(ff+0.0-1.0) estR=-0.6 estP=-9.7 |a|=0.95g dimu=600 loop=79Hz det=79Hz
[tube] seg0 ag=0 thr=0.268 LADDER leg0 --0.0050 VERT trim=-0.0123 | [steer ] RAIL[NO-LOCK] found=0 rms=0.00px rows=6 sep=0.000 u=-0.016 vconv=+0.000 | GATE u=+0.017 v=+0.067 sz=0.179 -> -1.0deg x1.00 | uLat=-0.017 desR=-1.0(ff+0.0-1.0) estR=-0.5 estP=-10.8 |a|=0.99g dimu=630 loop=69Hz det=69Hz
[tube] seg0 ag=0 thr=0.277 LADDER leg0 --0.0050 [VCOMMIT] VERT trim=-0.0032 | [steer ] RAIL[NO-LOCK] found=0 rms=0.00px rows=0 sep=0.000 u=-0.009 vconv=+0.000 | GATE u=+0.013 v=+0.033 sz=0.216 -> -0.9deg x1.00 | uLat=-0.016 desR=-0.9(ff+0.0-0.9) estR=-0.5 estP=-11.6 |a|=1.02g dimu=660 loop=69Hz det=69Hz
[tube] seg0 ag=0 thr=0.279 LADDER leg0 --0.0050 [VCOMMIT] VERT trim=-0.0009 | [steer ] RAIL[NO-LOCK] found=0 rms=0.00px rows=16 sep=0.000 u=-0.008 vconv=+0.000 | GATE u=+0.008 v=+0.010 sz=0.254 -> -0.7deg x1.00 | uLat=-0.013 desR=-0.7(ff+0.0-0.7) estR=-0.4 estP=-12.2 |a|=1.06g dimu=692 loop=69Hz det=69Hz
[tube] seg0 ag=0 thr=0.280 LADDER leg0 --0.0050 [VCOMMIT] VERT trim=-0.0002 | [steer ] RAIL[NO-LOCK] found=0 rms=0.00px rows=0 sep=0.000 u=-0.008 vconv=+0.000 | GATE u=-0.011 v=+0.004 sz=0.334 -> +0.0deg x1.00 | uLat=+0.000 desR=+0.0(ff+0.0+0.0) estR=-0.2 estP=-12.8 |a|=1.04g dimu=724 loop=69Hz det=69Hz
[tube] >>> seg -> 1 (TIME fallback) t=4.1s
[tube] seg1/bank0 ag=0 thr=0.280 LADDER leg0 --0.0050 [VCOMMIT] VERT trim=-0.0001 | [steer ] RAIL[NO-LOCK] found=0 rms=0.00px rows=6 sep=0.000 u=-0.005 vconv=+0.000 | GATE u=-0.048 v=+0.017 sz=0.501 -> +1.4deg x1.00 | uLat=+0.024 desR=+1.4(ff+0.0+1.4) estR=+0.2 estP=-13.3 |a|=1.06g dimu=756 loop=48Hz det=48Hz
[tube] seg1/bank0 ag=0 thr=0.280 LADDER leg0 --0.0050 [VCOMMIT] VERT trim=-0.0000 | [steer ] RAIL[NO-LOCK] found=0 rms=0.00px rows=17 sep=0.000 u=-0.003 vconv=+0.000 | GATE -- | uLat=+0.036 desR=+2.1(ff+0.0+2.1) estR=+0.8 estP=-13.9 |a|=1.06g dimu=785 loop=48Hz det=48Hz
[tube] seg1/bank0 ag=0 thr=0.280 LADDER leg0 --0.0050 [VCOMMIT] VERT trim=-0.0000 | [steer ] RAIL[lock-REJ] found=1 rms=5.22px rows=26 sep=0.200 u=-0.128 vconv=+0.554 | GATE u=+0.047 v=+0.476 sz=0.098 -> -10.2deg x1.00 | uLat=-0.179 desR=-10.2(ff+0.0-10.2) estR=+0.9 estP=-14.4 |a|=1.05g dimu=814 loop=48Hz det=48Hz
[tube] seg1 ag=1 thr=0.221 LADDER leg1 -0.0390 VERT trim=-0.0150 | [steer ] RAIL[NO-LOCK] found=0 rms=0.00px rows=9 sep=0.000 u=-0.128 vconv=+0.000 | GATE u=+0.044 v=+0.525 sz=0.106 -> -0.3deg x1.00 | uLat=-0.082 desR=+4.7(ff+5.0-0.3) estR=+0.1 estP=-14.8 |a|=0.51g dimu=844 loop=48Hz det=48Hz
[tube] seg1 ag=1 thr=0.221 LADDER leg1 -0.0390 VERT trim=-0.0150 | [steer ] RAIL[NO-LOCK] found=0 rms=0.00px rows=2 sep=0.000 u=-0.103 vconv=+0.000 | GATE u=+0.043 v=+0.579 sz=0.115 -> -0.5deg x1.00 | uLat=-0.055 desR=+4.5(ff+5.0-0.5) estR=+2.4 estP=-14.8 |a|=0.79g dimu=873 loop=57Hz det=57Hz
[tube] seg1 ag=1 thr=0.221 LADDER leg1 -0.0390 VERT trim=-0.0150 | [steer ] RAIL[NO-LOCK] found=0 rms=0.00px rows=0 sep=0.000 u=-0.062 vconv=+0.000 | GATE u=+0.040 v=+0.625 sz=0.131 -> -0.5deg x1.00 | uLat=-0.046 desR=+4.5(ff+5.0-0.5) estR=+3.5 estP=-14.8 |a|=0.81g dimu=902 loop=57Hz det=57Hz
[tube] seg1 ag=1 thr=0.221 LADDER leg1 -0.0390 VERT trim=-0.0150 | [steer ] RAIL[NO-LOCK] found=0 rms=0.00px rows=6 sep=0.000 u=-0.037 vconv=+0.000 | GATE u=+0.035 v=+0.671 sz=0.145 -> -0.5deg x1.00 | uLat=-0.038 desR=+4.5(ff+5.0-0.5) estR=+4.0 estP=-15.0 |a|=0.83g dimu=933 loop=57Hz det=57Hz
[tube] seg1 ag=1 thr=0.221 LADDER leg1 -0.0390 VERT trim=-0.0150 | [steer ] RAIL[NO-LOCK] found=0 rms=0.00px rows=7 sep=0.000 u=-0.022 vconv=+0.000 | GATE u=+0.030 v=+0.705 sz=0.156 -> -0.5deg x1.00 | uLat=-0.033 desR=+4.5(ff+5.0-0.5) estR=+4.2 estP=-15.1 |a|=0.83g dimu=962 loop=57Hz det=57Hz
[tube] seg1 ag=1 thr=0.221 LADDER leg1 -0.0390 VERT trim=-0.0150 | [steer ] RAIL[NO-LOCK] found=0 rms=0.00px rows=0 sep=0.000 u=-0.013 vconv=+0.000 | GATE u=+0.024 v=+0.758 sz=0.185 -> -0.4deg x1.00 | uLat=-0.028 desR=+4.6(ff+5.0-0.4) estR=+3.9 estP=-15.8 |a|=0.84g dimu=993 loop=75Hz det=75Hz
[tube] seg1 ag=1 thr=0.221 LADDER leg1 -0.0390 VERT trim=-0.0150 | [steer ] RAIL[NO-LOCK] found=0 rms=0.00px rows=0 sep=0.000 u=-0.008 vconv=+0.000 | GATE u=+0.013 v=+0.745 sz=0.195 -> -1.2deg x1.00 | uLat=-0.020 desR=+3.8(ff+5.0-1.2) estR=+3.3 estP=-16.7 |a|=0.86g dimu=1023 loop=75Hz det=75Hz
[tube] seg1 ag=1 thr=0.221 LADDER leg1 -0.0390 VERT trim=-0.0150 | [steer ] RAIL[NO-LOCK] found=0 rms=0.00px rows=0 sep=0.000 u=-0.005 vconv=+0.000 | GATE u=+0.003 v=+0.701 sz=0.218 -> -0.7deg x1.00 | uLat=-0.012 desR=+4.3(ff+5.0-0.7) estR=+2.7 estP=-17.9 |a|=0.85g dimu=1055 loop=75Hz det=75Hz
[tube] seg1 ag=1 thr=0.221 LADDER leg1 -0.0390 VERT trim=-0.0150 | [steer ] RAIL[NO-LOCK] found=0 rms=0.00px rows=12 sep=0.000 u=-0.003 vconv=+0.000 | GATE u=-0.011 v=+0.643 sz=0.274 -> -0.0deg x1.00 | uLat=-0.000 desR=+5.0(ff+5.0-0.0) estR=+2.6 estP=-18.8 |a|=0.89g dimu=1085 loop=75Hz det=75Hz
[tube] seg1 ag=1 thr=0.221 LADDER leg1 -0.0390 VERT trim=-0.0150 | [steer ] RAIL[NO-LOCK] found=0 rms=0.00px rows=18 sep=0.000 u=-0.006 vconv=+0.000 | GATE u=-0.021 v=+0.533 sz=0.363 -> +0.9deg x1.00 | uLat=+0.015 desR=+5.9(ff+5.0+0.9) estR=+2.9 estP=-19.4 |a|=0.90g dimu=1120 loop=61Hz det=61Hz
[tube] seg1 ag=1 thr=0.221 LADDER leg1 -0.0390 VERT trim=-0.0150 | [steer ] RAIL[NO-LOCK] found=0 rms=0.89px rows=19 sep=0.109 u=-0.013 vconv=+0.503 | GATE -- | uLat=+0.018 desR=+1.1(ff+5.0+1.0) estR=+2.5 estP=-19.5 |a|=0.90g dimu=1149 loop=61Hz det=61Hz
[tube] seg1 ag=1 thr=0.234 LADDER leg1 -0.0390 VERT trim=-0.0018 | [steer ] RAIL[NO-LOCK] found=0 rms=0.00px rows=4 sep=0.000 u=-0.036 vconv=+0.000 | GATE u=-0.139 v=+0.565 sz=0.060 -> +11.0deg x1.00 | uLat=+0.228 desR=+0.3(ff+5.0+11.0) estR=+0.8 estP=-19.5 |a|=0.94g dimu=1178 loop=61Hz det=61Hz
[tube] >>> seg -> 2 (active_gate) t=8.0s
[tube] seg2 ag=2 thr=0.241 LADDER leg2 -0.0240 VERT trim=-0.0150 | [steer ] RAIL[NO-LOCK] found=0 rms=2.67px rows=63 sep=-0.051 u=-0.043 vconv=+0.709 | GATE u=-0.128 v=+0.517 sz=0.071 -> -0.6deg x1.00 | uLat=+0.157 desR=-5.1(ff-4.5-0.6) estR=+0.1 estP=-19.6 |a|=0.91g dimu=1209 loop=61Hz det=61Hz
[tube] seg2 ag=2 thr=0.335 LADDER leg2 -0.0240 VERT trim=-0.0150 | [steer ] RAIL[NO-LOCK] found=0 rms=1.00px rows=58 sep=-0.048 u=-0.043 vconv=+0.541 | GATE u=-0.126 v=+0.523 sz=0.066 -> -0.3deg x1.00 | uLat=+0.136 desR=-4.8(ff-4.5-0.3) estR=-2.6 estP=-19.2 |a|=1.47g dimu=1239 loop=47Hz det=47Hz
[tube] seg2 ag=2 thr=0.315 LADDER leg2 -0.0240 VERT trim=-0.0150 | [steer ] RAIL[lock-REJ] found=1 rms=2.73px rows=53 sep=0.091 u=-0.093 vconv=-0.400 | GATE u=-0.120 v=+0.470 sz=0.075 -> -0.2deg x1.00 | uLat=+0.122 desR=-4.7(ff-4.5-0.2) estR=-3.8 estP=-19.2 |a|=1.28g dimu=1270 loop=47Hz det=47Hz
[tube] seg2 ag=2 thr=0.296 LADDER leg2 -0.0240 VERT trim=-0.0150 | [steer ] RAIL[NO-LOCK] found=0 rms=6.34px rows=42 sep=0.081 u=-0.104 vconv=-0.400 | GATE u=-0.132 v=+0.444 sz=0.095 -> -0.1deg x1.00 | uLat=+0.130 desR=-4.6(ff-4.5-0.1) estR=-4.3 estP=-19.2 |a|=1.21g dimu=1298 loop=47Hz det=47Hz
[tube] seg2 ag=2 thr=0.277 LADDER leg2 -0.0240 VERT trim=-0.0150 | [steer ] RAIL[NO-LOCK] found=0 rms=10.17px rows=45 sep=0.089 u=-0.110 vconv=-2.288 | GATE u=-0.129 v=+0.451 sz=0.106 -> -0.1deg x1.00 | uLat=+0.130 desR=-4.6(ff-4.5-0.1) estR=-3.4 estP=-18.2 |a|=1.09g dimu=1329 loop=47Hz det=47Hz
[tube] seg2 ag=2 thr=0.257 LADDER leg2 -0.0240 VERT trim=-0.0150 | [steer ] RAIL[lock-REJ] found=1 rms=0.52px rows=75 sep=0.122 u=-0.129 vconv=-0.400 | GATE u=-0.120 v=+0.462 sz=0.125 -> -0.0deg x1.00 | uLat=+0.122 desR=-4.5(ff-4.5-0.0) estR=-2.9 estP=-17.8 |a|=0.98g dimu=1359 loop=67Hz det=67Hz
[tube] seg2 ag=2 thr=0.238 LADDER leg2 -0.0240 VERT trim=-0.0150 | [steer ] RAIL[NO-LOCK] found=0 rms=0.00px rows=9 sep=0.000 u=-0.130 vconv=+0.000 | GATE u=-0.110 v=+0.484 sz=0.145 -> +0.0deg x1.00 | uLat=+0.115 desR=-4.5(ff-4.5+0.0) estR=-2.8 estP=-18.4 |a|=0.90g dimu=1389 loop=67Hz det=67Hz
[tube] seg2 ag=2 thr=0.236 LADDER leg2 -0.0240 VERT trim=-0.0150 | [steer ] RAIL[NO-LOCK] found=0 rms=0.00px rows=16 sep=0.000 u=-0.119 vconv=+0.000 | GATE u=-0.096 v=+0.474 sz=0.157 -> +0.0deg x1.00 | uLat=+0.106 desR=-4.5(ff-4.5+0.0) estR=-2.8 estP=-19.0 |a|=0.91g dimu=1419 loop=67Hz det=67Hz
[tube] seg2 ag=2 thr=0.236 LADDER leg2 -0.0240 VERT trim=-0.0150 | [steer ] RAIL[NO-LOCK] found=0 rms=0.00px rows=7 sep=0.000 u=-0.071 vconv=+0.000 | GATE u=-0.089 v=+0.493 sz=0.188 -> +0.0deg x1.00 | uLat=+0.096 desR=-4.5(ff-4.5+0.0) estR=-2.8 estP=-19.3 |a|=0.90g dimu=1449 loop=67Hz det=67Hz
[tube] seg2 ag=2 thr=0.236 LADDER leg2 -0.0240 VERT trim=-0.0150 | [steer ] RAIL[NO-LOCK] found=0 rms=0.00px rows=13 sep=0.000 u=-0.055 vconv=+0.000 | GATE u=-0.064 v=+0.487 sz=0.235 -> +0.0deg x1.00 | uLat=+0.078 desR=-4.5(ff-4.5+0.0) estR=-2.7 estP=-19.4 |a|=0.92g dimu=1481 loop=67Hz det=67Hz
[tube] seg2 ag=2 thr=0.224 LADDER leg2 -0.0240 VERT trim=-0.0150 | [COMMIT] RAIL[NO-LOCK] found=0 rms=0.00px rows=11 sep=0.000 u=-0.055 vconv=+0.000 | GATE u=-0.048 v=+0.442 sz=0.295 -> +0.0deg x0.48 | uLat=+0.060 desR=-2.2(ff-4.5+0.0) estR=-2.5 estP=-19.4 |a|=0.94g dimu=1512 loop=67Hz det=67Hz
[tube] seg2 ag=2 thr=0.221 LADDER leg2 -0.0240 VERT trim=-0.0150 | [COMMIT] RAIL[lock-REJ] found=1 rms=3.49px rows=31 sep=0.094 u=-0.024 vconv=+0.299 | GATE u=-0.023 v=+0.326 sz=0.370 -> +0.0deg x0.14 | uLat=+0.040 desR=-0.6(ff-4.5+0.0) estR=-1.5 estP=-19.6 |a|=0.86g dimu=1543 loop=67Hz det=67Hz
[tube] seg2 ag=2 thr=0.233 LADDER leg2 -0.0240 VERT trim=-0.0027 | [COMMIT] RAIL[NO-LOCK] found=0 rms=0.00px rows=13 sep=0.000 u=+0.018 vconv=+0.000 | GATE -- | uLat=+0.009 desR=-0.2(ff-4.5+0.0) estR=-0.5 estP=-19.9 |a|=0.89g dimu=1572 loop=46Hz det=46Hz
[tube] seg2 ag=2 thr=0.233 LADDER leg2 -0.0240 VERT trim=-0.0027 | [COMMIT] RAIL[NO-LOCK] found=0 rms=0.00px rows=0 sep=0.000 u=+0.018 vconv=+0.000 | GATE -- | uLat=+0.009 desR=-0.1(ff-4.5+0.0) estR=-0.2 estP=-19.6 |a|=0.95g dimu=1602 loop=46Hz det=46Hz
[tube] seg2 ag=2 thr=0.236 LADDER leg2 -0.0240 VERT trim=-0.0150 | [COMMIT] RAIL[NO-LOCK] found=0 rms=0.27px rows=17 sep=-0.030 u=+0.013 vconv=+0.426 | GATE u=+0.179 v=+0.489 sz=0.052 -> -4.6deg x0.00 | uLat=-0.080 desR=-0.0(ff-4.3-0.0) estR=-0.1 estP=-19.2 |a|=0.84g dimu=1632 loop=46Hz det=46Hz
[tube] seg2 ag=2 thr=0.236 LADDER leg2 -0.0240 VERT trim=-0.0150 | [COMMIT] RAIL[NO-LOCK] found=0 rms=0.00px rows=18 sep=0.000 u=+0.036 vconv=+0.000 | GATE u=+0.191 v=+0.463 sz=0.058 -> -5.3deg x0.00 | uLat=-0.156 desR=-0.0(ff-4.4-0.0) estR=+0.0 estP=-18.9 |a|=0.97g dimu=1660 loop=46Hz det=46Hz
[tube] seg2 ag=2 thr=0.236 LADDER leg2 -0.0240 VERT trim=-0.0150 | [COMMIT] RAIL[NO-LOCK] found=0 rms=0.00px rows=7 sep=0.000 u=+0.035 vconv=+0.000 | GATE u=+0.206 v=+0.430 sz=0.063 -> -2.2deg x0.00 | uLat=-0.187 desR=-0.0(ff-4.4-0.0) estR=+0.0 estP=-18.7 |a|=0.98g dimu=1690 loop=70Hz det=70Hz
[tube] seg2 ag=2 thr=0.236 LADDER leg2 -0.0240 VERT trim=-0.0150 | [COMMIT] RAIL[NO-LOCK] found=0 rms=0.00px rows=4 sep=0.000 u=+0.021 vconv=+0.000 | GATE u=+0.215 v=+0.405 sz=0.065 -> -1.5deg x0.00 | uLat=-0.205 desR=-0.0(ff-4.5-0.0) estR=+0.0 estP=-18.5 |a|=0.98g dimu=1720 loop=70Hz det=70Hz
[tube] seg2 ag=2 thr=0.236 LADDER leg2 -0.0240 VERT trim=-0.0150 | [COMMIT] RAIL[NO-LOCK] found=0 rms=0.00px rows=4 sep=0.000 u=+0.013 vconv=+0.000 | GATE u=+0.220 v=+0.354 sz=0.063 -> -1.2deg x0.00 | uLat=-0.213 desR=-0.0(ff-4.5-0.0) estR=+0.0 estP=-18.4 |a|=0.98g dimu=1749 loop=70Hz det=70Hz
[tube] seg2 ag=2 thr=0.236 LADDER leg2 -0.0240 VERT trim=-0.0150 | [COMMIT] RAIL[NO-LOCK] found=0 rms=0.00px rows=0 sep=0.000 u=+0.008 vconv=+0.000 | GATE u=+0.239 v=+0.310 sz=0.073 -> -1.6deg x0.00 | uLat=-0.227 desR=-0.0(ff-4.5-0.0) estR=+0.0 estP=-18.3 |a|=0.98g dimu=1779 loop=70Hz det=70Hz
[tube] >>> seg -> 3 (TIME fallback) t=13.1s
[tube] seg3/bank2 ag=2 thr=0.236 LADDER leg2 -0.0240 VERT trim=-0.0150 | [COMMIT] RAIL[NO-LOCK] found=0 rms=0.00px rows=0 sep=0.000 u=+0.005 vconv=+0.000 | GATE u=+0.250 v=+0.262 sz=0.077 -> -2.1deg x0.00 | uLat=-0.241 desR=-0.0(ff-4.5-0.0) estR=+0.0 estP=-18.3 |a|=0.98g dimu=1809 loop=82Hz det=82Hz
[tube] seg3/bank2 ag=2 thr=0.236 LADDER leg2 -0.0240 VERT trim=-0.0150 | [COMMIT] RAIL[NO-LOCK] found=0 rms=0.00px rows=0 sep=0.000 u=+0.003 vconv=+0.000 | GATE u=+0.263 v=+0.200 sz=0.084 -> -2.6deg x0.00 | uLat=-0.253 desR=-0.0(ff-4.5-0.0) estR=+0.1 estP=-18.3 |a|=0.98g dimu=1838 loop=82Hz det=82Hz
[tube] seg3/bank2 ag=2 thr=0.247 LADDER leg2 -0.0240 VERT trim=-0.0043 | [COMMIT] RAIL[NO-LOCK] found=0 rms=0.00px rows=2 sep=0.000 u=+0.002 vconv=+0.000 | GATE u=+0.271 v=+0.119 sz=0.086 -> -3.1deg x0.00 | uLat=-0.264 desR=-0.0(ff-4.5-0.0) estR=+0.1 estP=-18.2 |a|=1.02g dimu=1868 loop=82Hz det=82Hz
[tube] seg3/bank2 ag=2 thr=0.262 LADDER leg2 -0.0240 VERT trim=+0.0114 | [COMMIT] RAIL[NO-LOCK] found=0 rms=0.00px rows=1 sep=0.000 u=+0.001 vconv=+0.000 | GATE u=+0.285 v=+0.045 sz=0.097 -> -3.6deg x0.00 | uLat=-0.275 desR=-0.0(ff-4.5-0.0) estR=+0.1 estP=-17.5 |a|=1.05g dimu=1898 loop=82Hz det=82Hz
[tube] seg3/bank2 ag=2 thr=0.281 LADDER leg2 -0.0240 VERT trim=+0.0299 | [COMMIT] RAIL[NO-LOCK] found=0 rms=0.00px rows=0 sep=0.000 u=+0.000 vconv=+0.000 | GATE u=+0.300 v=-0.055 sz=0.108 -> -4.5deg x0.00 | uLat=-0.289 desR=-0.0(ff-4.5-0.0) estR=+0.2 estP=-16.9 |a|=1.15g dimu=1928 loop=81Hz det=81Hz
[tube] seg3/bank2 ag=2 thr=0.299 LADDER leg2 -0.0240 VERT trim=+0.0479 | [COMMIT] RAIL[NO-LOCK] found=0 rms=0.00px rows=0 sep=0.000 u=+0.000 vconv=+0.000 | GATE u=+0.313 v=-0.147 sz=0.117 -> -5.3deg x0.00 | uLat=-0.303 desR=-0.0(ff-4.5-0.0) estR=+0.1 estP=-16.9 |a|=1.21g dimu=1958 loop=81Hz det=81Hz
[tube] seg3/bank2 ag=2 thr=0.321 LADDER leg2 -0.0240 VERT trim=+0.0699 | [COMMIT] RAIL[NO-LOCK] found=0 rms=0.00px rows=0 sep=0.000 u=+0.000 vconv=+0.000 | GATE u=+0.316 v=-0.272 sz=0.118 -> -6.0deg x0.00 | uLat=-0.313 desR=-0.0(ff-4.5-0.0) estR=+0.0 estP=-16.9 |a|=1.37g dimu=1986 loop=81Hz det=81Hz
[tube] seg3/bank2 ag=2 thr=0.321 LADDER leg2 -0.0240 VERT trim=+0.0625 | [COMMIT] RAIL[NO-LOCK] found=0 rms=0.00px rows=0 sep=0.000 u=+0.000 vconv=+0.000 | GATE u=-0.015 v=-0.051 sz=0.047 -> -4.3deg x0.00 | uLat=-0.251 desR=-0.0(ff-4.5-0.0) estR=+0.0 estP=-16.9 |a|=1.47g dimu=2016 loop=81Hz det=81Hz
[coast] !!! COLLISION ENV/ground at t=15.1s (ag=2)
[coast] !!! COLLISION ENV/ground at t=15.1s (ag=2)
[coast] !!! COLLISION ENV/ground at t=15.1s (ag=2)
[coast] !!! COLLISION ENV/ground at t=15.1s (ag=2)
[coast] !!! COLLISION ENV/ground at t=15.1s (ag=2)
[coast] !!! COLLISION ENV/ground at t=15.1s (ag=2)
[coast] !!! COLLISION ENV/ground at t=15.1s (ag=2)
[coast] !!! COLLISION ENV/ground at t=15.1s (ag=2)
[coast] !!! COLLISION ENV/ground at t=15.1s (ag=2)
[coast] !!! COLLISION ENV/ground at t=15.1s (ag=2)
[coast] !!! COLLISION ENV/ground at t=15.1s (ag=2)
[coast] !!! COLLISION ENV/ground at t=15.1s (ag=2)
[coast] !!! COLLISION ENV/ground at t=15.1s (ag=2)
[coast] !!! COLLISION ENV/ground at t=15.2s (ag=2)
[coast] !!! COLLISION ENV/ground at t=15.2s (ag=2)
[coast] !!! COLLISION ENV/ground at t=15.2s (ag=2)
[coast] !!! COLLISION ENV/ground at t=15.2s (ag=2)
[coast] !!! COLLISION ENV/ground at t=15.2s (ag=2)
[coast] !!! COLLISION ENV/ground at t=15.2s (ag=2)
[coast] !!! COLLISION ENV/ground at t=15.2s (ag=2)
[coast] !!! COLLISION ENV/ground at t=15.2s (ag=2)
[coast] !!! COLLISION ENV/ground at t=15.2s (ag=2)
[coast] !!! COLLISION ENV/ground at t=15.2s (ag=2)
[coast] !!! COLLISION ENV/ground at t=15.2s (ag=2)
[coast] !!! COLLISION ENV/ground at t=15.2s (ag=2)
[coast] !!! COLLISION ENV/ground at t=15.2s (ag=2)
[coast] !!! COLLISION ENV/ground at t=15.2s (ag=2)
[coast] !!! COLLISION ENV/ground at t=15.2s (ag=2)
[coast] !!! COLLISION ENV/ground at t=15.2s (ag=2)
[coast] !!! COLLISION ENV/ground at t=15.3s (ag=2)
[tube] seg3/bank2 ag=2 thr=0.241 LADDER leg2 -0.0240 VERT trim=-0.0101 | [COMMIT] RAIL[NO-LOCK] found=0 rms=0.00px rows=0 sep=0.000 u=+0.000 vconv=+0.000 | GATE u=-0.030 v=-0.058 sz=0.040 -> -0.2deg x0.00 | uLat=-0.055 desR=-0.0(ff-4.5-0.0) estR=+0.7 estP=-17.1 |a|=0.88g dimu=2045 loop=80Hz det=80Hz
[coast] !!! COLLISION ENV/ground at t=15.3s (ag=2)
[coast] !!! COLLISION ENV/ground at t=15.3s (ag=2)
[coast] !!! COLLISION ENV/ground at t=15.3s (ag=2)
[coast] !!! COLLISION ENV/ground at t=15.3s (ag=2)
[coast] !!! COLLISION ENV/ground at t=15.3s (ag=2)
[coast] !!! COLLISION ENV/ground at t=15.3s (ag=2)
[coast] !!! COLLISION ENV/ground at t=15.3s (ag=2)
[coast] !!! COLLISION ENV/ground at t=15.3s (ag=2)
[coast] !!! COLLISION ENV/ground at t=15.3s (ag=2)
[coast] !!! COLLISION ENV/ground at t=15.3s (ag=2)
[coast] !!! COLLISION ENV/ground at t=15.3s (ag=2)
[coast] !!! COLLISION ENV/ground at t=15.3s (ag=2)
[coast] !!! COLLISION ENV/ground at t=15.3s (ag=2)
[coast] !!! COLLISION ENV/ground at t=15.4s (ag=2)
[coast] !!! COLLISION ENV/ground at t=15.4s (ag=2)
[coast] !!! COLLISION ENV/ground at t=15.4s (ag=2)
[coast] !!! COLLISION ENV/ground at t=15.4s (ag=2)
[coast] !!! COLLISION ENV/ground at t=15.4s (ag=2)
[coast] !!! COLLISION ENV/ground at t=15.4s (ag=2)
[coast] !!! COLLISION ENV/ground at t=15.4s (ag=2)
[coast] !!! COLLISION ENV/ground at t=15.4s (ag=2)
[coast] !!! COLLISION ENV/ground at t=15.4s (ag=2)
[coast] !!! COLLISION ENV/ground at t=15.4s (ag=2)
[coast] !!! COLLISION ENV/ground at t=15.4s (ag=2)
[coast] !!! COLLISION ENV/ground at t=15.4s (ag=2)
[coast] !!! COLLISION ENV/ground at t=15.4s (ag=2)
[coast] !!! COLLISION ENV/ground at t=15.4s (ag=2)
[coast] !!! COLLISION ENV/ground at t=15.4s (ag=2)
[coast] !!! COLLISION ENV/ground at t=15.5s (ag=2)
[coast] !!! COLLISION ENV/ground at t=15.5s (ag=2)
[coast] !!! COLLISION ENV/ground at t=15.5s (ag=2)
[coast] !!! COLLISION ENV/ground at t=15.5s (ag=2)
[coast] !!! COLLISION ENV/ground at t=15.5s (ag=2)
[coast] !!! COLLISION ENV/ground at t=15.5s (ag=2)
[coast] !!! COLLISION ENV/ground at t=15.5s (ag=2)
[coast] !!! COLLISION ENV/ground at t=15.5s (ag=2)
[coast] !!! COLLISION ENV/ground at t=15.5s (ag=2)
[coast] !!! COLLISION ENV/ground at t=15.5s (ag=2)
[tube] seg3/bank2 ag=2 thr=0.243 LADDER leg2 -0.0240 VERT trim=-0.0084(coasting 0.2s) | [COMMIT] RAIL[NO-LOCK] found=0 rms=0.00px rows=0 sep=0.000 u=+0.000 vconv=+0.000 | GATE u=-0.035 v=-0.080 sz=0.041 -> +0.0deg x0.00 | uLat=+0.000 desR=-0.0(ff-4.5+0.0) estR=+1.8 estP=-17.2 |a|=0.97g dimu=2075 loop=80Hz det=80Hz
[coast] !!! COLLISION ENV/ground at t=15.5s (ag=2)
[coast] !!! COLLISION ENV/ground at t=15.5s (ag=2)
[coast] !!! COLLISION ENV/ground at t=15.5s (ag=2)
[coast] !!! COLLISION ENV/ground at t=15.5s (ag=2)
[coast] !!! COLLISION ENV/ground at t=15.6s (ag=2)
[coast] !!! COLLISION ENV/ground at t=15.6s (ag=2)
[coast] !!! COLLISION ENV/ground at t=15.6s (ag=2)
[coast] !!! COLLISION ENV/ground at t=15.6s (ag=2)
[coast] !!! COLLISION ENV/ground at t=15.6s (ag=2)
[coast] !!! COLLISION ENV/ground at t=15.6s (ag=2)
[coast] !!! COLLISION ENV/ground at t=15.6s (ag=2)
[coast] !!! COLLISION ENV/ground at t=15.6s (ag=2)
[coast] !!! COLLISION ENV/ground at t=15.6s (ag=2)
[coast] !!! COLLISION ENV/ground at t=15.6s (ag=2)
[coast] !!! COLLISION ENV/ground at t=15.6s (ag=2)
[coast] !!! COLLISION ENV/ground at t=15.6s (ag=2)
[coast] !!! COLLISION ENV/ground at t=15.6s (ag=2)
[coast] !!! COLLISION ENV/ground at t=15.6s (ag=2)
[coast] !!! COLLISION ENV/ground at t=15.6s (ag=2)
[coast] !!! COLLISION ENV/ground at t=15.7s (ag=2)
[coast] !!! COLLISION ENV/ground at t=15.7s (ag=2)
[coast] !!! COLLISION ENV/ground at t=15.7s (ag=2)
[coast] !!! COLLISION ENV/ground at t=15.7s (ag=2)
[coast] !!! COLLISION ENV/ground at t=15.7s (ag=2)
[coast] !!! COLLISION ENV/ground at t=15.7s (ag=2)
[coast] !!! COLLISION ENV/ground at t=15.7s (ag=2)
[coast] !!! COLLISION ENV/ground at t=15.7s (ag=2)
[coast] !!! COLLISION ENV/ground at t=15.7s (ag=2)
[coast] !!! COLLISION ENV/ground at t=15.7s (ag=2)
[coast] !!! COLLISION ENV/ground at t=15.7s (ag=2)
[tube] seg3/bank2 ag=2 thr=0.244 LADDER leg2 -0.0240 VERT trim=-0.0071(coasting 0.4s) | [COMMIT] RAIL[NO-LOCK] found=0 rms=0.00px rows=0 sep=0.000 u=+0.000 vconv=+0.000 | GATE -- | uLat=+0.000 desR=-0.0(ff-4.5+0.0) estR=-0.5 estP=-28.9 |a|=1.65g dimu=2104 loop=80Hz det=80Hz
[coast] !!! COLLISION ENV/ground at t=15.9s (ag=2)
[coast] !!! COLLISION ENV/ground at t=15.9s (ag=2)
[coast] !!! COLLISION ENV/ground at t=15.9s (ag=2)
[coast] !!! COLLISION ENV/ground at t=15.9s (ag=2)
[coast] !!! COLLISION ENV/ground at t=15.9s (ag=2)
[coast] !!! COLLISION ENV/ground at t=16.0s (ag=2)
[coast] !!! COLLISION ENV/ground at t=16.0s (ag=2)
[coast] !!! COLLISION ENV/ground at t=16.0s (ag=2)
[coast] !!! COLLISION ENV/ground at t=16.0s (ag=2)
[coast] !!! COLLISION ENV/ground at t=16.0s (ag=2)
[coast] !!! COLLISION ENV/ground at t=16.0s (ag=2)
[coast] !!! COLLISION ENV/ground at t=16.0s (ag=2)
[coast] !!! COLLISION ENV/ground at t=16.0s (ag=2)
[coast] !!! COLLISION ENV/ground at t=16.0s (ag=2)
[coast] !!! COLLISION ENV/ground at t=16.0s (ag=2)
[coast] !!! COLLISION ENV/ground at t=16.0s (ag=2)
[coast] !!! COLLISION ENV/ground at t=16.0s (ag=2)
[tube] seg3/bank2 ag=2 thr=0.245 LADDER leg2 -0.0240 VERT trim=-0.0060(coasting 0.7s) | [COMMIT] RAIL[NO-LOCK] found=0 rms=0.00px rows=0 sep=0.000 u=+0.000 vconv=+0.000 | GATE -- | uLat=+0.000 desR=-0.0(ff-4.5+0.0) estR=+2.8 estP=-35.4 |a|=0.78g dimu=2134 loop=80Hz det=80Hz
[coast] !!! COLLISION ENV/ground at t=16.0s (ag=2)
[coast] !!! COLLISION ENV/ground at t=16.0s (ag=2)
[coast] !!! COLLISION ENV/ground at t=16.0s (ag=2)
[coast] !!! COLLISION ENV/ground at t=16.1s (ag=2)
[coast] !!! COLLISION ENV/ground at t=16.1s (ag=2)
[coast] !!! COLLISION ENV/ground at t=16.1s (ag=2)
[coast] !!! COLLISION ENV/ground at t=16.1s (ag=2)
[coast] !!! COLLISION ENV/ground at t=16.1s (ag=2)
[coast] !!! COLLISION ENV/ground at t=16.1s (ag=2)
[coast] !!! COLLISION ENV/ground at t=16.1s (ag=2)
[coast] !!! COLLISION ENV/ground at t=16.1s (ag=2)
[coast] !!! COLLISION ENV/ground at t=16.1s (ag=2)
[coast] !!! COLLISION ENV/ground at t=16.1s (ag=2)
[coast] !!! COLLISION ENV/ground at t=16.1s (ag=2)
[coast] !!! COLLISION ENV/ground at t=16.1s (ag=2)
[coast] !!! COLLISION ENV/ground at t=16.1s (ag=2)
[coast] !!! COLLISION ENV/ground at t=16.1s (ag=2)
[coast] !!! COLLISION ENV/ground at t=16.1s (ag=2)
[coast] !!! COLLISION ENV/ground at t=16.1s (ag=2)
[coast] !!! COLLISION ENV/ground at t=16.2s (ag=2)
[coast] !!! COLLISION ENV/ground at t=16.2s (ag=2)
[coast] !!! COLLISION ENV/ground at t=16.2s (ag=2)
[coast] !!! COLLISION ENV/ground at t=16.2s (ag=2)
[coast] !!! COLLISION ENV/ground at t=16.2s (ag=2)
[coast] !!! COLLISION ENV/ground at t=16.2s (ag=2)
[coast] !!! COLLISION ENV/ground at t=16.2s (ag=2)
[coast] !!! COLLISION ENV/ground at t=16.2s (ag=2)
[coast] !!! COLLISION ENV/ground at t=16.2s (ag=2)
[coast] !!! COLLISION ENV/ground at t=16.2s (ag=2)
[coast] !!! COLLISION ENV/ground at t=16.2s (ag=2)
[coast] !!! COLLISION ENV/ground at t=16.2s (ag=2)
[coast] !!! COLLISION ENV/ground at t=16.2s (ag=2)
[coast] !!! COLLISION ENV/ground at t=16.2s (ag=2)
[coast] !!! COLLISION ENV/ground at t=16.2s (ag=2)
[coast] !!! COLLISION ENV/ground at t=16.3s (ag=2)
[coast] !!! COLLISION ENV/ground at t=16.3s (ag=2)
[coast] !!! COLLISION ENV/ground at t=16.3s (ag=2)
[coast] !!! COLLISION ENV/ground at t=16.3s (ag=2)
[coast] !!! COLLISION ENV/ground at t=16.3s (ag=2)
[coast] !!! COLLISION ENV/ground at t=16.3s (ag=2)[tube] seg3/bank2 ag=2 thr=0.246 LADDER leg2 -0.0240 VERT trim=-0.0050(coasting 0.9s) | [COMMIT] RAIL[NO-LOCK] found=0 rms=0.00px rows=0 sep=0.000 u=+0.000 vconv=+0.000 | GATE -- | uLat=+0.000 desR=-0.0(ff-2.8+0.0) estR=+0.5 estP=-24.5 |a|=0.97g dimu=2163 loop=107Hz det=107Hz

[coast] !!! COLLISION ENV/ground at t=16.3s (ag=2)
[coast] !!! COLLISION ENV/ground at t=16.3s (ag=2)
[coast] !!! COLLISION ENV/ground at t=16.3s (ag=2)
[coast] !!! COLLISION ENV/ground at t=16.3s (ag=2)
[coast] !!! COLLISION ENV/ground at t=16.3s (ag=2)
[coast] !!! COLLISION ENV/ground at t=16.3s (ag=2)
[coast] !!! COLLISION ENV/ground at t=16.3s (ag=2)
[coast] !!! COLLISION ENV/ground at t=16.3s (ag=2)
[coast] !!! COLLISION ENV/ground at t=16.3s (ag=2)
[coast] !!! COLLISION ENV/ground at t=16.4s (ag=2)
[coast] !!! COLLISION ENV/ground at t=16.4s (ag=2)
[coast] !!! COLLISION ENV/ground at t=16.4s (ag=2)
[coast] !!! COLLISION ENV/ground at t=16.4s (ag=2)
[coast] !!! COLLISION ENV/ground at t=16.4s (ag=2)
[coast] !!! COLLISION ENV/ground at t=16.4s (ag=2)
[coast] !!! COLLISION ENV/ground at t=16.4s (ag=2)
[coast] !!! COLLISION ENV/ground at t=16.4s (ag=2)
[coast] !!! COLLISION ENV/ground at t=16.4s (ag=2)
[coast] !!! COLLISION ENV/ground at t=16.4s (ag=2)
[coast] !!! COLLISION ENV/ground at t=16.4s (ag=2)
[coast] !!! COLLISION ENV/ground at t=16.4s (ag=2)
[coast] !!! COLLISION ENV/ground at t=16.4s (ag=2)
[coast] !!! COLLISION ENV/ground at t=16.4s (ag=2)
[coast] !!! COLLISION ENV/ground at t=16.4s (ag=2)
[coast] !!! COLLISION ENV/ground at t=16.5s (ag=2)
[coast] !!! COLLISION ENV/ground at t=16.5s (ag=2)
[coast] !!! COLLISION ENV/ground at t=16.5s (ag=2)
[coast] !!! COLLISION ENV/ground at t=16.5s (ag=2)
[coast] !!! COLLISION ENV/ground at t=16.5s (ag=2)
[coast] !!! COLLISION ENV/ground at t=16.5s (ag=2)
[coast] !!! COLLISION ENV/ground at t=16.5s (ag=2)
[coast] !!! COLLISION ENV/ground at t=16.5s (ag=2)
[coast] !!! COLLISION ENV/ground at t=16.5s (ag=2)
[coast] !!! COLLISION ENV/ground at t=16.5s (ag=2)
[coast] !!! COLLISION ENV/ground at t=16.5s (ag=2)
[coast] !!! COLLISION ENV/ground at t=16.5s (ag=2)
[coast] !!! COLLISION ENV/ground at t=16.5s (ag=2)
[coast] !!! COLLISION ENV/ground at t=16.5s (ag=2)
[tube] seg3/bank2 ag=2 thr=0.247 LADDER leg2 -0.0240 VERT trim=-0.0042(coasting 1.2s) | [COMMIT] RAIL[NO-LOCK] found=0 rms=0.00px rows=0 sep=0.000 u=+0.000 vconv=+0.000 | GATE -- | uLat=+0.000 desR=-0.0(ff-1.5+0.0) estR=+1.7 estP=-10.4 |a|=1.08g dimu=2192 loop=107Hz det=107Hz
[coast] !!! COLLISION ENV/ground at t=16.5s (ag=2)
[coast] !!! COLLISION ENV/ground at t=16.6s (ag=2)
[coast] !!! COLLISION ENV/ground at t=16.6s (ag=2)
[coast] !!! COLLISION ENV/ground at t=16.6s (ag=2)
[coast] !!! COLLISION ENV/ground at t=16.6s (ag=2)
[coast] !!! COLLISION ENV/ground at t=16.6s (ag=2)
[coast] !!! COLLISION ENV/ground at t=16.6s (ag=2)
[coast] !!! COLLISION ENV/ground at t=16.6s (ag=2)
[coast] !!! COLLISION ENV/ground at t=16.6s (ag=2)
[coast] !!! COLLISION ENV/ground at t=16.6s (ag=2)
[coast] !!! COLLISION ENV/ground at t=16.6s (ag=2)
[coast] !!! COLLISION ENV/ground at t=16.6s (ag=2)
[coast] !!! COLLISION ENV/ground at t=16.6s (ag=2)
[coast] !!! COLLISION ENV/ground at t=16.6s (ag=2)
[coast] !!! COLLISION ENV/ground at t=16.6s (ag=2)
[coast] !!! COLLISION ENV/ground at t=16.7s (ag=2)
[coast] !!! COLLISION ENV/ground at t=16.7s (ag=2)
[coast] !!! COLLISION ENV/ground at t=16.7s (ag=2)
[coast] !!! COLLISION ENV/ground at t=16.7s (ag=2)
[coast] !!! COLLISION ENV/ground at t=16.7s (ag=2)
[coast] !!! COLLISION ENV/ground at t=16.7s (ag=2)
[coast] !!! COLLISION ENV/ground at t=16.7s (ag=2)
[coast] !!! COLLISION ENV/ground at t=16.7s (ag=2)
[coast] !!! COLLISION ENV/ground at t=16.7s (ag=2)
[coast] !!! COLLISION ENV/ground at t=16.7s (ag=2)
[coast] !!! COLLISION ENV/ground at t=16.7s (ag=2)
[coast] !!! COLLISION ENV/ground at t=16.7s (ag=2)
[coast] !!! COLLISION ENV/ground at t=16.7s (ag=2)
[coast] !!! COLLISION ENV/ground at t=16.7s (ag=2)
[coast] !!! COLLISION ENV/ground at t=16.7s (ag=2)
[coast] !!! COLLISION ENV/ground at t=16.7s (ag=2)
[coast] !!! COLLISION ENV/ground at t=16.8s (ag=2)
[coast] !!! COLLISION ENV/ground at t=16.8s (ag=2)
[coast] !!! COLLISION ENV/ground at t=16.8s (ag=2)
[coast] !!! COLLISION ENV/ground at t=16.8s (ag=2)
[coast] !!! COLLISION ENV/ground at t=16.8s (ag=2)
[coast] !!! COLLISION ENV/ground at t=16.8s (ag=2)
[tube] seg3/bank2 ag=2 thr=0.247 LADDER leg2 -0.0240 VERT trim=-0.0036(coasting 1.4s) | [COMMIT] RAIL[NO-LOCK] found=0 rms=0.00px rows=0 sep=0.000 u=+0.000 vconv=+0.000 | GATE -- | uLat=+0.000 desR=-0.0(ff-0.8+0.0) estR=+2.1 estP=-5.4 |a|=1.01g dimu=2222 loop=107Hz det=107Hz
[coast] !!! COLLISION ENV/ground at t=16.8s (ag=2)
[coast] !!! COLLISION ENV/ground at t=16.8s (ag=2)
[coast] !!! COLLISION ENV/ground at t=16.8s (ag=2)
[coast] !!! COLLISION ENV/ground at t=16.8s (ag=2)
[coast] !!! COLLISION ENV/ground at t=16.8s (ag=2)
[coast] !!! COLLISION ENV/ground at t=16.8s (ag=2)
[coast] !!! COLLISION ENV/ground at t=16.8s (ag=2)
[coast] !!! COLLISION ENV/ground at t=16.8s (ag=2)
[coast] !!! COLLISION ENV/ground at t=16.8s (ag=2)
[coast] !!! COLLISION ENV/ground at t=16.9s (ag=2)
[coast] !!! COLLISION ENV/ground at t=16.9s (ag=2)
[coast] !!! COLLISION ENV/ground at t=16.9s (ag=2)
[coast] !!! COLLISION ENV/ground at t=16.9s (ag=2)
[coast] !!! COLLISION ENV/ground at t=16.9s (ag=2)
[coast] !!! COLLISION ENV/ground at t=16.9s (ag=2)
[coast] !!! COLLISION ENV/ground at t=16.9s (ag=2)
[coast] !!! COLLISION ENV/ground at t=16.9s (ag=2)
[coast] !!! COLLISION ENV/ground at t=16.9s (ag=2)
[coast] !!! COLLISION ENV/ground at t=16.9s (ag=2)
[coast] !!! COLLISION ENV/ground at t=16.9s (ag=2)
[coast] !!! COLLISION ENV/ground at t=16.9s (ag=2)
[coast] !!! COLLISION ENV/ground at t=16.9s (ag=2)
[coast] !!! COLLISION ENV/ground at t=16.9s (ag=2)
[coast] !!! COLLISION ENV/ground at t=17.0s (ag=2)
[coast] !!! COLLISION ENV/ground at t=17.0s (ag=2)
[coast] !!! COLLISION ENV/ground at t=17.0s (ag=2)
[coast] !!! COLLISION ENV/ground at t=17.0s (ag=2)
[coast] !!! COLLISION ENV/ground at t=17.0s (ag=2)
[coast] !!! COLLISION ENV/ground at t=17.0s (ag=2)
[coast] !!! COLLISION ENV/ground at t=17.0s (ag=2)
[coast] !!! COLLISION ENV/ground at t=17.0s (ag=2)
[coast] !!! COLLISION ENV/ground at t=17.0s (ag=2)
[coast] !!! COLLISION ENV/ground at t=17.0s (ag=2)
[coast] !!! COLLISION ENV/ground at t=17.0s (ag=2)
[coast] !!! COLLISION ENV/ground at t=17.0s (ag=2)
[coast] !!! COLLISION ENV/ground at t=17.0s (ag=2)
[coast] !!! COLLISION ENV/ground at t=17.0s (ag=2)
[coast] !!! COLLISION ENV/ground at t=17.0s (ag=2)
[coast] !!! COLLISION ENV/ground at t=17.0s (ag=2)
[tube] seg3/bank2 ag=2 thr=0.248 LADDER leg2 -0.0240 VERT trim=-0.0030(coasting 1.7s) | [COMMIT] RAIL[NO-LOCK] found=0 rms=0.00px rows=0 sep=0.000 u=+0.000 vconv=+0.000 | GATE -- | uLat=+0.000 desR=-0.0(ff-0.4+0.0) estR=+2.9 estP=-3.3 |a|=1.00g dimu=2251 loop=107Hz det=107Hz
[coast] !!! COLLISION ENV/ground at t=17.1s (ag=2)
[coast] !!! COLLISION ENV/ground at t=17.1s (ag=2)
[coast] !!! COLLISION ENV/ground at t=17.1s (ag=2)
[coast] !!! COLLISION ENV/ground at t=17.1s (ag=2)
[coast] !!! COLLISION ENV/ground at t=17.1s (ag=2)
[coast] !!! COLLISION ENV/ground at t=17.1s (ag=2)
[coast] !!! COLLISION ENV/ground at t=17.1s (ag=2)
[coast] !!! COLLISION ENV/ground at t=17.1s (ag=2)
[coast] !!! COLLISION ENV/ground at t=17.1s (ag=2)
[coast] !!! COLLISION ENV/ground at t=17.1s (ag=2)
[coast] !!! COLLISION ENV/ground at t=17.1s (ag=2)
[coast] !!! COLLISION ENV/ground at t=17.1s (ag=2)
[coast] !!! COLLISION ENV/ground at t=17.1s (ag=2)
[coast] !!! COLLISION ENV/ground at t=17.1s (ag=2)
[coast] !!! COLLISION ENV/ground at t=17.1s (ag=2)
[coast] !!! COLLISION ENV/ground at t=17.2s (ag=2)
[coast] !!! COLLISION ENV/ground at t=17.2s (ag=2)
[coast] !!! COLLISION ENV/ground at t=17.2s (ag=2)
[coast] !!! COLLISION ENV/ground at t=17.2s (ag=2)
[coast] !!! COLLISION ENV/ground at t=17.2s (ag=2)
[coast] !!! COLLISION ENV/ground at t=17.2s (ag=2)
[coast] !!! COLLISION ENV/ground at t=17.2s (ag=2)
[coast] !!! COLLISION ENV/ground at t=17.2s (ag=2)
[coast] !!! COLLISION ENV/ground at t=17.2s (ag=2)
[coast] !!! COLLISION ENV/ground at t=17.2s (ag=2)
[coast] !!! COLLISION ENV/ground at t=17.2s (ag=2)
[coast] !!! COLLISION ENV/ground at t=17.2s (ag=2)
[coast] !!! COLLISION ENV/ground at t=17.2s (ag=2)
[coast] !!! COLLISION ENV/ground at t=17.2s (ag=2)
[coast] !!! COLLISION ENV/ground at t=17.2s (ag=2)
[coast] !!! COLLISION ENV/ground at t=17.3s (ag=2)
[coast] !!! COLLISION ENV/ground at t=17.3s (ag=2)
[coast] !!! COLLISION ENV/ground at t=17.3s (ag=2)
[coast] !!! COLLISION ENV/ground at t=17.3s (ag=2)
[coast] !!! COLLISION ENV/ground at t=17.3s (ag=2)
[coast] !!! COLLISION ENV/ground at t=17.3s (ag=2)
[coast] !!! COLLISION ENV/ground at t=17.3s (ag=2)
[coast] !!! COLLISION ENV/ground at t=17.3s (ag=2)
[tube] seg3/bank2 ag=2 thr=0.248 LADDER leg2 -0.0240 VERT trim=-0.0026(coasting 1.9s) | [COMMIT] RAIL[NO-LOCK] found=0 rms=0.00px rows=0 sep=0.000 u=+0.000 vconv=+0.000 | GATE -- | uLat=+0.000 desR=-0.0(ff-0.2+0.0) estR=+3.6 estP=-2.2 |a|=1.00g dimu=2280 loop=114Hz det=114Hz
[coast] !!! COLLISION ENV/ground at t=17.3s (ag=2)
[coast] !!! COLLISION ENV/ground at t=17.3s (ag=2)
[coast] !!! COLLISION ENV/ground at t=17.3s (ag=2)
[coast] !!! COLLISION ENV/ground at t=17.3s (ag=2)
[coast] !!! COLLISION ENV/ground at t=17.3s (ag=2)
[coast] !!! COLLISION ENV/ground at t=17.3s (ag=2)
[coast] !!! COLLISION ENV/ground at t=17.4s (ag=2)
[coast] !!! COLLISION ENV/ground at t=17.4s (ag=2)
[coast] !!! COLLISION ENV/ground at t=17.4s (ag=2)
[coast] !!! COLLISION ENV/ground at t=17.4s (ag=2)
[coast] !!! COLLISION ENV/ground at t=17.4s (ag=2)
[coast] !!! COLLISION ENV/ground at t=17.4s (ag=2)
[coast] !!! COLLISION ENV/ground at t=17.4s (ag=2)
[coast] !!! COLLISION ENV/ground at t=17.4s (ag=2)
[coast] !!! COLLISION ENV/ground at t=17.4s (ag=2)
[coast] !!! COLLISION ENV/ground at t=17.4s (ag=2)
[coast] !!! COLLISION ENV/ground at t=17.4s (ag=2)
[coast] !!! COLLISION ENV/ground at t=17.4s (ag=2)
[coast] !!! COLLISION ENV/ground at t=17.4s (ag=2)
[coast] !!! COLLISION ENV/ground at t=17.4s (ag=2)
[coast] !!! COLLISION ENV/ground at t=17.4s (ag=2)
[coast] !!! COLLISION ENV/ground at t=17.4s (ag=2)
[coast] !!! COLLISION ENV/ground at t=17.5s (ag=2)
[coast] !!! COLLISION ENV/ground at t=17.5s (ag=2)
[coast] !!! COLLISION ENV/ground at t=17.5s (ag=2)
[coast] !!! COLLISION ENV/ground at t=17.5s (ag=2)
[coast] !!! COLLISION ENV/ground at t=17.5s (ag=2)
[coast] !!! COLLISION ENV/ground at t=17.5s (ag=2)
[coast] !!! COLLISION ENV/ground at t=17.5s (ag=2)
[coast] !!! COLLISION ENV/ground at t=17.5s (ag=2)
[coast] !!! COLLISION ENV/ground at t=17.5s (ag=2)
[coast] !!! COLLISION ENV/ground at t=17.5s (ag=2)
[coast] !!! COLLISION ENV/ground at t=17.5s (ag=2)
[coast] !!! COLLISION ENV/ground at t=17.5s (ag=2)
[coast] !!! COLLISION ENV/ground at t=17.5s (ag=2)
[coast] !!! COLLISION ENV/ground at t=17.5s (ag=2)
[coast] !!! COLLISION ENV/ground at t=17.5s (ag=2)
[coast] !!! COLLISION ENV/ground at t=17.6s (ag=2)
[tube] seg3/bank2 ag=2 thr=0.249 LADDER leg2 -0.0240 VERT trim=-0.0021(coasting 2.2s) | [COMMIT] RAIL[NO-LOCK] found=0 rms=0.00px rows=0 sep=0.000 u=+0.000 vconv=+0.000 | GATE -- | uLat=+0.000 desR=-0.0(ff-0.1+0.0) estR=+4.4 estP=-1.6 |a|=1.00g dimu=2310 loop=114Hz det=114Hz
[coast] !!! COLLISION ENV/ground at t=17.6s (ag=2)
[coast] !!! COLLISION ENV/ground at t=17.6s (ag=2)
[coast] !!! COLLISION ENV/ground at t=17.6s (ag=2)
[coast] !!! COLLISION ENV/ground at t=17.6s (ag=2)
[coast] !!! COLLISION ENV/ground at t=17.6s (ag=2)
[coast] !!! COLLISION ENV/ground at t=17.6s (ag=2)
[coast] !!! COLLISION ENV/ground at t=17.6s (ag=2)
[coast] !!! COLLISION ENV/ground at t=17.6s (ag=2)
[coast] !!! COLLISION ENV/ground at t=17.6s (ag=2)
[coast] !!! COLLISION ENV/ground at t=17.6s (ag=2)
[coast] !!! COLLISION ENV/ground at t=17.6s (ag=2)
[coast] !!! COLLISION ENV/ground at t=17.6s (ag=2)
[coast] !!! COLLISION ENV/ground at t=17.6s (ag=2)
[coast] !!! COLLISION ENV/ground at t=17.7s (ag=2)
[coast] !!! COLLISION ENV/ground at t=17.7s (ag=2)
[coast] !!! COLLISION ENV/ground at t=17.7s (ag=2)
[coast] !!! COLLISION ENV/ground at t=17.7s (ag=2)
[coast] !!! COLLISION ENV/ground at t=17.7s (ag=2)
[coast] !!! COLLISION ENV/ground at t=17.7s (ag=2)
[coast] !!! COLLISION ENV/ground at t=17.7s (ag=2)
[coast] !!! COLLISION ENV/ground at t=17.7s (ag=2)
[coast] !!! COLLISION ENV/ground at t=17.7s (ag=2)
[coast] !!! COLLISION ENV/ground at t=17.7s (ag=2)
[coast] !!! COLLISION ENV/ground at t=17.7s (ag=2)
[coast] !!! COLLISION ENV/ground at t=17.7s (ag=2)
[coast] !!! COLLISION ENV/ground at t=17.7s (ag=2)
[coast] !!! COLLISION ENV/ground at t=17.7s (ag=2)
[coast] !!! COLLISION ENV/ground at t=17.7s (ag=2)
[coast] !!! COLLISION ENV/ground at t=17.7s (ag=2)
[coast] !!! COLLISION ENV/ground at t=17.8s (ag=2)
[coast] !!! COLLISION ENV/ground at t=17.8s (ag=2)
[coast] !!! COLLISION ENV/ground at t=17.8s (ag=2)
[coast] !!! COLLISION ENV/ground at t=17.8s (ag=2)
[coast] !!! COLLISION ENV/ground at t=17.8s (ag=2)
[coast] !!! COLLISION ENV/ground at t=17.8s (ag=2)
[coast] !!! COLLISION ENV/ground at t=17.8s (ag=2)
[coast] !!! COLLISION ENV/ground at t=17.8s (ag=2)
[coast] !!! COLLISION ENV/ground at t=17.8s (ag=2)
[tube] seg3/bank2 ag=2 thr=0.249 LADDER leg2 -0.0240 VERT trim=-0.0018(coasting 2.4s) | [COMMIT] RAIL[NO-LOCK] found=0 rms=0.00px rows=0 sep=0.000 u=+0.000 vconv=+0.000 | GATE -- | uLat=+0.000 desR=-0.0(ff-0.1+0.0) estR=+5.8 estP=-1.4 |a|=1.01g dimu=2339 loop=114Hz det=114Hz[coast] !!! COLLISION ENV/ground at t=17.8s (ag=2)

[coast] !!! COLLISION ENV/ground at t=17.8s (ag=2)
[coast] !!! COLLISION ENV/ground at t=17.8s (ag=2)
[coast] !!! COLLISION ENV/ground at t=17.8s (ag=2)
[coast] !!! COLLISION ENV/ground at t=17.8s (ag=2)
[coast] !!! COLLISION ENV/ground at t=17.8s (ag=2)
[coast] !!! COLLISION ENV/ground at t=17.9s (ag=2)
[coast] !!! COLLISION ENV/ground at t=17.9s (ag=2)
[coast] !!! COLLISION ENV/ground at t=17.9s (ag=2)
[coast] !!! COLLISION ENV/ground at t=17.9s (ag=2)
[coast] !!! COLLISION ENV/ground at t=17.9s (ag=2)
[coast] !!! COLLISION ENV/ground at t=17.9s (ag=2)
[coast] !!! COLLISION ENV/ground at t=17.9s (ag=2)
[coast] !!! COLLISION ENV/ground at t=17.9s (ag=2)
[coast] !!! COLLISION ENV/ground at t=17.9s (ag=2)
[coast] !!! COLLISION ENV/ground at t=17.9s (ag=2)
[coast] !!! COLLISION ENV/ground at t=17.9s (ag=2)
[coast] !!! COLLISION ENV/ground at t=17.9s (ag=2)
[coast] !!! COLLISION ENV/ground at t=17.9s (ag=2)
[coast] !!! COLLISION ENV/ground at t=17.9s (ag=2)
[coast] !!! COLLISION ENV/ground at t=17.9s (ag=2)
[coast] !!! COLLISION ENV/ground at t=18.0s (ag=2)
[coast] !!! COLLISION ENV/ground at t=18.0s (ag=2)
[coast] !!! COLLISION ENV/ground at t=18.0s (ag=2)
[coast] !!! COLLISION ENV/ground at t=18.0s (ag=2)
[coast] !!! COLLISION ENV/ground at t=18.0s (ag=2)
[coast] !!! COLLISION ENV/ground at t=18.0s (ag=2)
[coast] !!! COLLISION ENV/ground at t=18.0s (ag=2)
[coast] !!! COLLISION ENV/ground at t=18.0s (ag=2)
[coast] !!! COLLISION ENV/ground at t=18.0s (ag=2)
[coast] !!! COLLISION ENV/ground at t=18.0s (ag=2)
[coast] !!! COLLISION ENV/ground at t=18.0s (ag=2)
[coast] !!! COLLISION ENV/ground at t=18.0s (ag=2)
[coast] !!! COLLISION ENV/ground at t=18.0s (ag=2)
[coast] !!! COLLISION ENV/ground at t=18.0s (ag=2)
[coast] !!! COLLISION ENV/ground at t=18.0s (ag=2)
[coast] !!! COLLISION ENV/ground at t=18.1s (ag=2)
[coast] !!! COLLISION ENV/ground at t=18.1s (ag=2)
[tube] seg3/bank2 ag=2 thr=0.249 LADDER leg2 -0.0240 VERT trim=-0.0015(coasting 2.7s) | [COMMIT] RAIL[NO-LOCK] found=0 rms=0.00px rows=0 sep=0.000 u=+0.000 vconv=+0.000 | GATE -- | uLat=+0.000 desR=-0.0(ff-0.0+0.0) estR=+7.7 estP=-1.3 |a|=1.01g dimu=2369 loop=114Hz det=114Hz
[coast] !!! COLLISION ENV/ground at t=18.1s (ag=2)
[coast] !!! COLLISION ENV/ground at t=18.1s (ag=2)
[coast] !!! COLLISION ENV/ground at t=18.1s (ag=2)
[coast] !!! COLLISION ENV/ground at t=18.1s (ag=2)
[coast] !!! COLLISION ENV/ground at t=18.1s (ag=2)
[coast] !!! COLLISION ENV/ground at t=18.1s (ag=2)
[coast] !!! COLLISION ENV/ground at t=18.1s (ag=2)
[coast] !!! COLLISION ENV/ground at t=18.1s (ag=2)
[coast] !!! COLLISION ENV/ground at t=18.1s (ag=2)
[coast] !!! COLLISION ENV/ground at t=18.1s (ag=2)
[coast] !!! COLLISION ENV/ground at t=18.1s (ag=2)
[coast] !!! COLLISION ENV/ground at t=18.1s (ag=2)
[coast] !!! COLLISION ENV/ground at t=18.1s (ag=2)
[coast] !!! COLLISION ENV/ground at t=18.2s (ag=2)
[coast] !!! COLLISION ENV/ground at t=18.2s (ag=2)
[coast] !!! COLLISION ENV/ground at t=18.2s (ag=2)
[coast] !!! COLLISION ENV/ground at t=18.2s (ag=2)
[coast] !!! COLLISION ENV/ground at t=18.2s (ag=2)
[coast] !!! COLLISION ENV/ground at t=18.2s (ag=2)
[coast] !!! COLLISION ENV/ground at t=18.2s (ag=2)
[coast] !!! COLLISION ENV/ground at t=18.2s (ag=2)
[coast] !!! COLLISION ENV/ground at t=18.2s (ag=2)
[coast] !!! COLLISION ENV/ground at t=18.2s (ag=2)
[coast] !!! COLLISION ENV/ground at t=18.2s (ag=2)
[coast] !!! COLLISION ENV/ground at t=18.2s (ag=2)
[coast] !!! COLLISION ENV/ground at t=18.2s (ag=2)
[coast] !!! COLLISION ENV/ground at t=18.2s (ag=2)
[coast] !!! COLLISION ENV/ground at t=18.2s (ag=2)
[coast] !!! COLLISION ENV/ground at t=18.2s (ag=2)
[coast] !!! COLLISION ENV/ground at t=18.3s (ag=2)
[coast] !!! COLLISION ENV/ground at t=18.3s (ag=2)
[coast] !!! COLLISION ENV/ground at t=18.3s (ag=2)
[coast] !!! COLLISION ENV/ground at t=18.3s (ag=2)
[coast] !!! COLLISION ENV/ground at t=18.3s (ag=2)
[coast] !!! COLLISION ENV/ground at t=18.3s (ag=2)
[coast] !!! COLLISION ENV/ground at t=18.3s (ag=2)
[coast] !!! COLLISION ENV/ground at t=18.3s (ag=2)
[coast] !!! COLLISION ENV/ground at t=18.3s (ag=2)
[coast] !!! COLLISION ENV/ground at t=18.3s (ag=2)
[tube] seg3/bank2 ag=2 thr=0.250 LADDER leg2 -0.0240 VERT trim=-0.0013(coasting 2.9s) | [COMMIT] RAIL[NO-LOCK] found=0 rms=0.00px rows=0 sep=0.000 u=+0.000 vconv=+0.000 | GATE -- | uLat=+0.000 desR=-0.0(ff-0.0+0.0) estR=+9.9 estP=-1.5 |a|=1.01g dimu=2398 loop=112Hz det=112Hz
[coast] !!! COLLISION ENV/ground at t=18.3s (ag=2)
[coast] !!! COLLISION ENV/ground at t=18.3s (ag=2)
[coast] !!! COLLISION ENV/ground at t=18.3s (ag=2)
[coast] !!! COLLISION ENV/ground at t=18.3s (ag=2)
[coast] !!! COLLISION ENV/ground at t=18.3s (ag=2)
[coast] !!! COLLISION ENV/ground at t=18.4s (ag=2)
[coast] !!! COLLISION ENV/ground at t=18.4s (ag=2)
[coast] !!! COLLISION ENV/ground at t=18.4s (ag=2)
[coast] !!! COLLISION ENV/ground at t=18.4s (ag=2)
[coast] !!! COLLISION ENV/ground at t=18.4s (ag=2)
[coast] !!! COLLISION ENV/ground at t=18.4s (ag=2)
[coast] !!! COLLISION ENV/ground at t=18.4s (ag=2)
[coast] !!! COLLISION ENV/ground at t=18.4s (ag=2)
[coast] !!! COLLISION ENV/ground at t=18.4s (ag=2)
[coast] !!! COLLISION ENV/ground at t=18.4s (ag=2)
[coast] !!! COLLISION ENV/ground at t=18.4s (ag=2)
[coast] !!! COLLISION ENV/ground at t=18.4s (ag=2)
[coast] !!! COLLISION ENV/ground at t=18.4s (ag=2)
[coast] !!! COLLISION ENV/ground at t=18.4s (ag=2)
[coast] !!! COLLISION ENV/ground at t=18.5s (ag=2)
[coast] !!! COLLISION ENV/ground at t=18.5s (ag=2)
[coast] !!! COLLISION ENV/ground at t=18.5s (ag=2)
[coast] !!! COLLISION ENV/ground at t=18.5s (ag=2)
[coast] !!! COLLISION ENV/ground at t=18.5s (ag=2)
[coast] !!! COLLISION ENV/ground at t=18.5s (ag=2)
[coast] !!! COLLISION ENV/ground at t=18.5s (ag=2)
[coast] !!! COLLISION ENV/ground at t=18.5s (ag=2)
[coast] !!! COLLISION ENV/ground at t=18.5s (ag=2)
[coast] !!! COLLISION ENV/ground at t=18.5s (ag=2)
[coast] !!! COLLISION ENV/ground at t=18.5s (ag=2)
[coast] !!! COLLISION ENV/ground at t=18.5s (ag=2)
[coast] !!! COLLISION ENV/ground at t=18.5s (ag=2)
[coast] !!! COLLISION ENV/ground at t=18.5s (ag=2)
[coast] !!! COLLISION ENV/ground at t=18.5s (ag=2)
[coast] !!! COLLISION ENV/ground at t=18.5s (ag=2)
[coast] !!! COLLISION ENV/ground at t=18.6s (ag=2)
[coast] !!! COLLISION ENV/ground at t=18.6s (ag=2)
[coast] !!! COLLISION ENV/ground at t=18.6s (ag=2)
[coast] !!! COLLISION ENV/ground at t=18.6s (ag=2)
[tube] seg3/bank2 ag=2 thr=0.250 LADDER leg2 -0.0240 VERT trim=-0.0011(coasting 3.2s) | [COMMIT] RAIL[NO-LOCK] found=0 rms=0.00px rows=0 sep=0.000 u=+0.000 vconv=+0.000 | GATE -- | uLat=+0.000 desR=-0.0(ff-0.0+0.0) estR=+12.9 estP=-1.6 |a|=1.00g dimu=2429 loop=112Hz det=112Hz
[coast] !!! COLLISION ENV/ground at t=18.6s (ag=2)
[coast] !!! COLLISION ENV/ground at t=18.6s (ag=2)
[coast] !!! COLLISION ENV/ground at t=18.6s (ag=2)
[coast] !!! COLLISION ENV/ground at t=18.6s (ag=2)
[coast] !!! COLLISION ENV/ground at t=18.6s (ag=2)
[coast] !!! COLLISION ENV/ground at t=18.6s (ag=2)
[coast] !!! COLLISION ENV/ground at t=18.6s (ag=2)
[coast] !!! COLLISION ENV/ground at t=18.6s (ag=2)
[coast] !!! COLLISION ENV/ground at t=18.6s (ag=2)
[coast] !!! COLLISION ENV/ground at t=18.6s (ag=2)
[coast] !!! COLLISION ENV/ground at t=18.6s (ag=2)
[coast] !!! COLLISION ENV/ground at t=18.7s (ag=2)
[coast] !!! COLLISION ENV/ground at t=18.7s (ag=2)
[coast] !!! COLLISION ENV/ground at t=18.7s (ag=2)
[coast] !!! COLLISION ENV/ground at t=18.7s (ag=2)
[coast] !!! COLLISION ENV/ground at t=18.7s (ag=2)
[coast] !!! COLLISION ENV/ground at t=18.7s (ag=2)
[coast] !!! COLLISION ENV/ground at t=18.7s (ag=2)
[coast] !!! COLLISION ENV/ground at t=18.7s (ag=2)
[coast] !!! COLLISION ENV/ground at t=18.7s (ag=2)
[coast] !!! COLLISION ENV/ground at t=18.7s (ag=2)
[coast] !!! COLLISION ENV/ground at t=18.7s (ag=2)
[coast] !!! COLLISION ENV/ground at t=18.7s (ag=2)
[coast] !!! COLLISION ENV/ground at t=18.7s (ag=2)
[coast] !!! COLLISION ENV/ground at t=18.7s (ag=2)
[coast] !!! COLLISION ENV/ground at t=18.7s (ag=2)
[coast] !!! COLLISION ENV/ground at t=18.8s (ag=2)
[coast] !!! COLLISION ENV/ground at t=18.8s (ag=2)
[coast] !!! COLLISION ENV/ground at t=18.8s (ag=2)
[coast] !!! COLLISION ENV/ground at t=18.8s (ag=2)
[coast] !!! COLLISION ENV/ground at t=18.8s (ag=2)
[coast] !!! COLLISION ENV/ground at t=18.8s (ag=2)
[coast] !!! COLLISION ENV/ground at t=18.8s (ag=2)
[coast] !!! COLLISION ENV/ground at t=18.8s (ag=2)
[coast] !!! COLLISION ENV/ground at t=18.8s (ag=2)
[coast] !!! COLLISION ENV/ground at t=18.8s (ag=2)
[coast] !!! COLLISION ENV/ground at t=18.8s (ag=2)
[tube] seg3/bank2 ag=2 thr=0.250 LADDER leg2 -0.0240 VERT trim=-0.0009(coasting 3.5s) | [COMMIT] RAIL[NO-LOCK] found=0 rms=0.00px rows=0 sep=0.000 u=+0.000 vconv=+0.000 | GATE -- | uLat=+0.000 desR=-0.0(ff-0.0+0.0) estR=+17.6 estP=-1.6 |a|=0.99g dimu=2458 loop=112Hz det=112Hz
[coast] !!! COLLISION ENV/ground at t=18.8s (ag=2)
[coast] !!! COLLISION ENV/ground at t=18.8s (ag=2)
[coast] !!! COLLISION ENV/ground at t=18.8s (ag=2)
[coast] !!! COLLISION ENV/ground at t=18.9s (ag=2)
[coast] !!! COLLISION ENV/ground at t=18.9s (ag=2)
[coast] !!! COLLISION ENV/ground at t=18.9s (ag=2)
[coast] !!! COLLISION ENV/ground at t=18.9s (ag=2)
[coast] !!! COLLISION ENV/ground at t=18.9s (ag=2)
[coast] !!! COLLISION ENV/ground at t=18.9s (ag=2)
[coast] !!! COLLISION ENV/ground at t=18.9s (ag=2)
[coast] !!! COLLISION ENV/ground at t=18.9s (ag=2)
[coast] !!! COLLISION ENV/ground at t=18.9s (ag=2)
[coast] !!! COLLISION ENV/ground at t=18.9s (ag=2)
[coast] !!! COLLISION ENV/ground at t=18.9s (ag=2)
[coast] !!! COLLISION ENV/ground at t=18.9s (ag=2)
[coast] !!! COLLISION ENV/ground at t=18.9s (ag=2)
[coast] !!! COLLISION ENV/ground at t=18.9s (ag=2)
[coast] !!! COLLISION ENV/ground at t=18.9s (ag=2)
[coast] !!! COLLISION ENV/ground at t=18.9s (ag=2)
[coast] !!! COLLISION ENV/ground at t=19.0s (ag=2)
[coast] !!! COLLISION ENV/ground at t=19.0s (ag=2)
[coast] !!! COLLISION ENV/ground at t=19.0s (ag=2)
[coast] !!! COLLISION ENV/ground at t=19.0s (ag=2)
[coast] !!! COLLISION ENV/ground at t=19.0s (ag=2)
[coast] !!! COLLISION ENV/ground at t=19.0s (ag=2)
[coast] !!! COLLISION ENV/ground at t=19.0s (ag=2)
[coast] !!! COLLISION ENV/ground at t=19.0s (ag=2)
[coast] !!! COLLISION ENV/ground at t=19.0s (ag=2)
[coast] !!! COLLISION ENV/ground at t=19.0s (ag=2)
[coast] !!! COLLISION ENV/ground at t=19.0s (ag=2)
[coast] !!! COLLISION ENV/ground at t=19.0s (ag=2)
[coast] !!! COLLISION ENV/ground at t=19.0s (ag=2)
[coast] !!! COLLISION ENV/ground at t=19.0s (ag=2)
[coast] !!! COLLISION ENV/ground at t=19.0s (ag=2)
[coast] !!! COLLISION ENV/ground at t=19.0s (ag=2)
[coast] !!! COLLISION ENV/ground at t=19.1s (ag=2)
[coast] !!! COLLISION ENV/ground at t=19.1s (ag=2)
[coast] !!! COLLISION ENV/ground at t=19.1s (ag=2)
[coast] !!! COLLISION ENV/ground at t=19.1s (ag=2)
[coast] !!! COLLISION ENV/ground at t=19.1s (ag=2)
[tube] seg3/bank2 ag=2 thr=0.250 LADDER leg2 -0.0240 VERT trim=-0.0008(coasting 3.7s) | [COMMIT] RAIL[NO-LOCK] found=0 rms=0.00px rows=0 sep=0.000 u=+0.000 vconv=+0.000 | GATE -- | uLat=+0.000 desR=-0.0(ff-0.0+0.0) estR=+23.6 estP=-1.9 |a|=1.00g dimu=2487 loop=112Hz det=112Hz
[coast] !!! COLLISION ENV/ground at t=19.1s (ag=2)
[coast] !!! COLLISION ENV/ground at t=19.1s (ag=2)
[coast] !!! COLLISION ENV/ground at t=19.1s (ag=2)
[coast] !!! COLLISION ENV/ground at t=19.1s (ag=2)
[coast] !!! COLLISION ENV/ground at t=19.1s (ag=2)
[coast] !!! COLLISION ENV/ground at t=19.1s (ag=2)
[coast] !!! COLLISION ENV/ground at t=19.1s (ag=2)
[coast] !!! COLLISION ENV/ground at t=19.1s (ag=2)
[coast] !!! COLLISION ENV/ground at t=19.1s (ag=2)
[coast] !!! COLLISION ENV/ground at t=19.1s (ag=2)
[coast] !!! COLLISION ENV/ground at t=19.2s (ag=2)
[coast] !!! COLLISION ENV/ground at t=19.2s (ag=2)
[coast] !!! COLLISION ENV/ground at t=19.2s (ag=2)
[coast] !!! COLLISION ENV/ground at t=19.2s (ag=2)
[coast] !!! COLLISION ENV/ground at t=19.2s (ag=2)
[coast] !!! COLLISION ENV/ground at t=19.2s (ag=2)
[coast] !!! COLLISION ENV/ground at t=19.2s (ag=2)
[coast] !!! COLLISION ENV/ground at t=19.2s (ag=2)
[coast] !!! COLLISION ENV/ground at t=19.2s (ag=2)
[coast] !!! COLLISION ENV/ground at t=19.2s (ag=2)
[coast] !!! COLLISION ENV/ground at t=19.2s (ag=2)
[coast] !!! COLLISION ENV/ground at t=19.2s (ag=2)
[coast] !!! COLLISION ENV/ground at t=19.2s (ag=2)
[coast] !!! COLLISION ENV/ground at t=19.2s (ag=2)
[coast] !!! COLLISION ENV/ground at t=19.2s (ag=2)
[coast] !!! COLLISION ENV/ground at t=19.3s (ag=2)
[coast] !!! COLLISION ENV/ground at t=19.3s (ag=2)
[coast] !!! COLLISION ENV/ground at t=19.3s (ag=2)
[coast] !!! COLLISION ENV/ground at t=19.3s (ag=2)
[coast] !!! COLLISION ENV/ground at t=19.3s (ag=2)
[coast] !!! COLLISION ENV/ground at t=19.3s (ag=2)
[coast] !!! COLLISION ENV/ground at t=19.3s (ag=2)
[coast] !!! COLLISION ENV/ground at t=19.3s (ag=2)
[coast] !!! COLLISION ENV/ground at t=19.3s (ag=2)
[coast] !!! COLLISION ENV/ground at t=19.3s (ag=2)
[coast] !!! COLLISION ENV/ground at t=19.3s (ag=2)
[coast] !!! COLLISION ENV/ground at t=19.3s (ag=2)
[coast] !!! COLLISION ENV/ground at t=19.3s (ag=2)
[coast] !!! COLLISION ENV/ground at t=19.3s (ag=2)
[tube] seg3/bank2 ag=2 thr=0.250 LADDER leg2 -0.0240 VERT trim=-0.0007(coasting 4.0s) | [COMMIT] RAIL[NO-LOCK] found=0 rms=0.00px rows=0 sep=0.000 u=+0.000 vconv=+0.000 | GATE -- | uLat=+0.000 desR=-0.0(ff-0.0+0.0) estR=+31.1 estP=-2.0 |a|=1.00g dimu=2517 loop=111Hz det=111Hz
[coast] !!! COLLISION ENV/ground at t=19.3s (ag=2)
[coast] !!! COLLISION ENV/ground at t=19.4s (ag=2)
[coast] !!! COLLISION ENV/ground at t=19.4s (ag=2)
[coast] !!! COLLISION ENV/ground at t=19.4s (ag=2)
[coast] !!! COLLISION ENV/ground at t=19.4s (ag=2)
[coast] !!! COLLISION ENV/ground at t=19.4s (ag=2)
[coast] !!! COLLISION ENV/ground at t=19.4s (ag=2)
[coast] !!! COLLISION ENV/ground at t=19.4s (ag=2)
[coast] !!! COLLISION ENV/ground at t=19.4s (ag=2)
[coast] !!! COLLISION ENV/ground at t=19.4s (ag=2)
[coast] !!! COLLISION ENV/ground at t=19.4s (ag=2)
[coast] !!! COLLISION ENV/ground at t=19.4s (ag=2)
[coast] !!! COLLISION ENV/ground at t=19.4s (ag=2)
[coast] !!! COLLISION ENV/ground at t=19.4s (ag=2)
[coast] !!! COLLISION ENV/ground at t=19.4s (ag=2)
[coast] !!! COLLISION ENV/ground at t=19.4s (ag=2)
[coast] !!! COLLISION ENV/ground at t=19.5s (ag=2)
[coast] !!! COLLISION ENV/ground at t=19.5s (ag=2)
[coast] !!! COLLISION ENV/ground at t=19.5s (ag=2)
[coast] !!! COLLISION ENV/ground at t=19.5s (ag=2)
[coast] !!! COLLISION ENV/ground at t=19.5s (ag=2)
[coast] !!! COLLISION ENV/ground at t=19.5s (ag=2)
[coast] !!! COLLISION ENV/ground at t=19.5s (ag=2)
[coast] !!! COLLISION ENV/ground at t=19.5s (ag=2)
[coast] !!! COLLISION ENV/ground at t=19.5s (ag=2)
[coast] !!! COLLISION ENV/ground at t=19.5s (ag=2)
[coast] !!! COLLISION ENV/ground at t=19.5s (ag=2)
[coast] !!! COLLISION ENV/ground at t=19.5s (ag=2)
[coast] !!! COLLISION ENV/ground at t=19.5s (ag=2)
[coast] !!! COLLISION ENV/ground at t=19.5s (ag=2)
[coast] !!! COLLISION ENV/ground at t=19.5s (ag=2)
[coast] !!! COLLISION ENV/ground at t=19.6s (ag=2)
[coast] !!! COLLISION ENV/ground at t=19.6s (ag=2)
[coast] !!! COLLISION ENV/ground at t=19.6s (ag=2)
[coast] !!! COLLISION ENV/ground at t=19.6s (ag=2)
[coast] !!! COLLISION ENV/ground at t=19.6s (ag=2)
[coast] !!! COLLISION ENV/ground at t=19.6s (ag=2)
[tube] seg3/bank2 ag=2 thr=0.250 LADDER leg2 -0.0240 VERT trim=-0.0006(coasting 4.2s) | [COMMIT] RAIL[NO-LOCK] found=0 rms=0.00px rows=0 sep=0.000 u=+0.000 vconv=+0.000 | GATE -- | uLat=+0.000 desR=-0.0(ff-0.0+0.0) estR=+38.9 estP=-2.5 |a|=1.00g dimu=2546 loop=111Hz det=111Hz
[coast] !!! COLLISION ENV/ground at t=19.6s (ag=2)
[coast] !!! COLLISION ENV/ground at t=19.6s (ag=2)
[coast] !!! COLLISION ENV/ground at t=19.6s (ag=2)
[coast] !!! COLLISION ENV/ground at t=19.6s (ag=2)
[coast] !!! COLLISION ENV/ground at t=19.6s (ag=2)
[coast] !!! COLLISION ENV/ground at t=19.6s (ag=2)
[coast] !!! COLLISION ENV/ground at t=19.6s (ag=2)
[coast] !!! COLLISION ENV/ground at t=19.6s (ag=2)
[coast] !!! COLLISION ENV/ground at t=19.7s (ag=2)
[coast] !!! COLLISION ENV/ground at t=19.7s (ag=2)
[coast] !!! COLLISION ENV/ground at t=19.7s (ag=2)
[coast] !!! COLLISION ENV/ground at t=19.7s (ag=2)
[coast] !!! COLLISION ENV/ground at t=19.7s (ag=2)
[coast] !!! COLLISION ENV/ground at t=19.7s (ag=2)
[coast] !!! COLLISION ENV/ground at t=19.7s (ag=2)
[coast] !!! COLLISION ENV/ground at t=19.7s (ag=2)
[coast] !!! COLLISION ENV/ground at t=19.7s (ag=2)
[coast] !!! COLLISION ENV/ground at t=19.7s (ag=2)
[coast] !!! COLLISION ENV/ground at t=19.7s (ag=2)
[coast] !!! COLLISION ENV/ground at t=19.7s (ag=2)
[coast] !!! COLLISION ENV/ground at t=19.7s (ag=2)
[coast] !!! COLLISION ENV/ground at t=19.7s (ag=2)
[coast] !!! COLLISION ENV/ground at t=19.7s (ag=2)
[coast] !!! COLLISION ENV/ground at t=19.7s (ag=2)
[coast] !!! COLLISION ENV/ground at t=19.8s (ag=2)
[coast] !!! COLLISION ENV/ground at t=19.8s (ag=2)
[coast] !!! COLLISION ENV/ground at t=19.8s (ag=2)
[coast] !!! COLLISION ENV/ground at t=19.8s (ag=2)
[coast] !!! COLLISION ENV/ground at t=19.8s (ag=2)
[coast] !!! COLLISION ENV/ground at t=19.8s (ag=2)
[coast] !!! COLLISION ENV/ground at t=19.8s (ag=2)
[coast] !!! COLLISION ENV/ground at t=19.8s (ag=2)
[coast] !!! COLLISION ENV/ground at t=19.8s (ag=2)
[coast] !!! COLLISION ENV/ground at t=19.8s (ag=2)
[coast] !!! COLLISION ENV/ground at t=19.8s (ag=2)
[coast] !!! COLLISION ENV/ground at t=19.8s (ag=2)
[coast] !!! COLLISION ENV/ground at t=19.8s (ag=2)
[coast] !!! COLLISION ENV/ground at t=19.8s (ag=2)
[coast] !!! COLLISION ENV/ground at t=19.8s (ag=2)
[tube] seg3/bank2 ag=2 thr=0.251 LADDER leg2 -0.0240 VERT trim=-0.0005(coasting 4.5s) | [COMMIT] RAIL[NO-LOCK] found=0 rms=0.00px rows=0 sep=0.000 u=+0.000 vconv=+0.000 | GATE -- | uLat=+0.000 desR=-0.0(ff-0.0+0.0) estR=+45.9 estP=-2.8 |a|=0.76g dimu=2576 loop=111Hz det=111Hz
[coast] !!! COLLISION ENV/ground at t=19.9s (ag=2)
[coast] !!! COLLISION ENV/ground at t=19.9s (ag=2)
[coast] !!! COLLISION ENV/ground at t=19.9s (ag=2)
[coast] !!! COLLISION ENV/ground at t=19.9s (ag=2)
[coast] !!! COLLISION ENV/ground at t=19.9s (ag=2)
[coast] !!! COLLISION ENV/ground at t=19.9s (ag=2)
[coast] !!! COLLISION ENV/ground at t=19.9s (ag=2)
[coast] !!! COLLISION ENV/ground at t=19.9s (ag=2)
[coast] !!! COLLISION ENV/ground at t=19.9s (ag=2)
[coast] !!! COLLISION ENV/ground at t=19.9s (ag=2)
[coast] !!! COLLISION ENV/ground at t=19.9s (ag=2)
[coast] !!! COLLISION ENV/ground at t=19.9s (ag=2)
[coast] !!! COLLISION ENV/ground at t=19.9s (ag=2)
[coast] !!! COLLISION ENV/ground at t=19.9s (ag=2)
[coast] !!! COLLISION ENV/ground at t=19.9s (ag=2)
[coast] !!! COLLISION ENV/ground at t=20.0s (ag=2)
[tube] >>> seg -> 4 (TIME fallback) t=20.0s
[coast] !!! COLLISION ENV/ground at t=20.0s (ag=2)
[coast] !!! COLLISION ENV/ground at t=20.0s (ag=2)
[coast] !!! COLLISION ENV/ground at t=20.0s (ag=2)
[tube] seg4/bank0 ag=0 thr=0.280 LADDER leg0 --0.0050 VERT trim=-0.0004(coasting 4.7s) | [steer ] RAIL[NO-LOCK] found=0 rms=0.00px rows=0 sep=0.000 u=+0.000 vconv=+0.000 | GATE -- | uLat=+0.000 desR=+0.0(ff+0.0+0.0) estR=+37.7 estP=-1.6 |a|=1.04g dimu=2605 loop=111Hz det=111Hz
[tube] seg4/bank0 ag=0 thr=0.280 LADDER leg0 --0.0050 VERT trim=-0.0003(coasting 5.0s) | [steer ] RAIL[NO-LOCK] found=0 rms=0.00px rows=0 sep=0.000 u=+0.000 vconv=+0.000 | GATE -- | uLat=+0.000 desR=+0.0(ff+0.0+0.0) estR=+21.8 estP=-0.4 |a|=1.04g dimu=2635 loop=113Hz det=113Hz
[tube] seg4/bank0 ag=0 thr=0.280 LADDER leg0 --0.0050 VERT trim=-0.0003(coasting 5.2s) | [steer ] RAIL[NO-LOCK] found=0 rms=0.00px rows=0 sep=0.000 u=+0.000 vconv=+0.000 | GATE -- | uLat=+0.000 desR=+0.0(ff+0.0+0.0) estR=+12.1 estP=-0.1 |a|=1.06g dimu=2665 loop=113Hz det=113Hz
[tube] seg4/bank0 ag=0 thr=0.280 LADDER leg0 --0.0050 VERT trim=-0.0002(coasting 5.5s) | [steer ] RAIL[NO-LOCK] found=0 rms=0.00px rows=0 sep=0.000 u=+0.000 vconv=+0.000 | GATE -- | uLat=+0.000 desR=+0.0(ff+0.0+0.0) estR=+6.4 estP=-0.0 |a|=1.07g dimu=2694 loop=113Hz det=113Hz
[tube] seg4/bank0 ag=0 thr=0.280 LADDER leg0 --0.0050 VERT trim=-0.0002(coasting 5.8s) | [steer ] RAIL[NO-LOCK] found=0 rms=0.00px rows=0 sep=0.000 u=+0.000 vconv=+0.000 | GATE -- | uLat=+0.000 desR=+0.0(ff+0.0+0.0) estR=+3.4 estP=-0.0 |a|=1.07g dimu=2724 loop=113Hz det=113Hz
[tube] seg4/bank0 ag=0 thr=0.280 LADDER leg0 --0.0050 VERT trim=-0.0002(coasting 6.0s) | [steer ] RAIL[NO-LOCK] found=0 rms=0.00px rows=0 sep=0.000 u=+0.000 vconv=+0.000 | GATE -- | uLat=+0.000 desR=+0.0(ff+0.0+0.0) estR=+1.6 estP=-0.0 |a|=1.06g dimu=2753 loop=96Hz det=96Hz
[coast] !!! COLLISION GATE at t=21.4s (ag=0)
[coast] !!! COLLISION GATE at t=21.4s (ag=0)
[coast] !!! COLLISION GATE at t=21.4s (ag=0)
[coast] !!! COLLISION GATE at t=21.4s (ag=0)
[coast] !!! COLLISION GATE at t=21.4s (ag=0)
[coast] !!! COLLISION GATE at t=21.4s (ag=0)
[tube] seg4/bank0 ag=0 thr=0.280 LADDER leg0 --0.0050 VERT trim=-0.0001(coasting 6.3s) | [steer ] RAIL[NO-LOCK] found=0 rms=0.00px rows=0 sep=0.000 u=+0.000 vconv=+0.000 | GATE -- | uLat=+0.000 desR=+0.0(ff+0.0+0.0) estR=+3.1 estP=-2.5 |a|=0.98g dimu=2782 loop=96Hz det=96Hz
[tube] seg4/bank0 ag=0 thr=0.280 LADDER leg0 --0.0050 VERT trim=-0.0001(coasting 6.5s) | [steer ] RAIL[NO-LOCK] found=0 rms=0.00px rows=0 sep=0.000 u=+0.000 vconv=+0.000 | GATE -- | uLat=+0.000 desR=+0.0(ff+0.0+0.0) estR=+1.5 estP=-1.4 |a|=1.05g dimu=2811 loop=96Hz det=96Hz
[tube] seg4/bank0 ag=0 thr=0.280 LADDER leg0 --0.0050 VERT trim=-0.0001(coasting 6.8s) | [steer ] RAIL[NO-LOCK] found=0 rms=0.00px rows=0 sep=0.000 u=+0.000 vconv=+0.000 | GATE -- | uLat=+0.000 desR=+0.0(ff+0.0+0.0) estR=+0.6 estP=-0.8 |a|=1.06g dimu=2840 loop=96Hz det=96Hz
[tube] seg4/bank0 ag=0 thr=0.280 LADDER leg0 --0.0050 VERT trim=-0.0001(coasting 7.0s) | [steer ] RAIL[NO-LOCK] found=0 rms=0.00px rows=0 sep=0.000 u=+0.000 vconv=+0.000 | GATE -- | uLat=+0.000 desR=+0.0(ff+0.0+0.0) estR=-0.0 estP=-0.4 |a|=1.06g dimu=2871 loop=104Hz det=104Hz
[tube] seg4/bank0 ag=0 thr=0.280 LADDER leg0 --0.0050 VERT trim=-0.0001(coasting 7.3s) | [steer ] RAIL[NO-LOCK] found=0 rms=0.00px rows=0 sep=0.000 u=+0.000 vconv=+0.000 | GATE -- | uLat=+0.000 desR=+0.0(ff+0.0+0.0) estR=-0.4 estP=-0.3 |a|=1.05g dimu=2899 loop=104Hz det=104Hz
[tube] seg4/bank0 ag=0 thr=0.280 LADDER leg0 --0.0050 VERT trim=-0.0001(coasting 7.5s) | [steer ] RAIL[NO-LOCK] found=0 rms=0.00px rows=0 sep=0.000 u=+0.000 vconv=+0.000 | GATE -- | uLat=+0.000 desR=+0.0(ff+0.0+0.0) estR=-0.7 estP=-0.2 |a|=1.05g dimu=2929 loop=104Hz det=104Hz
[tube] seg4/bank0 ag=0 thr=0.280 LADDER leg0 --0.0050 VERT trim=-0.0001(coasting 7.8s) | [steer ] RAIL[NO-LOCK] found=0 rms=0.00px rows=0 sep=0.000 u=+0.000 vconv=+0.000 | GATE -- | uLat=+0.000 desR=+0.0(ff+0.0+0.0) estR=-1.1 estP=-0.1 |a|=1.04g dimu=2959 loop=104Hz det=104Hz
[tube] seg4/bank0 ag=0 thr=0.280 LADDER leg0 --0.0050 VERT trim=-0.0000(coasting 8.0s) | [steer ] RAIL[NO-LOCK] found=0 rms=0.00px rows=0 sep=0.000 u=+0.000 vconv=+0.000 | GATE -- | uLat=+0.000 desR=+0.0(ff+0.0+0.0) estR=-1.4 estP=-0.1 |a|=1.04g dimu=2988 loop=104Hz det=104Hz
[tube] seg4/bank0 ag=0 thr=0.280 LADDER leg0 --0.0050 VERT trim=-0.0000(coasting 8.3s) | [steer ] RAIL[NO-LOCK] found=0 rms=0.00px rows=0 sep=0.000 u=+0.000 vconv=+0.000 | GATE -- | uLat=+0.000 desR=+0.0(ff+0.0+0.0) estR=-1.7 estP=-0.1 |a|=1.03g dimu=3016 loop=104Hz det=104Hz
[tube] seg4/bank0 ag=0 thr=0.280 LADDER leg0 --0.0050 VERT trim=-0.0000(coasting 8.5s) | [steer ] RAIL[NO-LOCK] found=0 rms=0.00px rows=0 sep=0.000 u=+0.000 vconv=+0.000 | GATE -- | uLat=+0.000 desR=+0.0(ff+0.0+0.0) estR=-2.1 estP=-0.0 |a|=1.04g dimu=3045 loop=104Hz det=104Hz
[tube] seg4/bank0 ag=0 thr=0.280 LADDER leg0 --0.0050 VERT trim=-0.0000(coasting 8.8s) | [steer ] RAIL[NO-LOCK] found=0 rms=0.00px rows=0 sep=0.000 u=+0.000 vconv=+0.000 | GATE -- | uLat=+0.000 desR=+0.0(ff+0.0+0.0) estR=-2.4 estP=-0.0 |a|=1.03g dimu=3076 loop=104Hz det=104Hz
[tube] >>> seg -> 5 (TIME fallback) t=24.2s
[tube] seg5/bank0 ag=0 thr=0.280 LADDER leg0 --0.0050 VERT trim=-0.0000(coasting 9.1s) | [steer ] RAIL[NO-LOCK] found=0 rms=0.00px rows=0 sep=0.000 u=+0.000 vconv=+0.000 | GATE -- | uLat=+0.000 desR=+0.0(ff+0.0+0.0) estR=-2.7 estP=-0.0 |a|=1.03g dimu=3105 loop=106Hz det=106Hz
[tube] seg5/bank0 ag=0 thr=0.280 LADDER leg0 --0.0050 VERT trim=-0.0000(coasting 9.3s) | [steer ] RAIL[NO-LOCK] found=0 rms=0.00px rows=0 sep=0.000 u=+0.000 vconv=+0.000 | GATE -- | uLat=+0.000 desR=+0.0(ff+0.0+0.0) estR=-3.1 estP=-0.0 |a|=1.03g dimu=3134 loop=106Hz det=106Hz
[tube] seg5/bank0 ag=0 thr=0.280 LADDER leg0 --0.0050 VERT trim=-0.0000(coasting 9.6s) | [steer ] RAIL[NO-LOCK] found=0 rms=0.00px rows=0 sep=0.000 u=+0.000 vconv=+0.000 | GATE -- | uLat=+0.000 desR=+0.0(ff+0.0+0.0) estR=-3.4 estP=-0.0 |a|=1.03g dimu=3164 loop=106Hz det=106Hz
[tube] seg5/bank0 ag=0 thr=0.280 LADDER leg0 --0.0050 VERT trim=-0.0000(coasting 9.8s) | [steer ] RAIL[NO-LOCK] found=0 rms=0.00px rows=0 sep=0.000 u=+0.000 vconv=+0.000 | GATE -- | uLat=+0.000 desR=+0.0(ff+0.0+0.0) estR=-3.8 estP=-0.0 |a|=1.02g dimu=3193 loop=106Hz det=106Hz
[tube] seg5/bank0 ag=0 thr=0.280 LADDER leg0 --0.0050 VERT trim=-0.0000(coasting 10.1s) | [steer ] RAIL[NO-LOCK] found=0 rms=0.00px rows=0 sep=0.000 u=+0.000 vconv=+0.000 | GATE -- | uLat=+0.000 desR=+0.0(ff+0.0+0.0) estR=-4.0 estP=-0.0 |a|=1.02g dimu=3222 loop=107Hz det=107Hz
[tube] seg5/bank0 ag=0 thr=0.280 LADDER leg0 --0.0050 VERT trim=-0.0000(coasting 10.3s) | [steer ] RAIL[NO-LOCK] found=0 rms=0.00px rows=0 sep=0.000 u=+0.000 vconv=+0.000 | GATE -- | uLat=+0.000 desR=+0.0(ff+0.0+0.0) estR=-4.3 estP=-0.0 |a|=1.02g dimu=3252 loop=107Hz det=107Hz
[tube] seg5/bank0 ag=0 thr=0.280 LADDER leg0 --0.0050 VERT trim=-0.0000(coasting 10.6s) | [steer ] RAIL[NO-LOCK] found=0 rms=0.00px rows=0 sep=0.000 u=+0.000 vconv=+0.000 | GATE -- | uLat=+0.000 desR=+0.0(ff+0.0+0.0) estR=-4.6 estP=-0.0 |a|=1.02g dimu=3281 loop=107Hz det=107Hz
[tube] seg5/bank0 ag=0 thr=0.280 LADDER leg0 --0.0050 VERT trim=-0.0000(coasting 10.8s) | [steer ] RAIL[NO-LOCK] found=0 rms=0.00px rows=0 sep=0.000 u=+0.000 vconv=+0.000 | GATE -- | uLat=+0.000 desR=+0.0(ff+0.0+0.0) estR=-4.8 estP=-0.0 |a|=1.02g dimu=3310 loop=107Hz det=107Hz
[tube] seg5/bank0 ag=0 thr=0.280 LADDER leg0 --0.0050 VERT trim=-0.0000(coasting 11.1s) | [steer ] RAIL[NO-LOCK] found=0 rms=0.00px rows=0 sep=0.000 u=+0.000 vconv=+0.000 | GATE -- | uLat=+0.000 desR=+0.0(ff+0.0+0.0) estR=-5.1 estP=-0.0 |a|=1.02g dimu=3340 loop=105Hz det=105Hz
[tube] seg5/bank0 ag=0 thr=0.280 LADDER leg0 --0.0050 VERT trim=-0.0000(coasting 11.3s) | [steer ] RAIL[NO-LOCK] found=0 rms=0.00px rows=0 sep=0.000 u=+0.000 vconv=+0.000 | GATE -- | uLat=+0.000 desR=+0.0(ff+0.0+0.0) estR=-5.3 estP=-0.0 |a|=1.02g dimu=3370 loop=105Hz det=105Hz
[tube] seg5/bank0 ag=0 thr=0.280 LADDER leg0 --0.0050 VERT trim=-0.0000(coasting 11.6s) | [steer ] RAIL[NO-LOCK] found=0 rms=0.00px rows=0 sep=0.000 u=+0.000 vconv=+0.000 | GATE -- | uLat=+0.000 desR=+0.0(ff+0.0+0.0) estR=-5.5 estP=-0.0 |a|=1.01g dimu=3399 loop=105Hz det=105Hz
[tube] seg5/bank0 ag=0 thr=0.280 LADDER leg0 --0.0050 VERT trim=-0.0000(coasting 11.9s) | [steer ] RAIL[NO-LOCK] found=0 rms=0.00px rows=0 sep=0.000 u=+0.000 vconv=+0.000 | GATE -- | uLat=+0.000 desR=+0.0(ff+0.0+0.0) estR=-5.7 estP=+0.0 |a|=1.01g dimu=3428 loop=107Hz det=107Hz
[tube] seg5/bank0 ag=0 thr=0.280 LADDER leg0 --0.0050 VERT trim=-0.0000(coasting 12.1s) | [steer ] RAIL[NO-LOCK] found=0 rms=0.00px rows=0 sep=0.000 u=+0.000 vconv=+0.000 | GATE -- | uLat=+0.000 desR=+0.0(ff+0.0+0.0) estR=-5.8 estP=+0.0 |a|=1.01g dimu=3457 loop=107Hz det=107Hz
[tube] seg5/bank0 ag=0 thr=0.280 LADDER leg0 --0.0050 VERT trim=-0.0000(coasting 12.4s) | [steer ] RAIL[NO-LOCK] found=0 rms=0.00px rows=0 sep=0.000 u=+0.000 vconv=+0.000 | GATE -- | uLat=+0.000 desR=+0.0(ff+0.0+0.0) estR=-6.0 estP=+0.0 |a|=1.01g dimu=3487 loop=107Hz det=107Hz
[tube] seg5/bank0 ag=0 thr=0.280 LADDER leg0 --0.0050 VERT trim=-0.0000(coasting 12.6s) | [steer ] RAIL[NO-LOCK] found=0 rms=0.00px rows=0 sep=0.000 u=+0.000 vconv=+0.000 | GATE -- | uLat=+0.000 desR=+0.0(ff+0.0+0.0) estR=-6.1 estP=+0.0 |a|=1.01g dimu=3516 loop=107Hz det=107Hz
[tube] seg5/bank0 ag=0 thr=0.280 LADDER leg0 --0.0050 VERT trim=-0.0000(coasting 12.9s) | [steer ] RAIL[NO-LOCK] found=0 rms=0.00px rows=0 sep=0.000 u=+0.000 vconv=+0.000 | GATE -- | uLat=+0.000 desR=+0.0(ff+0.0+0.0) estR=-6.3 estP=+0.0 |a|=1.01g dimu=3545 loop=106Hz det=106Hz
[tube] seg5/bank0 ag=0 thr=0.280 LADDER leg0 --0.0050 VERT trim=-0.0000(coasting 13.1s) | [steer ] RAIL[NO-LOCK] found=0 rms=0.00px rows=0 sep=0.000 u=+0.000 vconv=+0.000 | GATE -- | uLat=+0.000 desR=+0.0(ff+0.0+0.0) estR=-6.4 estP=+0.0 |a|=1.01g dimu=3575 loop=106Hz det=106Hz
[tube] seg5/bank0 ag=0 thr=0.280 LADDER leg0 --0.0050 VERT trim=-0.0000(coasting 13.4s) | [steer ] RAIL[NO-LOCK] found=0 rms=0.00px rows=0 sep=0.000 u=+0.000 vconv=+0.000 | GATE -- | uLat=+0.000 desR=+0.0(ff+0.0+0.0) estR=-6.5 estP=+0.0 |a|=1.01g dimu=3604 loop=106Hz det=106Hz
[tube] seg5/bank0 ag=0 thr=0.280 LADDER leg0 --0.0050 VERT trim=-0.0000(coasting 13.6s) | [steer ] RAIL[NO-LOCK] found=0 rms=0.00px rows=0 sep=0.000 u=+0.000 vconv=+0.000 | GATE -- | uLat=+0.000 desR=+0.0(ff+0.0+0.0) estR=-6.6 estP=+0.0 |a|=1.01g dimu=3634 loop=106Hz det=106Hz
[tube] seg5/bank0 ag=0 thr=0.280 LADDER leg0 --0.0050 VERT trim=-0.0000(coasting 13.9s) | [steer ] RAIL[NO-LOCK] found=0 rms=0.00px rows=0 sep=0.000 u=+0.000 vconv=+0.000 | GATE -- | uLat=+0.000 desR=+0.0(ff+0.0+0.0) estR=-6.6 estP=+0.0 |a|=1.01g dimu=3662 loop=107Hz det=107Hz
[tube] seg5/bank0 ag=0 thr=0.280 LADDER leg0 --0.0050 VERT trim=-0.0000(coasting 14.2s) | [steer ] RAIL[NO-LOCK] found=0 rms=0.00px rows=0 sep=0.000 u=+0.000 vconv=+0.000 | GATE -- | uLat=+0.000 desR=+0.0(ff+0.0+0.0) estR=-6.7 estP=+0.0 |a|=1.01g dimu=3691 loop=107Hz det=107Hz
[tube] seg5/bank0 ag=0 thr=0.280 LADDER leg0 --0.0050 VERT trim=-0.0000(coasting 14.4s) | [steer ] RAIL[NO-LOCK] found=0 rms=0.00px rows=0 sep=0.000 u=+0.000 vconv=+0.000 | GATE -- | uLat=+0.000 desR=+0.0(ff+0.0+0.0) estR=-6.8 estP=+0.0 |a|=1.01g dimu=3721 loop=107Hz det=107Hz
[tube] seg5/bank0 ag=0 thr=0.280 LADDER leg0 --0.0050 VERT trim=-0.0000(coasting 14.7s) | [steer ] RAIL[NO-LOCK] found=0 rms=0.00px rows=0 sep=0.000 u=+0.000 vconv=+0.000 | GATE -- | uLat=+0.000 desR=+0.0(ff+0.0+0.0) estR=-6.8 estP=+0.0 |a|=1.01g dimu=3750 loop=107Hz det=107Hz
[tube] seg5/bank0 ag=0 thr=0.280 LADDER leg0 --0.0050 VERT trim=-0.0000(coasting 14.9s) | [steer ] RAIL[NO-LOCK] found=0 rms=0.00px rows=0 sep=0.000 u=+0.000 vconv=+0.000 | GATE -- | uLat=+0.000 desR=+0.0(ff+0.0+0.0) estR=-6.9 estP=+0.0 |a|=1.01g dimu=3779 loop=106Hz det=106Hz
[tube] seg5/bank0 ag=0 thr=0.280 LADDER leg0 --0.0050 VERT trim=-0.0000(coasting 15.2s) | [steer ] RAIL[NO-LOCK] found=0 rms=0.00px rows=0 sep=0.000 u=+0.000 vconv=+0.000 | GATE -- | uLat=+0.000 desR=+0.0(ff+0.0+0.0) estR=-6.9 estP=+0.0 |a|=1.00g dimu=3808 loop=106Hz det=106Hz
[tube] seg5/bank0 ag=0 thr=0.280 LADDER leg0 --0.0050 VERT trim=-0.0000(coasting 15.4s) | [steer ] RAIL[NO-LOCK] found=0 rms=0.00px rows=0 sep=0.000 u=+0.000 vconv=+0.000 | GATE -- | uLat=+0.000 desR=+0.0(ff+0.0+0.0) estR=-7.0 estP=+0.0 |a|=1.00g dimu=3838 loop=106Hz det=106Hz
[tube] seg5/bank0 ag=0 thr=0.280 LADDER leg0 --0.0050 VERT trim=-0.0000(coasting 15.7s) | [steer ] RAIL[NO-LOCK] found=0 rms=0.00px rows=0 sep=0.000 u=+0.000 vconv=+0.000 | GATE -- | uLat=+0.000 desR=+0.0(ff+0.0+0.0) estR=-7.0 estP=+0.0 |a|=1.00g dimu=3866 loop=106Hz det=106Hz
[tube] seg5/bank0 ag=0 thr=0.280 LADDER leg0 --0.0050 VERT trim=-0.0000(coasting 15.9s) | [steer ] RAIL[NO-LOCK] found=0 rms=0.00px rows=0 sep=0.000 u=+0.000 vconv=+0.000 | GATE -- | uLat=+0.000 desR=+0.0(ff+0.0+0.0) estR=-7.1 estP=-0.0 |a|=1.00g dimu=3897 loop=108Hz det=108Hz
[tube] seg5/bank0 ag=0 thr=0.280 LADDER leg0 --0.0050 VERT trim=-0.0000(coasting 16.2s) | [steer ] RAIL[NO-LOCK] found=0 rms=0.00px rows=0 sep=0.000 u=+0.000 vconv=+0.000 | GATE -- | uLat=+0.000 desR=+0.0(ff+0.0+0.0) estR=-7.1 estP=-0.0 |a|=1.00g dimu=3926 loop=108Hz det=108Hz
[tube] seg5/bank0 ag=0 thr=0.280 LADDER leg0 --0.0050 VERT trim=-0.0000(coasting 16.4s) | [steer ] RAIL[NO-LOCK] found=0 rms=0.00px rows=0 sep=0.000 u=+0.000 vconv=+0.000 | GATE -- | uLat=+0.000 desR=+0.0(ff+0.0+0.0) estR=-7.1 estP=+0.0 |a|=1.00g dimu=3955 loop=108Hz det=108Hz
[tube] seg5/bank0 ag=0 thr=0.280 LADDER leg0 --0.0050 VERT trim=-0.0000(coasting 16.7s) | [steer ] RAIL[NO-LOCK] found=0 rms=0.00px rows=0 sep=0.000 u=+0.000 vconv=+0.000 | GATE -- | uLat=+0.000 desR=+0.0(ff+0.0+0.0) estR=-7.1 estP=+0.0 |a|=1.00g dimu=3985 loop=108Hz det=108Hz
[tube] seg5/bank0 ag=0 thr=0.280 LADDER leg0 --0.0050 VERT trim=-0.0000(coasting 17.0s) | [steer ] RAIL[NO-LOCK] found=0 rms=0.00px rows=0 sep=0.000 u=+0.000 vconv=+0.000 | GATE -- | uLat=+0.000 desR=+0.0(ff+0.0+0.0) estR=-7.2 estP=+0.0 |a|=1.00g dimu=4014 loop=110Hz det=110Hz
[tube] seg5/bank0 ag=0 thr=0.280 LADDER leg0 --0.0050 VERT trim=-0.0000(coasting 17.2s) | [steer ] RAIL[NO-LOCK] found=0 rms=0.00px rows=0 sep=0.000 u=+0.000 vconv=+0.000 | GATE -- | uLat=+0.000 desR=+0.0(ff+0.0+0.0) estR=-7.2 estP=+0.0 |a|=1.00g dimu=4044 loop=110Hz det=110Hz
[tube] seg5/bank0 ag=0 thr=0.280 LADDER leg0 --0.0050 VERT trim=-0.0000(coasting 17.5s) | [steer ] RAIL[NO-LOCK] found=0 rms=0.00px rows=0 sep=0.000 u=+0.000 vconv=+0.000 | GATE -- | uLat=+0.000 desR=+0.0(ff+0.0+0.0) estR=-7.2 estP=+0.0 |a|=1.00g dimu=4073 loop=110Hz det=110Hz
[tube] seg5/bank0 ag=0 thr=0.280 LADDER leg0 --0.0050 VERT trim=-0.0000(coasting 17.7s) | [steer ] RAIL[NO-LOCK] found=0 rms=0.00px rows=0 sep=0.000 u=+0.000 vconv=+0.000 | GATE -- | uLat=+0.000 desR=+0.0(ff+0.0+0.0) estR=-7.2 estP=+0.0 |a|=1.00g dimu=4102 loop=110Hz det=110Hz
[tube] seg5/bank0 ag=0 thr=0.280 LADDER leg0 --0.0050 VERT trim=-0.0000(coasting 18.0s) | [steer ] RAIL[NO-LOCK] found=0 rms=0.00px rows=0 sep=0.000 u=+0.000 vconv=+0.000 | GATE -- | uLat=+0.000 desR=+0.0(ff+0.0+0.0) estR=-7.2 estP=+0.0 |a|=1.00g dimu=4131 loop=110Hz det=110Hz
[tube] seg5/bank0 ag=0 thr=0.280 LADDER leg0 --0.0050 VERT trim=-0.0000(coasting 18.2s) | [steer ] RAIL[NO-LOCK] found=0 rms=0.00px rows=0 sep=0.000 u=+0.000 vconv=+0.000 | GATE -- | uLat=+0.000 desR=+0.0(ff+0.0+0.0) estR=-7.2 estP=+0.0 |a|=1.00g dimu=4161 loop=110Hz det=110Hz
[tube] seg5/bank0 ag=0 thr=0.280 LADDER leg0 --0.0050 VERT trim=-0.0000(coasting 18.5s) | [steer ] RAIL[NO-LOCK] found=0 rms=0.00px rows=0 sep=0.000 u=+0.000 vconv=+0.000 | GATE -- | uLat=+0.000 desR=+0.0(ff+0.0+0.0) estR=-7.2 estP=+0.0 |a|=1.00g dimu=4190 loop=110Hz det=110Hz
[tube] seg5/bank0 ag=0 thr=0.280 LADDER leg0 --0.0050 VERT trim=-0.0000(coasting 18.7s) | [steer ] RAIL[NO-LOCK] found=0 rms=0.00px rows=0 sep=0.000 u=+0.000 vconv=+0.000 | GATE -- | uLat=+0.000 desR=+0.0(ff+0.0+0.0) estR=-7.3 estP=+0.0 |a|=1.00g dimu=4219 loop=110Hz det=110Hz
[tube] seg5/bank0 ag=0 thr=0.280 LADDER leg0 --0.0050 VERT trim=-0.0000(coasting 19.0s) | [steer ] RAIL[NO-LOCK] found=0 rms=0.00px rows=0 sep=0.000 u=+0.000 vconv=+0.000 | GATE -- | uLat=+0.000 desR=+0.0(ff+0.0+0.0) estR=-7.3 estP=+0.0 |a|=1.00g dimu=4248 loop=111Hz det=111Hz
[tube] seg5/bank0 ag=0 thr=0.280 LADDER leg0 --0.0050 VERT trim=-0.0000(coasting 19.2s) | [steer ] RAIL[NO-LOCK] found=0 rms=0.00px rows=0 sep=0.000 u=+0.000 vconv=+0.000 | GATE -- | uLat=+0.000 desR=+0.0(ff+0.0+0.0) estR=-7.3 estP=+0.0 |a|=1.00g dimu=4278 loop=111Hz det=111Hz
[tube] seg5/bank0 ag=0 thr=0.280 LADDER leg0 --0.0050 VERT trim=-0.0000(coasting 19.5s) | [steer ] RAIL[NO-LOCK] found=0 rms=0.00px rows=0 sep=0.000 u=+0.000 vconv=+0.000 | GATE -- | uLat=+0.000 desR=+0.0(ff+0.0+0.0) estR=-7.3 estP=+0.0 |a|=1.00g dimu=4307 loop=111Hz det=111Hz
[tube] max flight 35.0s -- stop. seg=5 ag=0
[sched] throttle-0 + DISARM sent.
[tube] final active_gate=0  gates passed=0/6
